Archive member included to satisfy reference by file (symbol)

/mnt/c/SerranonOS/UEFI/vUDK2017/Build/DuetPkgX64/DEBUG_GCC5/X64/MdePkg/Library/BaseDebugPrintErrorLevelLib/BaseDebugPrintErrorLevelLib/OUTPUT/BaseDebugPrintErrorLevelLib.lib(BaseDebugPrintErrorLevelLib.obj)
                              (--whole-archive)
/mnt/c/SerranonOS/UEFI/vUDK2017/Build/DuetPkgX64/DEBUG_GCC5/X64/MdePkg/Library/BasePcdLibNull/BasePcdLibNull/OUTPUT/BasePcdLibNull.lib(PcdLib.obj)
                              (--whole-archive)
/mnt/c/SerranonOS/UEFI/vUDK2017/Build/DuetPkgX64/DEBUG_GCC5/X64/MdeModulePkg/Library/PeiDxeDebugLibReportStatusCode/PeiDxeDebugLibReportStatusCode/OUTPUT/PeiDxeDebugLibReportStatusCode.lib(DebugLib.obj)
                              (--whole-archive)
/mnt/c/SerranonOS/UEFI/vUDK2017/Build/DuetPkgX64/DEBUG_GCC5/X64/MdePkg/Library/BaseLib/BaseLib/OUTPUT/BaseLib.lib(CheckSum.obj)
                              (--whole-archive)
/mnt/c/SerranonOS/UEFI/vUDK2017/Build/DuetPkgX64/DEBUG_GCC5/X64/MdePkg/Library/BaseLib/BaseLib/OUTPUT/BaseLib.lib(SwitchStack.obj)
                              (--whole-archive)
/mnt/c/SerranonOS/UEFI/vUDK2017/Build/DuetPkgX64/DEBUG_GCC5/X64/MdePkg/Library/BaseLib/BaseLib/OUTPUT/BaseLib.lib(SwapBytes64.obj)
                              (--whole-archive)
/mnt/c/SerranonOS/UEFI/vUDK2017/Build/DuetPkgX64/DEBUG_GCC5/X64/MdePkg/Library/BaseLib/BaseLib/OUTPUT/BaseLib.lib(SwapBytes32.obj)
                              (--whole-archive)
/mnt/c/SerranonOS/UEFI/vUDK2017/Build/DuetPkgX64/DEBUG_GCC5/X64/MdePkg/Library/BaseLib/BaseLib/OUTPUT/BaseLib.lib(SwapBytes16.obj)
                              (--whole-archive)
/mnt/c/SerranonOS/UEFI/vUDK2017/Build/DuetPkgX64/DEBUG_GCC5/X64/MdePkg/Library/BaseLib/BaseLib/OUTPUT/BaseLib.lib(LongJump.obj)
                              (--whole-archive)
/mnt/c/SerranonOS/UEFI/vUDK2017/Build/DuetPkgX64/DEBUG_GCC5/X64/MdePkg/Library/BaseLib/BaseLib/OUTPUT/BaseLib.lib(SetJump.obj)
                              (--whole-archive)
/mnt/c/SerranonOS/UEFI/vUDK2017/Build/DuetPkgX64/DEBUG_GCC5/X64/MdePkg/Library/BaseLib/BaseLib/OUTPUT/BaseLib.lib(RShiftU64.obj)
                              (--whole-archive)
/mnt/c/SerranonOS/UEFI/vUDK2017/Build/DuetPkgX64/DEBUG_GCC5/X64/MdePkg/Library/BaseLib/BaseLib/OUTPUT/BaseLib.lib(RRotU64.obj)
                              (--whole-archive)
/mnt/c/SerranonOS/UEFI/vUDK2017/Build/DuetPkgX64/DEBUG_GCC5/X64/MdePkg/Library/BaseLib/BaseLib/OUTPUT/BaseLib.lib(RRotU32.obj)
                              (--whole-archive)
/mnt/c/SerranonOS/UEFI/vUDK2017/Build/DuetPkgX64/DEBUG_GCC5/X64/MdePkg/Library/BaseLib/BaseLib/OUTPUT/BaseLib.lib(MultU64x64.obj)
                              (--whole-archive)
/mnt/c/SerranonOS/UEFI/vUDK2017/Build/DuetPkgX64/DEBUG_GCC5/X64/MdePkg/Library/BaseLib/BaseLib/OUTPUT/BaseLib.lib(MultU64x32.obj)
                              (--whole-archive)
/mnt/c/SerranonOS/UEFI/vUDK2017/Build/DuetPkgX64/DEBUG_GCC5/X64/MdePkg/Library/BaseLib/BaseLib/OUTPUT/BaseLib.lib(MultS64x64.obj)
                              (--whole-archive)
/mnt/c/SerranonOS/UEFI/vUDK2017/Build/DuetPkgX64/DEBUG_GCC5/X64/MdePkg/Library/BaseLib/BaseLib/OUTPUT/BaseLib.lib(ModU64x32.obj)
                              (--whole-archive)
/mnt/c/SerranonOS/UEFI/vUDK2017/Build/DuetPkgX64/DEBUG_GCC5/X64/MdePkg/Library/BaseLib/BaseLib/OUTPUT/BaseLib.lib(LShiftU64.obj)
                              (--whole-archive)
/mnt/c/SerranonOS/UEFI/vUDK2017/Build/DuetPkgX64/DEBUG_GCC5/X64/MdePkg/Library/BaseLib/BaseLib/OUTPUT/BaseLib.lib(LRotU64.obj)
                              (--whole-archive)
/mnt/c/SerranonOS/UEFI/vUDK2017/Build/DuetPkgX64/DEBUG_GCC5/X64/MdePkg/Library/BaseLib/BaseLib/OUTPUT/BaseLib.lib(LRotU32.obj)
                              (--whole-archive)
/mnt/c/SerranonOS/UEFI/vUDK2017/Build/DuetPkgX64/DEBUG_GCC5/X64/MdePkg/Library/BaseLib/BaseLib/OUTPUT/BaseLib.lib(LowBitSet64.obj)
                              (--whole-archive)
/mnt/c/SerranonOS/UEFI/vUDK2017/Build/DuetPkgX64/DEBUG_GCC5/X64/MdePkg/Library/BaseLib/BaseLib/OUTPUT/BaseLib.lib(LowBitSet32.obj)
                              (--whole-archive)
/mnt/c/SerranonOS/UEFI/vUDK2017/Build/DuetPkgX64/DEBUG_GCC5/X64/MdePkg/Library/BaseLib/BaseLib/OUTPUT/BaseLib.lib(HighBitSet64.obj)
                              (--whole-archive)
/mnt/c/SerranonOS/UEFI/vUDK2017/Build/DuetPkgX64/DEBUG_GCC5/X64/MdePkg/Library/BaseLib/BaseLib/OUTPUT/BaseLib.lib(HighBitSet32.obj)
                              (--whole-archive)
/mnt/c/SerranonOS/UEFI/vUDK2017/Build/DuetPkgX64/DEBUG_GCC5/X64/MdePkg/Library/BaseLib/BaseLib/OUTPUT/BaseLib.lib(GetPowerOfTwo64.obj)
                              (--whole-archive)
/mnt/c/SerranonOS/UEFI/vUDK2017/Build/DuetPkgX64/DEBUG_GCC5/X64/MdePkg/Library/BaseLib/BaseLib/OUTPUT/BaseLib.lib(GetPowerOfTwo32.obj)
                              (--whole-archive)
/mnt/c/SerranonOS/UEFI/vUDK2017/Build/DuetPkgX64/DEBUG_GCC5/X64/MdePkg/Library/BaseLib/BaseLib/OUTPUT/BaseLib.lib(DivU64x64Remainder.obj)
[...]
Memory Configuration

Name             Origin             Length             Attributes
*default*        0x0000000000000000 0xffffffffffffffff

Linker script and memory map

LOAD /tmp/ccF7NaNG.ltrans0.ltrans.o
LOAD /tmp/ccF7NaNG.ltrans1.ltrans.o
LOAD /tmp/ccF7NaNG.ltrans2.ltrans.o
LOAD /tmp/ccF7NaNG.ltrans3.ltrans.o
LOAD /tmp/ccF7NaNG.ltrans4.ltrans.o
LOAD /tmp/ccF7NaNG.ltrans5.ltrans.o
LOAD /tmp/ccF7NaNG.ltrans6.ltrans.o
LOAD /tmp/ccF7NaNG.ltrans7.ltrans.o
LOAD /tmp/ccF7NaNG.ltrans8.ltrans.o
LOAD /tmp/ccF7NaNG.ltrans9.ltrans.o
LOAD /tmp/ccF7NaNG.ltrans10.ltrans.o
LOAD /tmp/ccF7NaNG.ltrans11.ltrans.o
LOAD /tmp/ccF7NaNG.ltrans12.ltrans.o
LOAD /tmp/ccF7NaNG.ltrans13.ltrans.o
LOAD /tmp/ccF7NaNG.ltrans14.ltrans.o
LOAD /tmp/ccF7NaNG.ltrans15.ltrans.o
LOAD /tmp/ccF7NaNG.ltrans16.ltrans.o
LOAD /tmp/ccF7NaNG.ltrans17.ltrans.o
LOAD /tmp/ccF7NaNG.ltrans18.ltrans.o
LOAD /tmp/ccF7NaNG.ltrans19.ltrans.o
LOAD /tmp/ccF7NaNG.ltrans20.ltrans.o
LOAD /tmp/ccF7NaNG.ltrans21.ltrans.o
LOAD /tmp/ccF7NaNG.ltrans22.ltrans.o
LOAD /tmp/ccF7NaNG.ltrans23.ltrans.o
LOAD /tmp/ccF7NaNG.ltrans24.ltrans.o
LOAD /tmp/ccF7NaNG.ltrans25.ltrans.o
LOAD /tmp/ccF7NaNG.ltrans26.ltrans.o
LOAD /tmp/ccF7NaNG.ltrans27.ltrans.o
LOAD /tmp/ccF7NaNG.ltrans28.ltrans.o
LOAD /tmp/ccF7NaNG.ltrans29.ltrans.o
START GROUP
LOAD /mnt/c/SerranonOS/UEFI/vUDK2017/Build/DuetPkgX64/DEBUG_GCC5/X64/MdePkg/Library/BaseDebugPrintErrorLevelLib/BaseDebugPrintErrorLevelLib/OUTPUT/BaseDebugPrintErrorLevelLib.lib
LOAD /mnt/c/SerranonOS/UEFI/vUDK2017/Build/DuetPkgX64/DEBUG_GCC5/X64/MdePkg/Library/BasePcdLibNull/BasePcdLibNull/OUTPUT/BasePcdLibNull.lib
LOAD /mnt/c/SerranonOS/UEFI/vUDK2017/Build/DuetPkgX64/DEBUG_GCC5/X64/MdeModulePkg/Library/PeiDxeDebugLibReportStatusCode/PeiDxeDebugLibReportStatusCode/OUTPUT/PeiDxeDebugLibReportStatusCode.lib
LOAD /mnt/c/SerranonOS/UEFI/vUDK2017/Build/DuetPkgX64/DEBUG_GCC5/X64/MdePkg/Library/BaseLib/BaseLib/OUTPUT/BaseLib.lib
LOAD /mnt/c/SerranonOS/UEFI/vUDK2017/Build/DuetPkgX64/DEBUG_GCC5/X64/MdePkg/Library/BaseMemoryLib/BaseMemoryLib/OUTPUT/BaseMemoryLib.lib
LOAD /mnt/c/SerranonOS/UEFI/vUDK2017/Build/DuetPkgX64/DEBUG_GCC5/X64/MdePkg/Library/BasePrintLib/BasePrintLib/OUTPUT/BasePrintLib.lib
LOAD /mnt/c/SerranonOS/UEFI/vUDK2017/Build/DuetPkgX64/DEBUG_GCC5/X64/MdeModulePkg/Library/DxeCoreMemoryAllocationLib/DxeCoreMemoryAllocationLib/OUTPUT/DxeCoreMemoryAllocationLib.lib
LOAD /mnt/c/SerranonOS/UEFI/vUDK2017/Build/DuetPkgX64/DEBUG_GCC5/X64/MdePkg/Library/DxeCoreEntryPoint/DxeCoreEntryPoint/OUTPUT/DxeCoreEntryPoint.lib
LOAD /mnt/c/SerranonOS/UEFI/vUDK2017/Build/DuetPkgX64/DEBUG_GCC5/X64/MdePkg/Library/UefiDevicePathLib/UefiDevicePathLib/OUTPUT/UefiDevicePathLib.lib
LOAD /mnt/c/SerranonOS/UEFI/vUDK2017/Build/DuetPkgX64/DEBUG_GCC5/X64/MdePkg/Library/UefiBootServicesTableLib/UefiBootServicesTableLib/OUTPUT/UefiBootServicesTableLib.lib
LOAD /mnt/c/SerranonOS/UEFI/vUDK2017/Build/DuetPkgX64/DEBUG_GCC5/X64/MdePkg/Library/DxeCoreHobLib/DxeCoreHobLib/OUTPUT/DxeCoreHobLib.lib
LOAD /mnt/c/SerranonOS/UEFI/vUDK2017/Build/DuetPkgX64/DEBUG_GCC5/X64/DuetPkg/Library/DxeCoreReportStatusCodeLibFromHob/DxeCoreReportStatusCodeLibFromHob/OUTPUT/DxeCoreReportStatusCodeLibFromHob.lib
LOAD /mnt/c/SerranonOS/UEFI/vUDK2017/Build/DuetPkgX64/DEBUG_GCC5/X64/MdePkg/Library/BaseIoLibIntrinsic/BaseIoLibIntrinsic/OUTPUT/BaseIoLibIntrinsic.lib
LOAD /mnt/c/SerranonOS/UEFI/vUDK2017/Build/DuetPkgX64/DEBUG_GCC5/X64/MdePkg/Library/BasePciCf8Lib/BasePciCf8Lib/OUTPUT/BasePciCf8Lib.lib
LOAD /mnt/c/SerranonOS/UEFI/vUDK2017/Build/DuetPkgX64/DEBUG_GCC5/X64/MdePkg/Library/UefiRuntimeServicesTableLib/UefiRuntimeServicesTableLib/OUTPUT/UefiRuntimeServicesTableLib.lib
LOAD /mnt/c/SerranonOS/UEFI/vUDK2017/Build/DuetPkgX64/DEBUG_GCC5/X64/DuetPkg/Library/DuetTimerLib/DuetTimerLib/OUTPUT/DuetTimerLib.lib
LOAD /mnt/c/SerranonOS/UEFI/vUDK2017/Build/DuetPkgX64/DEBUG_GCC5/X64/MdePkg/Library/BasePciLibCf8/BasePciLibCf8/OUTPUT/BasePciLibCf8.lib
LOAD /mnt/c/SerranonOS/UEFI/vUDK2017/Build/DuetPkgX64/DEBUG_GCC5/X64/MdeModulePkg/Library/BasePlatformHookLibNull/BasePlatformHookLibNull/OUTPUT/BasePlatformHookLibNull.lib
LOAD /mnt/c/SerranonOS/UEFI/vUDK2017/Build/DuetPkgX64/DEBUG_GCC5/X64/MdePkg/Library/BasePeCoffExtraActionLibNull/BasePeCoffExtraActionLibNull/OUTPUT/PeCoffExtraActionLibNull.lib
LOAD /mnt/c/SerranonOS/UEFI/vUDK2017/Build/DuetPkgX64/DEBUG_GCC5/X64/MdePkg/Library/UefiLib/UefiLib/OUTPUT/UefiLib.lib
LOAD /mnt/c/SerranonOS/UEFI/vUDK2017/Build/DuetPkgX64/DEBUG_GCC5/X64/UefiCpuPkg/Library/BaseXApicLib/BaseXApicLib/OUTPUT/BaseXApicLib.lib
LOAD /mnt/c/SerranonOS/UEFI/vUDK2017/Build/DuetPkgX64/DEBUG_GCC5/X64/MdePkg/Library/BaseSynchronizationLib/BaseSynchronizationLib/OUTPUT/BaseSynchronizationLib.lib
LOAD /mnt/c/SerranonOS/UEFI/vUDK2017/Build/DuetPkgX64/DEBUG_GCC5/X64/MdeModulePkg/Library/BaseSerialPortLib16550/BaseSerialPortLib16550/OUTPUT/BaseSerialPortLib16550.lib
LOAD /mnt/c/SerranonOS/UEFI/vUDK2017/Build/DuetPkgX64/DEBUG_GCC5/X64/MdePkg/Library/BasePeCoffGetEntryPointLib/BasePeCoffGetEntryPointLib/OUTPUT/BasePeCoffGetEntryPointLib.lib
LOAD /mnt/c/SerranonOS/UEFI/vUDK2017/Build/DuetPkgX64/DEBUG_GCC5/X64/MdePkg/Library/BaseCacheMaintenanceLib/BaseCacheMaintenanceLib/OUTPUT/BaseCacheMaintenanceLib.lib
LOAD /mnt/c/SerranonOS/UEFI/vUDK2017/Build/DuetPkgX64/DEBUG_GCC5/X64/MdePkg/Library/BaseUefiDecompressLib/BaseUefiDecompressLib/OUTPUT/BaseUefiDecompressLib.lib
LOAD /mnt/c/SerranonOS/UEFI/vUDK2017/Build/DuetPkgX64/DEBUG_GCC5/X64/MdePkg/Library/BasePerformanceLibNull/BasePerformanceLibNull/OUTPUT/BasePerformanceLibNull.lib
LOAD /mnt/c/SerranonOS/UEFI/vUDK2017/Build/DuetPkgX64/DEBUG_GCC5/X64/MdePkg/Library/BasePeCoffLib/BasePeCoffLib/OUTPUT/BasePeCoffLib.lib
LOAD /mnt/c/SerranonOS/UEFI/vUDK2017/Build/DuetPkgX64/DEBUG_GCC5/X64/MdePkg/Library/DxeExtractGuidedSectionLib/DxeExtractGuidedSectionLib/OUTPUT/DxeExtractGuidedSectionLib.lib
LOAD /mnt/c/SerranonOS/UEFI/vUDK2017/Build/DuetPkgX64/DEBUG_GCC5/X64/MdePkg/Library/DxeServicesLib/DxeServicesLib/OUTPUT/DxeServicesLib.lib
LOAD /mnt/c/SerranonOS/UEFI/vUDK2017/Build/DuetPkgX64/DEBUG_GCC5/X64/MdeModulePkg/Library/DebugAgentLibNull/DebugAgentLibNull/OUTPUT/DebugAgentLibNull.lib
LOAD /mnt/c/SerranonOS/UEFI/vUDK2017/Build/DuetPkgX64/DEBUG_GCC5/X64/UefiCpuPkg/Library/CpuExceptionHandlerLib/DxeCpuExceptionHandlerLib/OUTPUT/DxeCpuExceptionHandlerLib.lib
LOAD /mnt/c/SerranonOS/UEFI/vUDK2017/Build/DuetPkgX64/DEBUG_GCC5/X64/MdeModulePkg/Core/Dxe/DxeMain/OUTPUT/DxeCore.lib
END GROUP
                0x0000000000000228                PECOFF_HEADER_SIZE = 0x228
                0x0000000000000228                . = PECOFF_HEADER_SIZE

.text           0x0000000000000240    0x2407d
 *(.text .text.* .stub .gnu.linkonce.t.*)
 .text.DxeMain  0x0000000000000240     0x1a11 /tmp/ccF7NaNG.ltrans0.ltrans.o
                0x0000000000000240                DxeMain
 .text.CoreLoadImageCommon
                0x0000000000001c51     0x27dd /tmp/ccF7NaNG.ltrans1.ltrans.o
                0x0000000000001c51                CoreLoadImageCommon
 .text.AsciiStrnLenS
                0x000000000000442e       0x26 /tmp/ccF7NaNG.ltrans2.ltrans.o
                0x000000000000442e                AsciiStrnLenS
 .text.CpuDeadLoop
                0x0000000000004454       0x1c /tmp/ccF7NaNG.ltrans2.ltrans.o
                0x0000000000004454                CpuDeadLoop
 .text.DebugCodeEnabled
                0x0000000000004470        0x3 /tmp/ccF7NaNG.ltrans2.ltrans.o
                0x0000000000004470                DebugCodeEnabled
 .text.DebugPrintEnabled
                0x0000000000004473        0x3 /tmp/ccF7NaNG.ltrans2.ltrans.o
                0x0000000000004473                DebugPrintEnabled
 .text.DebugAssertEnabled
                0x0000000000004476        0x3 /tmp/ccF7NaNG.ltrans2.ltrans.o
                0x0000000000004476                DebugAssertEnabled
 .text.DebugAssert
                0x0000000000004479      0x14d /tmp/ccF7NaNG.ltrans2.ltrans.o
                0x0000000000004479                DebugAssert
 .text.CompareMem.part.0.lto_priv.58
                0x00000000000045c6       0xcf /tmp/ccF7NaNG.ltrans2.ltrans.o
                0x00000000000045c6                CompareMem.part.0.lto_priv.58
 .text.AsmReadIdtr
                0x0000000000004695       0x37 /tmp/ccF7NaNG.ltrans2.ltrans.o
                0x0000000000004695                AsmReadIdtr
 .text.WriteUnaligned64
                0x00000000000046cc       0x3f /tmp/ccF7NaNG.ltrans2.ltrans.o
                0x00000000000046cc                WriteUnaligned64
 .text.ReadUnaligned64
                0x000000000000470b       0x37 /tmp/ccF7NaNG.ltrans2.ltrans.o
                0x000000000000470b                ReadUnaligned64
 .text.ReadUnaligned32
                0x0000000000004742       0x36 /tmp/ccF7NaNG.ltrans2.ltrans.o
                0x0000000000004742                ReadUnaligned32
 .text.ReadUnaligned16
                0x0000000000004778       0x37 /tmp/ccF7NaNG.ltrans2.ltrans.o
                0x0000000000004778                ReadUnaligned16
 .text.AsciiStrLen
                0x00000000000047af       0x85 /tmp/ccF7NaNG.ltrans2.ltrans.o
                0x00000000000047af                AsciiStrLen
 .text.AsciiStrSize
                0x0000000000004834       0x11 /tmp/ccF7NaNG.ltrans2.ltrans.o
                0x0000000000004834                AsciiStrSize
 .text.InitializeListHead
                0x0000000000004845       0x3e /tmp/ccF7NaNG.ltrans2.ltrans.o
                0x0000000000004845                InitializeListHead
 .text.InternalBaseLibIsListValid
                0x0000000000004883       0x9e /tmp/ccF7NaNG.ltrans2.ltrans.o
                0x0000000000004883                InternalBaseLibIsListValid
 .text.IsListEmpty
                0x0000000000004921       0x3e /tmp/ccF7NaNG.ltrans2.ltrans.o
                0x0000000000004921                IsListEmpty
 .text.RemoveEntryList
                0x000000000000495f       0x50 /tmp/ccF7NaNG.ltrans2.ltrans.o
                0x000000000000495f                RemoveEntryList
 .text.GetFirstNode
                0x00000000000049af       0x3b /tmp/ccF7NaNG.ltrans2.ltrans.o
                0x00000000000049af                GetFirstNode
 .text.IsNodeInList
                0x00000000000049ea       0x90 /tmp/ccF7NaNG.ltrans2.ltrans.o
                0x00000000000049ea                IsNodeInList
 .text.IsNodeAtEnd
                0x0000000000004a7a       0xc4 /tmp/ccF7NaNG.ltrans2.ltrans.o
                0x0000000000004a7a                IsNodeAtEnd
 .text.GetNextNode
                0x0000000000004b3e       0x5f /tmp/ccF7NaNG.ltrans2.ltrans.o
                0x0000000000004b3e                GetNextNode
 .text.InsertTailList
                0x0000000000004b9d       0x76 /tmp/ccF7NaNG.ltrans2.ltrans.o
                0x0000000000004b9d                InsertTailList
 .text.InsertHeadList
                0x0000000000004c13       0x75 /tmp/ccF7NaNG.ltrans2.ltrans.o
                0x0000000000004c13                InsertHeadList
 .text.DivU64x32Remainder
                0x0000000000004c88       0x56 /tmp/ccF7NaNG.ltrans2.ltrans.o
                0x0000000000004c88                DivU64x32Remainder
 .text.LShiftU64
                0x0000000000004cde       0x43 /tmp/ccF7NaNG.ltrans2.ltrans.o
                0x0000000000004cde                LShiftU64
 .text.InternalMemSetMem
                0x0000000000004d21       0xed /tmp/ccF7NaNG.ltrans2.ltrans.o
                0x0000000000004d21                InternalMemSetMem
 .text.ZeroMem  0x0000000000004e0e       0x72 /tmp/ccF7NaNG.ltrans2.ltrans.o
                0x0000000000004e0e                ZeroMem
 .text.RShiftU64
                0x0000000000004e80       0x43 /tmp/ccF7NaNG.ltrans2.ltrans.o
                0x0000000000004e80                RShiftU64
 .text.InternalAssertJumpBuffer
                0x0000000000004ec3       0x56 /tmp/ccF7NaNG.ltrans2.ltrans.o
                0x0000000000004ec3                InternalAssertJumpBuffer
 .text.CalculateSum16
                0x0000000000004f19       0xac /tmp/ccF7NaNG.ltrans2.ltrans.o
                0x0000000000004f19                CalculateSum16
 .text.CalculateSum8
                0x0000000000004fc5       0x6d /tmp/ccF7NaNG.ltrans2.ltrans.o
                0x0000000000004fc5                CalculateSum8
 .text.DebugClearMemory
                0x0000000000005032       0x49 /tmp/ccF7NaNG.ltrans2.ltrans.o
                0x0000000000005032                DebugClearMemory
 .text.DebugPrint
                0x000000000000507b      0x32d /tmp/ccF7NaNG.ltrans2.ltrans.o
                0x000000000000507b                DebugPrint
 .text.PeCoffLoaderImageReadFromMemory
                0x00000000000053a8       0x8e /tmp/ccF7NaNG.ltrans3.ltrans.o
                0x00000000000053a8                PeCoffLoaderImageReadFromMemory
 .text.InternalPrintMessage
                0x0000000000005436      0x1a9 /tmp/ccF7NaNG.ltrans3.ltrans.o
                0x0000000000005436                InternalPrintMessage
 .text.PeCoffLoaderGetImageInfo.part.0.lto_priv.75
                0x00000000000055df      0x968 /tmp/ccF7NaNG.ltrans3.ltrans.o
                0x00000000000055df                PeCoffLoaderGetImageInfo.part.0.lto_priv.75
 .text.PeCoffLoaderImageAddress
                0x0000000000005f47       0x20 /tmp/ccF7NaNG.ltrans3.ltrans.o
                0x0000000000005f47                PeCoffLoaderImageAddress
 .text.InstallPropertiesTable
                0x0000000000005f67      0x1be /tmp/ccF7NaNG.ltrans4.ltrans.o
                0x0000000000005f67                InstallPropertiesTable
 .text.CoreGetMemoryMapWithSeparatedImageSection
                0x0000000000006125      0x7b6 /tmp/ccF7NaNG.ltrans4.ltrans.o
 .text.InstallMemoryAttributesTable
                0x00000000000068db      0x4de /tmp/ccF7NaNG.ltrans4.ltrans.o
                0x00000000000068db                InstallMemoryAttributesTable
 .text.IsImageRecordCodeSectionValid
                0x0000000000006db9       0xe8 /tmp/ccF7NaNG.ltrans4.ltrans.o
                0x0000000000006db9                IsImageRecordCodeSectionValid
 .text.SortImageRecordCodeSection
                0x0000000000006ea1       0xe0 /tmp/ccF7NaNG.ltrans4.ltrans.o
                0x0000000000006ea1                SortImageRecordCodeSection
 .text.SetPropertiesTableSectionAlignment.lto_priv.74
                0x0000000000006f81       0x75 /tmp/ccF7NaNG.ltrans4.ltrans.o
                0x0000000000006f81                SetPropertiesTableSectionAlignment.lto_priv.74
 .text.CoreFindFreePagesI.part.0.constprop.34
                0x0000000000006ff6      0x1eb /tmp/ccF7NaNG.ltrans5.ltrans.o
 .text.BasePrintLibSPrintMarker.constprop.37
                0x00000000000071e1      0xc6f /tmp/ccF7NaNG.ltrans5.ltrans.o
                0x00000000000071e1                BasePrintLibSPrintMarker.constprop.37
 .text.BasePrintLibSPrint.constprop.36
                0x0000000000007e50       0xb6 /tmp/ccF7NaNG.ltrans5.ltrans.o
 .text.FindFreePages.constprop.31
                0x0000000000007f06      0x228 /tmp/ccF7NaNG.ltrans5.ltrans.o
                0x0000000000007f06                FindFreePages.constprop.31
 .text.CoreAllocatePoolPages.constprop.32
                0x000000000000812e       0x7a /tmp/ccF7NaNG.ltrans5.ltrans.o
                0x000000000000812e                CoreAllocatePoolPages.constprop.32
 .text.CoreAllocatePoolPagesI.constprop.30
                0x00000000000081a8       0x7b /tmp/ccF7NaNG.ltrans5.ltrans.o
                0x00000000000081a8                CoreAllocatePoolPagesI.constprop.30
 .text.MergeMemoryMapDescriptor.constprop.29
                0x0000000000008223       0x6b /tmp/ccF7NaNG.ltrans5.ltrans.o
                0x0000000000008223                MergeMemoryMapDescriptor.constprop.29
 .text.CoreNewDebugImageInfoEntry.constprop.24
                0x000000000000828e      0x14a /tmp/ccF7NaNG.ltrans5.ltrans.o
                0x000000000000828e                CoreNewDebugImageInfoEntry.constprop.24
 .text.EfiEventEmptyFunction
                0x00000000000083d8        0x1 /tmp/ccF7NaNG.ltrans6.ltrans.o
                0x00000000000083d8                EfiEventEmptyFunction
 .text.InvalidateInstructionCacheRange
                0x00000000000083d9       0x4a /tmp/ccF7NaNG.ltrans6.ltrans.o
                0x00000000000083d9                InvalidateInstructionCacheRange
 .text.LocalApicBaseAddressMsrSupported
                0x0000000000008423       0x3d /tmp/ccF7NaNG.ltrans6.ltrans.o
 .text.GetApicMode
                0x0000000000008460      0x107 /tmp/ccF7NaNG.ltrans6.ltrans.o
 .text.PerformanceMeasurementEnabled
                0x0000000000008567        0xa /tmp/ccF7NaNG.ltrans6.ltrans.o
                0x0000000000008567                PerformanceMeasurementEnabled
 .text.UefiDecompressGetInfo
                0x0000000000008571       0xb0 /tmp/ccF7NaNG.ltrans6.ltrans.o
                0x0000000000008571                UefiDecompressGetInfo
 .text.MakeTable
                0x0000000000008621      0x2a4 /tmp/ccF7NaNG.ltrans6.ltrans.o
                0x0000000000008621                MakeTable
 .text.FillBuf  0x00000000000088c5       0x80 /tmp/ccF7NaNG.ltrans6.ltrans.o
                0x00000000000088c5                FillBuf
 .text.GetBits  0x0000000000008945       0x19 /tmp/ccF7NaNG.ltrans6.ltrans.o
                0x0000000000008945                GetBits
 .text.ReadPTLen
                0x000000000000895e      0x1a4 /tmp/ccF7NaNG.ltrans6.ltrans.o
                0x000000000000895e                ReadPTLen
 .text.PeCoffLoaderGetPdbPointer
                0x0000000000008b02      0x14d /tmp/ccF7NaNG.ltrans6.ltrans.o
                0x0000000000008b02                PeCoffLoaderGetPdbPointer
 .text.PeCoffLoaderGetEntryPoint
                0x0000000000008c4f       0x9b /tmp/ccF7NaNG.ltrans6.ltrans.o
                0x0000000000008c4f                PeCoffLoaderGetEntryPoint
 .text.SerialPortReadRegister
                0x0000000000008cea       0x12 /tmp/ccF7NaNG.ltrans6.ltrans.o
                0x0000000000008cea                SerialPortReadRegister
 .text.SerialPortWritable
                0x0000000000008cfc       0x35 /tmp/ccF7NaNG.ltrans6.ltrans.o
                0x0000000000008cfc                SerialPortWritable
 .text.ReleaseSpinLock
                0x0000000000008d31       0x7d /tmp/ccF7NaNG.ltrans6.ltrans.o
                0x0000000000008d31                ReleaseSpinLock
 .text.AcquireSpinLockOrFail
                0x0000000000008dae       0x88 /tmp/ccF7NaNG.ltrans6.ltrans.o
                0x0000000000008dae                AcquireSpinLockOrFail
 .text.GetApicId
                0x0000000000008e36      0x214 /tmp/ccF7NaNG.ltrans6.ltrans.o
                0x0000000000008e36                GetApicId
 .text.EfiCreateProtocolNotifyEvent
                0x000000000000904a      0x19c /tmp/ccF7NaNG.ltrans6.ltrans.o
                0x000000000000904a                EfiCreateProtocolNotifyEvent
 .text.EfiInitializeFwVolDevicepathNode
                0x00000000000091e6       0x6e /tmp/ccF7NaNG.ltrans6.ltrans.o
                0x00000000000091e6                EfiInitializeFwVolDevicepathNode
 .text.EfiGetNameGuidFromFwVolDevicePathNode
                0x0000000000009254       0x54 /tmp/ccF7NaNG.ltrans6.ltrans.o
                0x0000000000009254                EfiGetNameGuidFromFwVolDevicePathNode
 .text.PeCoffLoaderRelocateImageExtraAction
                0x00000000000092a8       0x39 /tmp/ccF7NaNG.ltrans6.ltrans.o
                0x00000000000092a8                PeCoffLoaderRelocateImageExtraAction
 .text.GetPerformanceCounter
                0x00000000000092e1       0xb9 /tmp/ccF7NaNG.ltrans6.ltrans.o
                0x00000000000092e1                GetPerformanceCounter
 .text.FvSetVolumeInfo
                0x000000000000939a        0xb /tmp/ccF7NaNG.ltrans7.ltrans.o
                0x000000000000939a                FvSetVolumeInfo
 .text.FvGetVolumeInfo
                0x00000000000093a5        0xb /tmp/ccF7NaNG.ltrans7.ltrans.o
                0x00000000000093a5                FvGetVolumeInfo
 .text.FwVolBlockSetAttributes
                0x00000000000093b0        0xb /tmp/ccF7NaNG.ltrans7.ltrans.o
 .text.FvSetVolumeAttributes
                0x00000000000093bb        0xb /tmp/ccF7NaNG.ltrans7.ltrans.o
                0x00000000000093bb                FvSetVolumeAttributes
 .text.FvWriteFile
                0x00000000000093c6        0xb /tmp/ccF7NaNG.ltrans7.ltrans.o
                0x00000000000093c6                FvWriteFile
 .text.FwVolBlockWriteBlock
                0x00000000000093d1        0xb /tmp/ccF7NaNG.ltrans7.ltrans.o
 .text.FwVolBlockEraseBlock
                0x00000000000093dc       0x1a /tmp/ccF7NaNG.ltrans7.ltrans.o
 .text.FvGetVolumeAttributes
                0x00000000000093f6       0x5e /tmp/ccF7NaNG.ltrans7.ltrans.o
                0x00000000000093f6                FvGetVolumeAttributes
 .text.FfsAttributes2FvFileAttributes
                0x0000000000009454       0x2f /tmp/ccF7NaNG.ltrans7.ltrans.o
 .text.FwVolBlockGetBlockSize
                0x0000000000009483       0x91 /tmp/ccF7NaNG.ltrans7.ltrans.o
 .text.FwVolBlockGetPhysicalAddress
                0x0000000000009514       0x5d /tmp/ccF7NaNG.ltrans7.ltrans.o
 .text.FwVolBlockReadBlock
                0x0000000000009571       0xc5 /tmp/ccF7NaNG.ltrans7.ltrans.o
 .text.FwVolBlockGetAttributes
                0x0000000000009636       0x4e /tmp/ccF7NaNG.ltrans7.ltrans.o
 .text.FvGetNextFile
                0x0000000000009684      0x1c4 /tmp/ccF7NaNG.ltrans7.ltrans.o
                0x0000000000009684                FvGetNextFile
 .text.FvReadFile
                0x0000000000009848      0x28b /tmp/ccF7NaNG.ltrans7.ltrans.o
                0x0000000000009848                FvReadFile
 .text.FvReadFileSection
                0x0000000000009ad3      0x420 /tmp/ccF7NaNG.ltrans7.ltrans.o
                0x0000000000009ad3                FvReadFileSection
 .text.ReadFvbData
                0x0000000000009ef3      0x155 /tmp/ccF7NaNG.ltrans7.ltrans.o
                0x0000000000009ef3                ReadFvbData
 .text.GetFwVolHeader
                0x000000000000a048      0x130 /tmp/ccF7NaNG.ltrans7.ltrans.o
                0x000000000000a048                GetFwVolHeader
 .text.GetFileState
                0x000000000000a178       0x22 /tmp/ccF7NaNG.ltrans7.ltrans.o
                0x000000000000a178                GetFileState
 .text.ProduceFVBProtocolOnBuffer
                0x000000000000a19a      0x26d /tmp/ccF7NaNG.ltrans7.ltrans.o
                0x000000000000a19a                ProduceFVBProtocolOnBuffer
 .text.CoreProcessFirmwareVolume
                0x000000000000a407      0x12d /tmp/ccF7NaNG.ltrans7.ltrans.o
                0x000000000000a407                CoreProcessFirmwareVolume
 .text.AdjustMemoryF.part.2.lto_priv.61
                0x000000000000a534       0x84 /tmp/ccF7NaNG.ltrans7.ltrans.o
                0x000000000000a534                AdjustMemoryF.part.2.lto_priv.61
 .text.UnsetGuardForMemory.part.1.lto_priv.59
                0x000000000000a5b8      0x1e6 /tmp/ccF7NaNG.ltrans7.ltrans.o
                0x000000000000a5b8                UnsetGuardForMemory.part.1.lto_priv.59
 .text.Uint64ToBinString
                0x000000000000a79e       0x44 /tmp/ccF7NaNG.ltrans7.ltrans.o
                0x000000000000a79e                Uint64ToBinString
 .text.CoreConvertPagesWithGuard
                0x000000000000a7e2       0x8f /tmp/ccF7NaNG.ltrans7.ltrans.o
                0x000000000000a7e2                CoreConvertPagesWithGuard
 .text.LookupPoolHead
                0x000000000000a871      0x103 /tmp/ccF7NaNG.ltrans8.ltrans.o
 .text.CoreAllocatePoolI
                0x000000000000a974      0x441 /tmp/ccF7NaNG.ltrans8.ltrans.o
 .text.CoreFreeMemoryMapStack
                0x000000000000adb5      0x266 /tmp/ccF7NaNG.ltrans8.ltrans.o
                0x000000000000adb5                CoreFreeMemoryMapStack
 .text.RemoveMemoryMapEntry
                0x000000000000b01b       0x42 /tmp/ccF7NaNG.ltrans8.ltrans.o
                0x000000000000b01b                RemoveMemoryMapEntry
 .text.CoreAddRange
                0x000000000000b05d      0x24e /tmp/ccF7NaNG.ltrans8.ltrans.o
                0x000000000000b05d                CoreAddRange
 .text.CoreReleaseMemoryLock
                0x000000000000b2ab        0xc /tmp/ccF7NaNG.ltrans8.ltrans.o
                0x000000000000b2ab                CoreReleaseMemoryLock
 .text.CoreAcquireMemoryLock
                0x000000000000b2b7        0xc /tmp/ccF7NaNG.ltrans8.ltrans.o
                0x000000000000b2b7                CoreAcquireMemoryLock
 .text.CoreAddMemoryDescriptor
                0x000000000000b2c3      0x2fb /tmp/ccF7NaNG.ltrans8.ltrans.o
                0x000000000000b2c3                CoreAddMemoryDescriptor
 .text.CoreFreePoolPagesI
                0x000000000000b5be       0x4b /tmp/ccF7NaNG.ltrans8.ltrans.o
 .text.CoreFreePoolI
                0x000000000000b609      0x495 /tmp/ccF7NaNG.ltrans8.ltrans.o
 .text.CoreInternalFreePool.part.3.lto_priv.56
                0x000000000000ba9e       0xd0 /tmp/ccF7NaNG.ltrans8.ltrans.o
                0x000000000000ba9e                CoreInternalFreePool.part.3.lto_priv.56
 .text.CoreFreePool
                0x000000000000bb6e      0x107 /tmp/ccF7NaNG.ltrans8.ltrans.o
                0x000000000000bb6e                CoreFreePool
 .text.CoreInternalAllocatePool.part.1.lto_priv.57
                0x000000000000bc75      0x107 /tmp/ccF7NaNG.ltrans8.ltrans.o
                0x000000000000bc75                CoreInternalAllocatePool.part.1.lto_priv.57
 .text.CoreAllocatePool
                0x000000000000bd7c      0x138 /tmp/ccF7NaNG.ltrans8.ltrans.o
                0x000000000000bd7c                CoreAllocatePool
 .text.CoreMergeGcdMapEntry
                0x000000000000beb4      0x118 /tmp/ccF7NaNG.ltrans9.ltrans.o
 .text.CoreProtocolsPerHandle
                0x000000000000bfcc      0x19c /tmp/ccF7NaNG.ltrans9.ltrans.o
                0x000000000000bfcc                CoreProtocolsPerHandle
 .text.CoreOpenProtocolInformation
                0x000000000000c168      0x1d5 /tmp/ccF7NaNG.ltrans9.ltrans.o
                0x000000000000c168                CoreOpenProtocolInformation
 .text.CoreSearchGcdMapEntry
                0x000000000000c33d      0x10b /tmp/ccF7NaNG.ltrans9.ltrans.o
                0x000000000000c33d                CoreSearchGcdMapEntry
 .text.CoreCleanupGcdMapEntry
                0x000000000000c448       0x70 /tmp/ccF7NaNG.ltrans9.ltrans.o
                0x000000000000c448                CoreCleanupGcdMapEntry
 .text.CoreInsertGcdMapEntry
                0x000000000000c4b8      0x139 /tmp/ccF7NaNG.ltrans9.ltrans.o
                0x000000000000c4b8                CoreInsertGcdMapEntry
 .text.CoreAllocateGcdMapEntry
                0x000000000000c5f1       0x6a /tmp/ccF7NaNG.ltrans9.ltrans.o
                0x000000000000c5f1                CoreAllocateGcdMapEntry
 .text.PageAlignLength
                0x000000000000c65b        0xa /tmp/ccF7NaNG.ltrans9.ltrans.o
                0x000000000000c65b                PageAlignLength
 .text.PageAlignAddress
                0x000000000000c665        0xe /tmp/ccF7NaNG.ltrans9.ltrans.o
                0x000000000000c665                PageAlignAddress
 .text.CoreReleaseGcdMemoryLock
                0x000000000000c673        0xc /tmp/ccF7NaNG.ltrans9.ltrans.o
                0x000000000000c673                CoreReleaseGcdMemoryLock
 .text.CoreAcquireGcdMemoryLock
                0x000000000000c67f        0xc /tmp/ccF7NaNG.ltrans9.ltrans.o
                0x000000000000c67f                CoreAcquireGcdMemoryLock
 .text.CoreDumpGcdIoSpaceMap
                0x000000000000c68b      0x136 /tmp/ccF7NaNG.ltrans9.ltrans.o
                0x000000000000c68b                CoreDumpGcdIoSpaceMap
 .text.CoreDumpGcdMemorySpaceMap
                0x000000000000c7c1      0x148 /tmp/ccF7NaNG.ltrans9.ltrans.o
                0x000000000000c7c1                CoreDumpGcdMemorySpaceMap
 .text.CoreConvertSpace
                0x000000000000c909      0x5a0 /tmp/ccF7NaNG.ltrans9.ltrans.o
                0x000000000000c909                CoreConvertSpace
 .text.CoreInstallProtocolInterfaceNotify.part.2.lto_priv.50
                0x000000000000cea9      0x28e /tmp/ccF7NaNG.ltrans9.ltrans.o
                0x000000000000cea9                CoreInstallProtocolInterfaceNotify.part.2.lto_priv.50
 .text.CopyMem  0x000000000000d137      0x260 /tmp/ccF7NaNG.ltrans10.ltrans.o
                0x000000000000d137                CopyMem
 .text.SetMem   0x000000000000d397       0x5f /tmp/ccF7NaNG.ltrans10.ltrans.o
                0x000000000000d397                SetMem
 .text.IoRead32
                0x000000000000d3f6       0x37 /tmp/ccF7NaNG.ltrans10.ltrans.o
                0x000000000000d3f6                IoRead32
 .text.ReportDebugCodeEnabled
                0x000000000000d42d        0xd /tmp/ccF7NaNG.ltrans10.ltrans.o
                0x000000000000d42d                ReportDebugCodeEnabled
 .text.ReportErrorCodeEnabled
                0x000000000000d43a        0xc /tmp/ccF7NaNG.ltrans10.ltrans.o
                0x000000000000d43a                ReportErrorCodeEnabled
 .text.ReportProgressCodeEnabled
                0x000000000000d446        0xa /tmp/ccF7NaNG.ltrans10.ltrans.o
                0x000000000000d446                ReportProgressCodeEnabled
 .text.ReportStatusCode
                0x000000000000d450       0x22 /tmp/ccF7NaNG.ltrans10.ltrans.o
                0x000000000000d450                ReportStatusCode
 .text.GetNextHob
                0x000000000000d472       0x53 /tmp/ccF7NaNG.ltrans10.ltrans.o
                0x000000000000d472                GetNextHob
 .text.GetHobList
                0x000000000000d4c5       0x3b /tmp/ccF7NaNG.ltrans10.ltrans.o
                0x000000000000d4c5                GetHobList
 .text.SetDevicePathEndNode
                0x000000000000d500       0x48 /tmp/ccF7NaNG.ltrans10.ltrans.o
                0x000000000000d500                SetDevicePathEndNode
 .text.DevicePathNodeLength
                0x000000000000d548       0x40 /tmp/ccF7NaNG.ltrans10.ltrans.o
                0x000000000000d548                DevicePathNodeLength
 .text.NextDevicePathNode
                0x000000000000d588       0x3f /tmp/ccF7NaNG.ltrans10.ltrans.o
                0x000000000000d588                NextDevicePathNode
 .text.DevicePathSubType
                0x000000000000d5c7       0x37 /tmp/ccF7NaNG.ltrans10.ltrans.o
                0x000000000000d5c7                DevicePathSubType
 .text.DevicePathType
                0x000000000000d5fe       0x36 /tmp/ccF7NaNG.ltrans10.ltrans.o
                0x000000000000d5fe                DevicePathType
 .text.IsDevicePathEndType
                0x000000000000d634       0x41 /tmp/ccF7NaNG.ltrans10.ltrans.o
                0x000000000000d634                IsDevicePathEndType
 .text.IsDevicePathEnd
                0x000000000000d675       0x53 /tmp/ccF7NaNG.ltrans10.ltrans.o
                0x000000000000d675                IsDevicePathEnd
 .text.IsDevicePathValid
                0x000000000000d6c8       0x9a /tmp/ccF7NaNG.ltrans10.ltrans.o
                0x000000000000d6c8                IsDevicePathValid
 .text.UefiDevicePathLibGetDevicePathSize
                0x000000000000d762       0x4e /tmp/ccF7NaNG.ltrans10.ltrans.o
                0x000000000000d762                UefiDevicePathLibGetDevicePathSize
 .text._ModuleEntryPoint
                0x000000000000d7b0       0x10 /tmp/ccF7NaNG.ltrans10.ltrans.o
                0x000000000000d7b0                _ModuleEntryPoint
 .text.FreePool
                0x000000000000d7c0       0x5b /tmp/ccF7NaNG.ltrans10.ltrans.o
                0x000000000000d7c0                FreePool
 .text.InternalAllocatePool
                0x000000000000d81b       0x38 /tmp/ccF7NaNG.ltrans10.ltrans.o
                0x000000000000d81b                InternalAllocatePool
 .text.InternalAllocateCopyPool
                0x000000000000d853       0x99 /tmp/ccF7NaNG.ltrans10.ltrans.o
                0x000000000000d853                InternalAllocateCopyPool
 .text.AllocateCopyPool
                0x000000000000d8ec       0x9e /tmp/ccF7NaNG.ltrans10.ltrans.o
                0x000000000000d8ec                AllocateCopyPool
 .text.UefiDevicePathLibDuplicateDevicePath
                0x000000000000d98a       0x2a /tmp/ccF7NaNG.ltrans10.ltrans.o
                0x000000000000d98a                UefiDevicePathLibDuplicateDevicePath
 .text.InternalAllocateZeroPool
                0x000000000000d9b4       0x23 /tmp/ccF7NaNG.ltrans10.ltrans.o
                0x000000000000d9b4                InternalAllocateZeroPool
 .text.ReallocatePool
                0x000000000000d9d7       0xee /tmp/ccF7NaNG.ltrans10.ltrans.o
                0x000000000000d9d7                ReallocatePool
 .text.AllocateZeroPool
                0x000000000000dac5       0x9e /tmp/ccF7NaNG.ltrans10.ltrans.o
                0x000000000000dac5                AllocateZeroPool
 .text.AllocatePool
                0x000000000000db63       0x9e /tmp/ccF7NaNG.ltrans10.ltrans.o
                0x000000000000db63                AllocatePool
 .text.UefiDevicePathLibAppendDevicePath
                0x000000000000dc01       0x9c /tmp/ccF7NaNG.ltrans10.ltrans.o
                0x000000000000dc01                UefiDevicePathLibAppendDevicePath
 .text.BasePrintLibFillBuffer
                0x000000000000dc9d       0x2e /tmp/ccF7NaNG.ltrans10.ltrans.o
                0x000000000000dc9d                BasePrintLibFillBuffer
 .text.CompareGuid
                0x000000000000dccb       0x4d /tmp/ccF7NaNG.ltrans10.ltrans.o
                0x000000000000dccb                CompareGuid
 .text.GetNextGuidHob
                0x000000000000dd18       0x3e /tmp/ccF7NaNG.ltrans10.ltrans.o
                0x000000000000dd18                GetNextGuidHob
 .text.CopyGuid
                0x000000000000dd56       0x3e /tmp/ccF7NaNG.ltrans10.ltrans.o
                0x000000000000dd56                CopyGuid
 .text.SetMem16.part.0.lto_priv.48
                0x000000000000dd94       0xb8 /tmp/ccF7NaNG.ltrans10.ltrans.o
                0x000000000000dd94                SetMem16.part.0.lto_priv.48
 .text.SetMem64.part.0.lto_priv.54
                0x000000000000de4c       0xb9 /tmp/ccF7NaNG.ltrans10.ltrans.o
                0x000000000000de4c                SetMem64.part.0.lto_priv.54
 .text.CoreGetDepexSectionAndPreProccess
                0x000000000000df05       0xb9 /tmp/ccF7NaNG.ltrans11.ltrans.o
                0x000000000000df05                CoreGetDepexSectionAndPreProccess
 .text.CoreReleaseDispatcherLock
                0x000000000000dfbe        0xc /tmp/ccF7NaNG.ltrans11.ltrans.o
                0x000000000000dfbe                CoreReleaseDispatcherLock
 .text.CoreAcquireDispatcherLock
                0x000000000000dfca        0xc /tmp/ccF7NaNG.ltrans11.ltrans.o
                0x000000000000dfca                CoreAcquireDispatcherLock
 .text.CoreDispatcher
                0x000000000000dfd6      0x876 /tmp/ccF7NaNG.ltrans11.ltrans.o
                0x000000000000dfd6                CoreDispatcher
 .text.CoreTrust
                0x000000000000e84c      0x145 /tmp/ccF7NaNG.ltrans11.ltrans.o
                0x000000000000e84c                CoreTrust
 .text.CoreSchedule
                0x000000000000e991      0x16f /tmp/ccF7NaNG.ltrans11.ltrans.o
                0x000000000000e991                CoreSchedule
 .text.CoreGetIoSpaceDescriptor
                0x000000000000eb00      0x1b4 /tmp/ccF7NaNG.ltrans12.ltrans.o
                0x000000000000eb00                CoreGetIoSpaceDescriptor
 .text.CoreRemoveIoSpace
                0x000000000000ecb4       0xe6 /tmp/ccF7NaNG.ltrans12.ltrans.o
                0x000000000000ecb4                CoreRemoveIoSpace
 .text.CoreFreeIoSpace
                0x000000000000ed9a       0xe6 /tmp/ccF7NaNG.ltrans12.ltrans.o
                0x000000000000ed9a                CoreFreeIoSpace
 .text.CoreAddIoSpace
                0x000000000000ee80      0x122 /tmp/ccF7NaNG.ltrans12.ltrans.o
                0x000000000000ee80                CoreAddIoSpace
 .text.CoreSetMemorySpaceAttributes
                0x000000000000efa2       0xf9 /tmp/ccF7NaNG.ltrans12.ltrans.o
                0x000000000000efa2                CoreSetMemorySpaceAttributes
 .text.CoreRemoveMemorySpace
                0x000000000000f09b       0xe6 /tmp/ccF7NaNG.ltrans12.ltrans.o
                0x000000000000f09b                CoreRemoveMemorySpace
 .text.CoreAllocateIoSpace
                0x000000000000f181      0x1de /tmp/ccF7NaNG.ltrans12.ltrans.o
                0x000000000000f181                CoreAllocateIoSpace
 .text.CoreSetMemorySpaceCapabilities
                0x000000000000f35f      0x14e /tmp/ccF7NaNG.ltrans12.ltrans.o
                0x000000000000f35f                CoreSetMemorySpaceCapabilities
 .text.GetPoolIndexFromSize.lto_priv.60
                0x000000000000f4ad       0x20 /tmp/ccF7NaNG.ltrans12.ltrans.o
                0x000000000000f4ad                GetPoolIndexFromSize.lto_priv.60
 .text.CoreGetIoSpaceMap.part.7.lto_priv.63
                0x000000000000f4cd      0x17c /tmp/ccF7NaNG.ltrans12.ltrans.o
                0x000000000000f4cd                CoreGetIoSpaceMap.part.7.lto_priv.63
 .text.CoreGetIoSpaceMap
                0x000000000000f649       0x1a /tmp/ccF7NaNG.ltrans12.ltrans.o
                0x000000000000f649                CoreGetIoSpaceMap
 .text.CoreGetMemorySpaceMap.part.4.lto_priv.64
                0x000000000000f663      0x182 /tmp/ccF7NaNG.ltrans12.ltrans.o
                0x000000000000f663                CoreGetMemorySpaceMap.part.4.lto_priv.64
 .text.CoreGetMemorySpaceMap
                0x000000000000f7e5       0x1a /tmp/ccF7NaNG.ltrans12.ltrans.o
                0x000000000000f7e5                CoreGetMemorySpaceMap
 .text.CoreGetMemorySpaceDescriptor.part.3.lto_priv.68
                0x000000000000f7ff      0x199 /tmp/ccF7NaNG.ltrans12.ltrans.o
                0x000000000000f7ff                CoreGetMemorySpaceDescriptor.part.3.lto_priv.68
 .text.CoreGetMemorySpaceDescriptor
                0x000000000000f998       0x15 /tmp/ccF7NaNG.ltrans12.ltrans.o
                0x000000000000f998                CoreGetMemorySpaceDescriptor
 .text.CoreConvertResourceDescriptorHobAttributesToCapabilities
                0x000000000000f9ad       0x31 /tmp/ccF7NaNG.ltrans12.ltrans.o
                0x000000000000f9ad                CoreConvertResourceDescriptorHobAttributesToCapabilities
 .text.CoreInitializeGcdServices
                0x000000000000f9de      0x73b /tmp/ccF7NaNG.ltrans12.ltrans.o
                0x000000000000f9de                CoreInitializeGcdServices
 .text.CoreLocateHandle
                0x0000000000010119       0x2a /tmp/ccF7NaNG.ltrans13.ltrans.o
                0x0000000000010119                CoreLocateHandle
 .text.CoreRegisterProtocolNotify
                0x0000000000010143      0x14c /tmp/ccF7NaNG.ltrans13.ltrans.o
                0x0000000000010143                CoreRegisterProtocolNotify
 .text.CoreDisconnectController
                0x000000000001028f      0x61e /tmp/ccF7NaNG.ltrans13.ltrans.o
                0x000000000001028f                CoreDisconnectController
 .text.AddSortedDriverBindingProtocol
                0x00000000000108ad      0x11f /tmp/ccF7NaNG.ltrans13.ltrans.o
 .text.CoreConnectController
                0x00000000000109cc      0x7ed /tmp/ccF7NaNG.ltrans13.ltrans.o
                0x00000000000109cc                CoreConnectController
 .text.CoreRemoveInterfaceFromProtocol
                0x00000000000111b9       0xe0 /tmp/ccF7NaNG.ltrans13.ltrans.o
                0x00000000000111b9                CoreRemoveInterfaceFromProtocol
 .text.CoreNotifyProtocolEntry
                0x0000000000011299       0xa4 /tmp/ccF7NaNG.ltrans13.ltrans.o
                0x0000000000011299                CoreNotifyProtocolEntry
 .text.CoreReinstallProtocolInterface
                0x000000000001133d      0x185 /tmp/ccF7NaNG.ltrans13.ltrans.o
                0x000000000001133d                CoreReinstallProtocolInterface
 .text.CoreReleaseLock
                0x00000000000114c2       0x7a /tmp/ccF7NaNG.ltrans13.ltrans.o
                0x00000000000114c2                CoreReleaseLock
 .text.CoreAcquireLock
                0x000000000001153c       0x7d /tmp/ccF7NaNG.ltrans13.ltrans.o
                0x000000000001153c                CoreAcquireLock
 .text.CoreGetMemoryMap
                0x00000000000115b9      0x89d /tmp/ccF7NaNG.ltrans14.ltrans.o
                0x00000000000115b9                CoreGetMemoryMap
 .text.CoreAllocatePages
                0x0000000000011e56      0x1a2 /tmp/ccF7NaNG.ltrans14.ltrans.o
                0x0000000000011e56                CoreAllocatePages
 .text.CoreConvertPagesEx
                0x0000000000011ff8      0x627 /tmp/ccF7NaNG.ltrans14.ltrans.o
                0x0000000000011ff8                CoreConvertPagesEx
 .text.CoreConvertPages
                0x000000000001261f       0x12 /tmp/ccF7NaNG.ltrans14.ltrans.o
                0x000000000001261f                CoreConvertPages
 .text.CoreFreePages
                0x0000000000012631      0x1fa /tmp/ccF7NaNG.ltrans14.ltrans.o
                0x0000000000012631                CoreFreePages
 .text.CoreGetNextLocateByRegisterNotify
                0x000000000001282b       0xc9 /tmp/ccF7NaNG.ltrans15.ltrans.o
 .text.CoreGetNextLocateByProtocol
                0x00000000000128f4       0x90 /tmp/ccF7NaNG.ltrans15.ltrans.o
 .text.CoreGetNextLocateAllHandles
                0x0000000000012984       0x73 /tmp/ccF7NaNG.ltrans15.ltrans.o
 .text.CoreInstallProtocolInterface
                0x00000000000129f7       0xc5 /tmp/ccF7NaNG.ltrans15.ltrans.o
                0x00000000000129f7                CoreInstallProtocolInterface
 .text.CoreFindProtocolEntry
                0x0000000000012abc      0x128 /tmp/ccF7NaNG.ltrans15.ltrans.o
                0x0000000000012abc                CoreFindProtocolEntry
 .text.CoreFindProtocolInterface
                0x0000000000012be4       0xc3 /tmp/ccF7NaNG.ltrans15.ltrans.o
                0x0000000000012be4                CoreFindProtocolInterface
 .text.CoreValidateHandle
                0x0000000000012ca7       0x8c /tmp/ccF7NaNG.ltrans15.ltrans.o
                0x0000000000012ca7                CoreValidateHandle
 .text.CoreGetProtocolInterface
                0x0000000000012d33       0x99 /tmp/ccF7NaNG.ltrans15.ltrans.o
                0x0000000000012d33                CoreGetProtocolInterface
 .text.CoreReleaseProtocolLock
                0x0000000000012dcc        0xc /tmp/ccF7NaNG.ltrans15.ltrans.o
                0x0000000000012dcc                CoreReleaseProtocolLock
 .text.CoreAcquireProtocolLock
                0x0000000000012dd8        0xc /tmp/ccF7NaNG.ltrans15.ltrans.o
                0x0000000000012dd8                CoreAcquireProtocolLock
 .text.CoreCloseProtocol
                0x0000000000012de4      0x1a7 /tmp/ccF7NaNG.ltrans15.ltrans.o
                0x0000000000012de4                CoreCloseProtocol
 .text.CoreOpenProtocol
                0x0000000000012f8b      0x3c0 /tmp/ccF7NaNG.ltrans15.ltrans.o
                0x0000000000012f8b                CoreOpenProtocol
 .text.CoreHandleProtocol
                0x000000000001334b       0x26 /tmp/ccF7NaNG.ltrans15.ltrans.o
                0x000000000001334b                CoreHandleProtocol
 .text.CoreDisconnectControllersUsingProtocolInterface
                0x0000000000013371      0x16d /tmp/ccF7NaNG.ltrans15.ltrans.o
                0x0000000000013371                CoreDisconnectControllersUsingProtocolInterface
 .text.CoreUninstallProtocolInterface
                0x00000000000134de      0x192 /tmp/ccF7NaNG.ltrans15.ltrans.o
                0x00000000000134de                CoreUninstallProtocolInterface
 .text.CoreUninstallMultipleProtocolInterfaces
                0x0000000000013670       0xa0 /tmp/ccF7NaNG.ltrans15.ltrans.o
                0x0000000000013670                CoreUninstallMultipleProtocolInterfaces
 .text.CoreLocateHandleBuffer.part.3.lto_priv.65
                0x0000000000013710       0xe1 /tmp/ccF7NaNG.ltrans15.ltrans.o
                0x0000000000013710                CoreLocateHandleBuffer.part.3.lto_priv.65
 .text.CoreLocateDevicePath.part.4.lto_priv.73
                0x00000000000137f1      0x206 /tmp/ccF7NaNG.ltrans15.ltrans.o
                0x00000000000137f1                CoreLocateDevicePath.part.4.lto_priv.73
 .text.CoreLocateDevicePath
                0x00000000000139f7       0x1a /tmp/ccF7NaNG.ltrans15.ltrans.o
                0x00000000000139f7                CoreLocateDevicePath
 .text.CoreInstallMultipleProtocolInterfaces
                0x0000000000013a11      0x160 /tmp/ccF7NaNG.ltrans15.ltrans.o
                0x0000000000013a11                CoreInstallMultipleProtocolInterfaces
 .text.CoreLocateHandleBuffer
                0x0000000000013b71       0x1f /tmp/ccF7NaNG.ltrans15.ltrans.o
                0x0000000000013b71                CoreLocateHandleBuffer
 .text.CoreLocateProtocol.part.2.lto_priv.52
                0x0000000000013b90      0x158 /tmp/ccF7NaNG.ltrans15.ltrans.o
                0x0000000000013b90                CoreLocateProtocol.part.2.lto_priv.52
 .text.CoreLocateProtocol
                0x0000000000013ce8       0x1a /tmp/ccF7NaNG.ltrans15.ltrans.o
                0x0000000000013ce8                CoreLocateProtocol
 .text.CoreLocateHandle.part.1.lto_priv.51
                0x0000000000013d02      0x24c /tmp/ccF7NaNG.ltrans15.ltrans.o
                0x0000000000013d02                CoreLocateHandle.part.1.lto_priv.51
 .text.ProfileProtocolSetRecordingState
                0x0000000000013f4e       0x1d /tmp/ccF7NaNG.ltrans16.ltrans.o
                0x0000000000013f4e                ProfileProtocolSetRecordingState
 .text.ProfileProtocolGetRecordingState
                0x0000000000013f6b       0x2e /tmp/ccF7NaNG.ltrans16.ltrans.o
                0x0000000000013f6b                ProfileProtocolGetRecordingState
 .text.ProfileProtocolUnregisterImage
                0x0000000000013f99      0x164 /tmp/ccF7NaNG.ltrans16.ltrans.o
                0x0000000000013f99                ProfileProtocolUnregisterImage
 .text.ProfileProtocolRegisterImage
                0x00000000000140fd      0x187 /tmp/ccF7NaNG.ltrans16.ltrans.o
                0x00000000000140fd                ProfileProtocolRegisterImage
 .text.ProfileProtocolGetData
                0x0000000000014284      0x275 /tmp/ccF7NaNG.ltrans16.ltrans.o
                0x0000000000014284                ProfileProtocolGetData
 .text.CoreUpdateProfileFree
                0x00000000000144f9      0x2e2 /tmp/ccF7NaNG.ltrans16.ltrans.o
 .text.IsMemoryTypeToGuard
                0x00000000000147db       0xce /tmp/ccF7NaNG.ltrans16.ltrans.o
                0x00000000000147db                IsMemoryTypeToGuard
 .text.UnsetGuardPage
                0x00000000000148a9       0x3f /tmp/ccF7NaNG.ltrans16.ltrans.o
                0x00000000000148a9                UnsetGuardPage
 .text.SetGuardPage
                0x00000000000148e8       0x33 /tmp/ccF7NaNG.ltrans16.ltrans.o
                0x00000000000148e8                SetGuardPage
 .text.FindGuardedMemoryMap
                0x000000000001491b      0x31d /tmp/ccF7NaNG.ltrans16.ltrans.o
                0x000000000001491b                FindGuardedMemoryMap
 .text.IsMemoryGuarded
                0x0000000000014c38       0xee /tmp/ccF7NaNG.ltrans16.ltrans.o
                0x0000000000014c38                IsMemoryGuarded
 .text.GetGuardedMemoryBits
                0x0000000000014d26      0x1ae /tmp/ccF7NaNG.ltrans16.ltrans.o
                0x0000000000014d26                GetGuardedMemoryBits
 .text.IsGuardPage
                0x0000000000014ed4       0xb5 /tmp/ccF7NaNG.ltrans16.ltrans.o
                0x0000000000014ed4                IsGuardPage
 .text.SetGuardForMemory
                0x0000000000014f89      0x1b9 /tmp/ccF7NaNG.ltrans16.ltrans.o
                0x0000000000014f89                SetGuardForMemory
 .text.CoreUpdateProfile
                0x0000000000015142      0x1f2 /tmp/ccF7NaNG.ltrans16.ltrans.o
                0x0000000000015142                CoreUpdateProfile
 .text.ProfileProtocolRecord
                0x0000000000015334       0x1d /tmp/ccF7NaNG.ltrans16.ltrans.o
                0x0000000000015334                ProfileProtocolRecord
 .text.GenericProtocolNotify
                0x0000000000015351      0x246 /tmp/ccF7NaNG.ltrans17.ltrans.o
 .text.CoreNotifyOnProtocolEntryTable
                0x0000000000015597      0x127 /tmp/ccF7NaNG.ltrans17.ltrans.o
                0x0000000000015597                CoreNotifyOnProtocolEntryTable
 .text.CoreProcessFvImageFile
                0x00000000000156be      0x634 /tmp/ccF7NaNG.ltrans17.ltrans.o
                0x00000000000156be                CoreProcessFvImageFile
 .text.CoreFwVolEventProtocolNotify
                0x0000000000015cf2      0x850 /tmp/ccF7NaNG.ltrans17.ltrans.o
                0x0000000000015cf2                CoreFwVolEventProtocolNotify
 .text.VerifyGuidedSectionGuid
                0x0000000000016542       0xdc /tmp/ccF7NaNG.ltrans18.ltrans.o
 .text.DumpModuleImageInfo
                0x000000000001661e      0x12f /tmp/ccF7NaNG.ltrans18.ltrans.o
 .text.OpenSectionStreamEx
                0x000000000001674d      0x105 /tmp/ccF7NaNG.ltrans18.ltrans.o
                0x000000000001674d                OpenSectionStreamEx
 .text.CreateChildNode
                0x0000000000016852      0x50e /tmp/ccF7NaNG.ltrans18.ltrans.o
                0x0000000000016852                CreateChildNode
 .text.NotifyGuidedExtraction
                0x0000000000016d60      0x21d /tmp/ccF7NaNG.ltrans18.ltrans.o
 .text.CommonExceptionHandler
                0x0000000000016f7d      0x586 /tmp/ccF7NaNG.ltrans18.ltrans.o
                0x0000000000016f7d                CommonExceptionHandler
 .text.CoreReadImageFile
                0x0000000000017503       0xc1 /tmp/ccF7NaNG.ltrans19.ltrans.o
                0x0000000000017503                CoreReadImageFile
 .text.CoreUnloadAndCloseImage
                0x00000000000175c4      0x603 /tmp/ccF7NaNG.ltrans19.ltrans.o
                0x00000000000175c4                CoreUnloadAndCloseImage
 .text.CoreLoadedImageInfo
                0x0000000000017bc7       0xac /tmp/ccF7NaNG.ltrans19.ltrans.o
                0x0000000000017bc7                CoreLoadedImageInfo
 .text.GetMachineTypeName
                0x0000000000017c73       0x59 /tmp/ccF7NaNG.ltrans19.ltrans.o
                0x0000000000017c73                GetMachineTypeName
 .text.FindStreamNode.part.3.lto_priv.53
                0x0000000000017ccc      0x12e /tmp/ccF7NaNG.ltrans19.ltrans.o
                0x0000000000017ccc                FindStreamNode.part.3.lto_priv.53
 .text.CloseSectionStream
                0x0000000000017dfa      0x1dd /tmp/ccF7NaNG.ltrans19.ltrans.o
                0x0000000000017dfa                CloseSectionStream
 .text.CoreFreeMemorySpace
                0x0000000000017fd7       0xe6 /tmp/ccF7NaNG.ltrans20.ltrans.o
                0x0000000000017fd7                CoreFreeMemorySpace
 .text.CoreInternalAddMemorySpace
                0x00000000000180bd       0xb3 /tmp/ccF7NaNG.ltrans20.ltrans.o
                0x00000000000180bd                CoreInternalAddMemorySpace
 .text.CoreAllocateSpace
                0x0000000000018170      0x699 /tmp/ccF7NaNG.ltrans20.ltrans.o
                0x0000000000018170                CoreAllocateSpace
 .text.CoreAllocateMemorySpace
                0x0000000000018809      0x1de /tmp/ccF7NaNG.ltrans20.ltrans.o
                0x0000000000018809                CoreAllocateMemorySpace
 .text.CoreAddMemorySpace
                0x00000000000189e7      0x1e5 /tmp/ccF7NaNG.ltrans20.ltrans.o
                0x00000000000189e7                CoreAddMemorySpace
 .text.CoreSetInterruptState
                0x0000000000018bcc       0x65 /tmp/ccF7NaNG.ltrans21.ltrans.o
 .text.CoreRaiseTpl
                0x0000000000018c31      0x137 /tmp/ccF7NaNG.ltrans21.ltrans.o
                0x0000000000018c31                CoreRaiseTpl
 .text.CoreRestoreTpl
                0x0000000000018d68      0x32f /tmp/ccF7NaNG.ltrans21.ltrans.o
                0x0000000000018d68                CoreRestoreTpl
 .text.NotifyFwVolBlock
                0x0000000000019097      0x868 /tmp/ccF7NaNG.ltrans21.ltrans.o
                0x0000000000019097                NotifyFwVolBlock
 .text.CoreSetWatchdogTimer
                0x00000000000198ff       0x44 /tmp/ccF7NaNG.ltrans22.ltrans.o
                0x00000000000198ff                CoreSetWatchdogTimer
 .text.CoreInternalWaitForTick
                0x0000000000019943       0x58 /tmp/ccF7NaNG.ltrans22.ltrans.o
 .text.CoreInstallConfigurationTable
                0x000000000001999b      0x1f9 /tmp/ccF7NaNG.ltrans22.ltrans.o
                0x000000000001999b                CoreInstallConfigurationTable
 .text.CoreStall
                0x0000000000019b94      0x122 /tmp/ccF7NaNG.ltrans22.ltrans.o
                0x0000000000019b94                CoreStall
 .text.CoreUnloadImage
                0x0000000000019cb6      0x104 /tmp/ccF7NaNG.ltrans22.ltrans.o
                0x0000000000019cb6                CoreUnloadImage
 .text.CoreUnloadImageEx
                0x0000000000019dba        0x8 /tmp/ccF7NaNG.ltrans22.ltrans.o
                0x0000000000019dba                CoreUnloadImageEx
 .text.CoreLoadImageEx
                0x0000000000019dc2      0x109 /tmp/ccF7NaNG.ltrans22.ltrans.o
                0x0000000000019dc2                CoreLoadImageEx
 .text.CoreLoadImage
                0x0000000000019ecb       0xfc /tmp/ccF7NaNG.ltrans22.ltrans.o
                0x0000000000019ecb                CoreLoadImage
 .text.GetImageRecordByAddress.lto_priv.72
                0x0000000000019fc7       0x85 /tmp/ccF7NaNG.ltrans22.ltrans.o
                0x0000000000019fc7                GetImageRecordByAddress.lto_priv.72
 .text.MergeMemoryMap
                0x000000000001a04c       0xc3 /tmp/ccF7NaNG.ltrans22.ltrans.o
                0x000000000001a04c                MergeMemoryMap
 .text.EfiSizeToPages.lto_priv.71
                0x000000000001a10f       0x29 /tmp/ccF7NaNG.ltrans22.ltrans.o
                0x000000000001a10f                EfiSizeToPages.lto_priv.71
 .text.CoreExit
                0x000000000001a138      0x1cb /tmp/ccF7NaNG.ltrans22.ltrans.o
                0x000000000001a138                CoreExit
 .text.CoreStartImage
                0x000000000001a303      0x493 /tmp/ccF7NaNG.ltrans22.ltrans.o
                0x000000000001a303                CoreStartImage
 .text.CoreEfiNotAvailableYetArg5
                0x000000000001a796        0xb /tmp/ccF7NaNG.ltrans23.ltrans.o
                0x000000000001a796                CoreEfiNotAvailableYetArg5
 .text.CoreEfiNotAvailableYetArg4
                0x000000000001a7a1        0xb /tmp/ccF7NaNG.ltrans23.ltrans.o
                0x000000000001a7a1                CoreEfiNotAvailableYetArg4
 .text.CoreEfiNotAvailableYetArg3
                0x000000000001a7ac        0xb /tmp/ccF7NaNG.ltrans23.ltrans.o
                0x000000000001a7ac                CoreEfiNotAvailableYetArg3
 .text.CoreEfiNotAvailableYetArg2
                0x000000000001a7b7        0xb /tmp/ccF7NaNG.ltrans23.ltrans.o
                0x000000000001a7b7                CoreEfiNotAvailableYetArg2
 .text.CoreEfiNotAvailableYetArg1
                0x000000000001a7c2        0xb /tmp/ccF7NaNG.ltrans23.ltrans.o
                0x000000000001a7c2                CoreEfiNotAvailableYetArg1
 .text.DxeMainUefiDecompressGetInfo
                0x000000000001a7cd       0x35 /tmp/ccF7NaNG.ltrans23.ltrans.o
                0x000000000001a7cd                DxeMainUefiDecompressGetInfo
 .text.DxeMainUefiDecompress
                0x000000000001a802      0x4ed /tmp/ccF7NaNG.ltrans23.ltrans.o
                0x000000000001a802                DxeMainUefiDecompress
 .text.ReportStatusCodeWithExtendedData.constprop.22
                0x000000000001acef       0x61 /tmp/ccF7NaNG.ltrans23.ltrans.o
                0x000000000001acef                ReportStatusCodeWithExtendedData.constprop.22
 .text.FindChildNode.constprop.1
                0x000000000001ad50      0x367 /tmp/ccF7NaNG.ltrans23.ltrans.o
                0x000000000001ad50                FindChildNode.constprop.1
 .text.CalculateEfiHdrCrc
                0x000000000001b0b7       0x3c /tmp/ccF7NaNG.ltrans23.ltrans.o
                0x000000000001b0b7                CalculateEfiHdrCrc
 .text.CoreExitBootServices
                0x000000000001b0f3      0x2cc /tmp/ccF7NaNG.ltrans23.ltrans.o
                0x000000000001b0f3                CoreExitBootServices
 .text.InstallMemoryAttributesTableOnReadyToBoot
                0x000000000001b3bf       0x9d /tmp/ccF7NaNG.ltrans24.ltrans.o
                0x000000000001b3bf                InstallMemoryAttributesTableOnReadyToBoot
 .text.SetUefiImageMemoryAttributes
                0x000000000001b45c      0x127 /tmp/ccF7NaNG.ltrans24.ltrans.o
                0x000000000001b45c                SetUefiImageMemoryAttributes
 .text.ProtectUefiImage
                0x000000000001b583      0x6b9 /tmp/ccF7NaNG.ltrans24.ltrans.o
                0x000000000001b583                ProtectUefiImage
 .text.InstallMemoryAttributesTableOnMemoryAllocation
                0x000000000001bc3c       0x17 /tmp/ccF7NaNG.ltrans24.ltrans.o
                0x000000000001bc3c                InstallMemoryAttributesTableOnMemoryAllocation
 .text.GetFileNameFromFilePath
                0x000000000001bc53       0x50 /tmp/ccF7NaNG.ltrans25.ltrans.o
 .text.GetMemoryProfileAllocInfoFromAddress
                0x000000000001bca3       0xe0 /tmp/ccF7NaNG.ltrans25.ltrans.o
                0x000000000001bca3                GetMemoryProfileAllocInfoFromAddress
 .text.GetMemoryProfileDriverInfoFromAddress
                0x000000000001bd83       0x7e /tmp/ccF7NaNG.ltrans25.ltrans.o
                0x000000000001bd83                GetMemoryProfileDriverInfoFromAddress
 .text.CoreUpdateProfileAllocate
                0x000000000001be01      0x26f /tmp/ccF7NaNG.ltrans25.ltrans.o
                0x000000000001be01                CoreUpdateProfileAllocate
 .text.NeedRecordThisDriver
                0x000000000001c070       0xe0 /tmp/ccF7NaNG.ltrans25.ltrans.o
                0x000000000001c070                NeedRecordThisDriver
 .text.InternalPeCoffGetEntryPoint
                0x000000000001c150       0xad /tmp/ccF7NaNG.ltrans25.ltrans.o
                0x000000000001c150                InternalPeCoffGetEntryPoint
 .text.UnregisterMemoryProfileImage
                0x000000000001c1fd      0x206 /tmp/ccF7NaNG.ltrans25.ltrans.o
                0x000000000001c1fd                UnregisterMemoryProfileImage
 .text.BuildDriverInfo
                0x000000000001c403      0x2ed /tmp/ccF7NaNG.ltrans25.ltrans.o
                0x000000000001c403                BuildDriverInfo
 .text.RegisterMemoryProfileImage
                0x000000000001c6f0       0xc4 /tmp/ccF7NaNG.ltrans25.ltrans.o
                0x000000000001c6f0                RegisterMemoryProfileImage
 .text.PeCoffLoaderGetPeHeaderMagicValue
                0x000000000001c7b4       0x19 /tmp/ccF7NaNG.ltrans25.ltrans.o
                0x000000000001c7b4                PeCoffLoaderGetPeHeaderMagicValue
 .text.InternalPeCoffGetSubsystem
                0x000000000001c7cd       0x7d /tmp/ccF7NaNG.ltrans25.ltrans.o
                0x000000000001c7cd                InternalPeCoffGetSubsystem
 .text.CoreInternalAllocatePages.part.3.lto_priv.55
                0x000000000001c84a      0x186 /tmp/ccF7NaNG.ltrans25.ltrans.o
                0x000000000001c84a                CoreInternalAllocatePages.part.3.lto_priv.55
 .text.CoreNotifyEvent
                0x000000000001c9d0       0x9b /tmp/ccF7NaNG.ltrans26.ltrans.o
 .text.CoreInsertEventTimer
                0x000000000001ca6b       0xce /tmp/ccF7NaNG.ltrans26.ltrans.o
 .text.PopBool  0x000000000001cb39       0x2d /tmp/ccF7NaNG.ltrans26.ltrans.o
                0x000000000001cb39                PopBool
 .text.PushBool
                0x000000000001cb66       0xca /tmp/ccF7NaNG.ltrans26.ltrans.o
                0x000000000001cb66                PushBool
 .text.CoreReleaseEventLock
                0x000000000001cc30        0xc /tmp/ccF7NaNG.ltrans26.ltrans.o
                0x000000000001cc30                CoreReleaseEventLock
 .text.CoreAcquireEventLock
                0x000000000001cc3c        0xc /tmp/ccF7NaNG.ltrans26.ltrans.o
                0x000000000001cc3c                CoreAcquireEventLock
 .text.CoreCheckEvent
                0x000000000001cc48      0x110 /tmp/ccF7NaNG.ltrans26.ltrans.o
                0x000000000001cc48                CoreCheckEvent
 .text.CoreCreateEventInternal
                0x000000000001cd58      0x25f /tmp/ccF7NaNG.ltrans26.ltrans.o
                0x000000000001cd58                CoreCreateEventInternal
 .text.CoreCreateEventEx
                0x000000000001cfb7       0x3c /tmp/ccF7NaNG.ltrans26.ltrans.o
                0x000000000001cfb7                CoreCreateEventEx
 .text.CoreCreateEvent
                0x000000000001cff3       0x21 /tmp/ccF7NaNG.ltrans26.ltrans.o
                0x000000000001cff3                CoreCreateEvent
 .text.CoreNotifySignalList
                0x000000000001d014       0x97 /tmp/ccF7NaNG.ltrans26.ltrans.o
                0x000000000001d014                CoreNotifySignalList
 .text.CoreSignalEvent
                0x000000000001d0ab       0xf8 /tmp/ccF7NaNG.ltrans26.ltrans.o
                0x000000000001d0ab                CoreSignalEvent
 .text.CoreWaitForEvent
                0x000000000001d1a3       0x8b /tmp/ccF7NaNG.ltrans26.ltrans.o
                0x000000000001d1a3                CoreWaitForEvent
 .text.CoreSetTimer
                0x000000000001d22e      0x1c8 /tmp/ccF7NaNG.ltrans26.ltrans.o
                0x000000000001d22e                CoreSetTimer
 .text.CoreCloseEvent
                0x000000000001d3f6      0x254 /tmp/ccF7NaNG.ltrans26.ltrans.o
                0x000000000001d3f6                CoreCloseEvent
 .text.CoreTimerTick
                0x000000000001d64a      0x133 /tmp/ccF7NaNG.ltrans26.ltrans.o
                0x000000000001d64a                CoreTimerTick
 .text.CoreCheckTimers
                0x000000000001d77d      0x197 /tmp/ccF7NaNG.ltrans26.ltrans.o
                0x000000000001d77d                CoreCheckTimers
 .text.DisableNullDetectionAtTheEndOfDxe
                0x000000000001d914      0x18d /tmp/ccF7NaNG.ltrans27.ltrans.o
                0x000000000001d914                DisableNullDetectionAtTheEndOfDxe
 .text.CoreAcquireLockOrFail
                0x000000000001daa1       0x8f /tmp/ccF7NaNG.ltrans27.ltrans.o
                0x000000000001daa1                CoreAcquireLockOrFail
 .text.SortMemoryMap.lto_priv.66.lto_priv.70
                0x000000000001db30       0xa7 /tmp/ccF7NaNG.ltrans27.ltrans.o
                0x000000000001db30                SortMemoryMap.lto_priv.66.lto_priv.70
 .text.GetPermissionAttributeForMemoryType.lto_priv.49
                0x000000000001dbd7       0x47 /tmp/ccF7NaNG.ltrans27.ltrans.o
                0x000000000001dbd7                GetPermissionAttributeForMemoryType.lto_priv.49
 .text.ApplyMemoryProtectionPolicy
                0x000000000001dc1e      0x132 /tmp/ccF7NaNG.ltrans27.ltrans.o
                0x000000000001dc1e                ApplyMemoryProtectionPolicy
 .text.MemoryProtectionCpuArchProtocolNotify
                0x000000000001dd50      0x58f /tmp/ccF7NaNG.ltrans27.ltrans.o
                0x000000000001dd50                MemoryProtectionCpuArchProtocolNotify
 .text.CoreFvToDevicePath
                0x000000000001e2df       0x64 /tmp/ccF7NaNG.ltrans28.ltrans.o
                0x000000000001e2df                CoreFvToDevicePath
 .text.CoreAddToDriverList
                0x000000000001e343       0xce /tmp/ccF7NaNG.ltrans28.ltrans.o
                0x000000000001e343                CoreAddToDriverList
 .text.CoreInsertOnScheduledQueueWhileProcessingBeforeAndAfter
                0x000000000001e411      0x2a1 /tmp/ccF7NaNG.ltrans28.ltrans.o
                0x000000000001e411                CoreInsertOnScheduledQueueWhileProcessingBeforeAndAfter
 .text.InternalReportStatusCodeEx.constprop.46
                0x000000000001e6b2      0x142 /tmp/ccF7NaNG.ltrans29.ltrans.o
                0x000000000001e6b2                InternalReportStatusCodeEx.constprop.46
 *fill*         0x000000000001e7f4        0xc 
 .text          0x000000000001e800       0x8f /mnt/c/SerranonOS/UEFI/vUDK2017/Build/DuetPkgX64/DEBUG_GCC5/X64/MdePkg/Library/BaseLib/BaseLib/OUTPUT/BaseLib.lib(SetJump.obj)
                0x000000000001e800                SetJump
 *fill*         0x000000000001e88f        0x1 
 .text          0x000000000001e890       0x7c /mnt/c/SerranonOS/UEFI/vUDK2017/Build/DuetPkgX64/DEBUG_GCC5/X64/MdePkg/Library/BaseLib/BaseLib/OUTPUT/BaseLib.lib(LongJump.obj)
                0x000000000001e890                InternalLongJump
 *fill*         0x000000000001e90c        0x4 
 .text          0x000000000001e910       0x27 /mnt/c/SerranonOS/UEFI/vUDK2017/Build/DuetPkgX64/DEBUG_GCC5/X64/MdePkg/Library/BaseLib/BaseLib/OUTPUT/BaseLib.lib(CpuId.obj)
                0x000000000001e910                AsmCpuid
 *fill*         0x000000000001e937        0x9 
 .text          0x000000000001e940       0x2f /mnt/c/SerranonOS/UEFI/vUDK2017/Build/DuetPkgX64/DEBUG_GCC5/X64/MdePkg/Library/BaseLib/BaseLib/OUTPUT/BaseLib.lib(CpuIdEx.obj)
                0x000000000001e940                AsmCpuidEx
 *fill*         0x000000000001e96f        0x1 
 .text          0x000000000001e970      0x3f8 /mnt/c/SerranonOS/UEFI/vUDK2017/Build/DuetPkgX64/DEBUG_GCC5/X64/UefiCpuPkg/Library/CpuExceptionHandlerLib/DxeCpuExceptionHandlerLib/OUTPUT/DxeCpuExceptionHandlerLib.lib(ExceptionHandlerAsm.obj)
                0x000000000001eb81                CommonInterruptEntry
                0x000000000001ed3d                AsmGetTemplateAddressMap
                0x000000000001ed61                AsmVectorNumFixup
 *(.rodata .rodata.* .gnu.linkonce.r.*)
 .rodata.str1.1
                0x000000000001ed68      0xb22 /tmp/ccF7NaNG.ltrans0.ltrans.o
                                        0xb2f (size before relaxing)
 *fill*         0x000000000001f88a        0x6 
 .rodata.mDoFarReturnFlag
                0x000000000001f890        0x8 /tmp/ccF7NaNG.ltrans0.ltrans.o
                0x000000000001f890                _gPcd_FixedAtBuild_PcdMemoryProfileMemoryType
                0x000000000001f890                _gPcd_FixedAtBuild_PcdDxeNxMemoryProtectionPolicy
                0x000000000001f890                _gPcd_FixedAtBuild_PcdHeapGuardPoolType
                0x000000000001f890                _gPcd_FixedAtBuild_PcdLoadModuleAtFixAddressEnable
                0x000000000001f890                _gPcd_FixedAtBuild_PcdHeapGuardPageType
                0x000000000001f890                mDoFarReturnFlag
 .rodata._gPcd_FixedAtBuild_PcdMemoryProfileDriverPath
                0x000000000001f898        0x1 /tmp/ccF7NaNG.ltrans0.ltrans.o
 .rodata.str1.1
                0x000000000001f899      0x5cd /tmp/ccF7NaNG.ltrans1.ltrans.o
                                        0x675 (size before relaxing)
 *fill*         0x000000000001fe66        0x2 
 .rodata.CoreLoadImageCommon
                0x000000000001fe68       0x2c /tmp/ccF7NaNG.ltrans1.ltrans.o
 .rodata.str1.1
                0x000000000001fe94      0x7ed /tmp/ccF7NaNG.ltrans2.ltrans.o
                                        0x885 (size before relaxing)
 .rodata.str1.1
                0x0000000000020681       0x34 /tmp/ccF7NaNG.ltrans3.ltrans.o
                                         0x95 (size before relaxing)
 .rodata._gPcd_FixedAtBuild_PcdSerialFifoControl
                0x00000000000206b5        0x1 /tmp/ccF7NaNG.ltrans3.ltrans.o
                0x00000000000206b5                _gPcd_FixedAtBuild_PcdReportStatusCodePropertyMask
                0x00000000000206b5                _gPcd_FixedAtBuild_PcdSerialFifoControl
 .rodata.str1.1
                0x00000000000206b6      0x2eb /tmp/ccF7NaNG.ltrans4.ltrans.o
                                        0x3d5 (size before relaxing)
 .rodata.str1.1
                0x00000000000209a1      0x488 /tmp/ccF7NaNG.ltrans5.ltrans.o
                                        0x514 (size before relaxing)
 .rodata._gPcd_FixedAtBuild_PcdCpuStackGuard
                0x0000000000020e29        0x1 /tmp/ccF7NaNG.ltrans5.ltrans.o
                0x0000000000020e29                _gPcd_FixedAtBuild_PcdFrameworkCompatibilitySupport
                0x0000000000020e29                _gPcd_FixedAtBuild_PcdVerifyNodeInList
                0x0000000000020e29                _gPcd_FixedAtBuild_PcdPerformanceLibraryPropertyMask
                0x0000000000020e29                _gPcd_FixedAtBuild_PcdHeapGuardPropertyMask
                0x0000000000020e29                _gPcd_FixedAtBuild_PcdSerialDetectCable
                0x0000000000020e29                _gPcd_FixedAtBuild_PcdSerialUseMmio
                0x0000000000020e29                _gPcd_FixedAtBuild_PcdNullPointerDetectionPropertyMask
                0x0000000000020e29                _gPcd_FixedAtBuild_PcdPropertiesTableEnable
                0x0000000000020e29                _gPcd_FixedAtBuild_PcdSerialUseHardwareFlowControl
                0x0000000000020e29                _gPcd_FixedAtBuild_PcdMemoryProfilePropertyMask
                0x0000000000020e29                _gPcd_FixedAtBuild_PcdCpuStackGuard
 *fill*         0x0000000000020e2a        0x6 
 .rodata.mHexStr
                0x0000000000020e30       0x10 /tmp/ccF7NaNG.ltrans5.ltrans.o
 .rodata._gPcd_FixedAtBuild_PcdMaximumUnicodeStringLength
                0x0000000000020e40        0x4 /tmp/ccF7NaNG.ltrans5.ltrans.o
                0x0000000000020e40                _gPcd_FixedAtBuild_PcdMaximumLinkedListLength
                0x0000000000020e40                _gPcd_FixedAtBuild_PcdMaximumAsciiStringLength
                0x0000000000020e40                _gPcd_FixedAtBuild_PcdMaximumUnicodeStringLength
 .rodata.str1.1
                0x0000000000020e44      0x51a /tmp/ccF7NaNG.ltrans6.ltrans.o
                                        0x5e7 (size before relaxing)
 .rodata.str1.1
                0x000000000002135e      0x291 /tmp/ccF7NaNG.ltrans7.ltrans.o
                                        0x2b8 (size before relaxing)
 *fill*         0x00000000000215ef        0x1 
 .rodata.mFvAttributes
                0x00000000000215f0        0x8 /tmp/ccF7NaNG.ltrans7.ltrans.o
 .rodata.mFvAttributes2
                0x00000000000215f8        0x8 /tmp/ccF7NaNG.ltrans7.ltrans.o
 .rodata.str1.1
                0x0000000000021600      0x21f /tmp/ccF7NaNG.ltrans8.ltrans.o
                                        0x2a1 (size before relaxing)
 *fill*         0x000000000002181f        0x1 
 .rodata.mPoolSizeTable.lto_priv.62
                0x0000000000021820       0x18 /tmp/ccF7NaNG.ltrans8.ltrans.o
                0x0000000000021820                mPoolSizeTable.lto_priv.62
 .rodata.str1.1
                0x0000000000021838      0x3cd /tmp/ccF7NaNG.ltrans9.ltrans.o
                                        0x436 (size before relaxing)
 .rodata.str1.1
                0x0000000000021c05      0x47b /tmp/ccF7NaNG.ltrans10.ltrans.o
                                        0x55d (size before relaxing)
 .rodata.mUefiDevicePathLibEndDevicePath
                0x0000000000022080        0x4 /tmp/ccF7NaNG.ltrans10.ltrans.o
 .rodata.str1.1
                0x0000000000022084      0x32e /tmp/ccF7NaNG.ltrans11.ltrans.o
                                        0x3b5 (size before relaxing)
 .rodata.str1.1
                0x00000000000223b2      0x522 /tmp/ccF7NaNG.ltrans12.ltrans.o
                                        0x5c2 (size before relaxing)
 .rodata.CoreInitializeGcdServices
                0x00000000000228d4       0x1c /tmp/ccF7NaNG.ltrans12.ltrans.o
 .rodata.str1.1
                0x00000000000228f0      0x171 /tmp/ccF7NaNG.ltrans13.ltrans.o
                                        0x19b (size before relaxing)
 .rodata.str1.1
                0x0000000000022a61      0x398 /tmp/ccF7NaNG.ltrans14.ltrans.o
                                        0x435 (size before relaxing)
 .rodata.str1.1
                0x0000000000022df9       0xe1 /tmp/ccF7NaNG.ltrans15.ltrans.o
                                        0x1c8 (size before relaxing)
 .rodata.str1.1
                0x0000000000022eda       0x5e /tmp/ccF7NaNG.ltrans16.ltrans.o
                                        0x167 (size before relaxing)
 .rodata.str1.1
                0x0000000000022f38      0x19c /tmp/ccF7NaNG.ltrans17.ltrans.o
                                        0x334 (size before relaxing)
 *fill*         0x00000000000230d4        0xc 
 .rodata.__FUNCTION__.13914
                0x00000000000230e0       0x17 /tmp/ccF7NaNG.ltrans17.ltrans.o
 .rodata.mDxeFileTypes
                0x00000000000230f7        0x5 /tmp/ccF7NaNG.ltrans17.ltrans.o
 .rodata.str1.1
                0x00000000000230fc      0x565 /tmp/ccF7NaNG.ltrans18.ltrans.o
                                        0x661 (size before relaxing)
 *fill*         0x0000000000023661        0x7 
 .rodata.mExceptionReservedStr
                0x0000000000023668        0x9 /tmp/ccF7NaNG.ltrans18.ltrans.o
 *fill*         0x0000000000023671        0x3 
 .rodata.mErrorCodeFlag
                0x0000000000023674        0x4 /tmp/ccF7NaNG.ltrans18.ltrans.o
                0x0000000000023674                mErrorCodeFlag
 .rodata.str1.1
                0x0000000000023678      0x1dd /tmp/ccF7NaNG.ltrans19.ltrans.o
                                        0x331 (size before relaxing)
 *fill*         0x0000000000023855        0x1 
 .rodata.str2.2
                0x0000000000023856       0x48 /tmp/ccF7NaNG.ltrans19.ltrans.o
 .rodata.str1.1
                0x000000000002389e      0x168 /tmp/ccF7NaNG.ltrans20.ltrans.o
                                        0x2b1 (size before relaxing)
 .rodata.str1.1
                0x0000000000023a06      0x231 /tmp/ccF7NaNG.ltrans21.ltrans.o
                                        0x2bd (size before relaxing)
 .rodata.str1.1
                0x0000000000023c37       0xb7 /tmp/ccF7NaNG.ltrans22.ltrans.o
                                        0x1c9 (size before relaxing)
 .rodata.str1.1
                0x0000000000023cee      0x15d /tmp/ccF7NaNG.ltrans23.ltrans.o
                                        0x2b7 (size before relaxing)
 .rodata.str1.1
                0x0000000000023e4b      0x172 /tmp/ccF7NaNG.ltrans24.ltrans.o
                                        0x3fd (size before relaxing)
 .rodata.str1.1
                0x0000000000023fbd       0x1e /tmp/ccF7NaNG.ltrans25.ltrans.o
                                        0x11d (size before relaxing)
 .rodata.str1.1
                0x0000000000023fdb       0x36 /tmp/ccF7NaNG.ltrans26.ltrans.o
                                        0x14c (size before relaxing)
 *fill*         0x0000000000024011        0xf 
 .rodata.mEventTable
                0x0000000000024020       0x20 /tmp/ccF7NaNG.ltrans26.ltrans.o
 .rodata.str1.1
                0x0000000000024040      0x15d /tmp/ccF7NaNG.ltrans27.ltrans.o
                                        0x2ba (size before relaxing)
 *fill*         0x000000000002419d        0x3 
 .rodata.__FUNCTION__.13948
                0x00000000000241a0       0x26 /tmp/ccF7NaNG.ltrans27.ltrans.o
 .rodata.str1.1
                0x00000000000241c6       0x7d /tmp/ccF7NaNG.ltrans28.ltrans.o
                                        0x100 (size before relaxing)
 .rodata.str1.1
                0x0000000000024243       0x7a /tmp/ccF7NaNG.ltrans29.ltrans.o
                                         0xd9 (size before relaxing)
 *(.got .got.*)
 .got           0x00000000000242bd        0x0 BaseDebugPrintErrorLevelLib.obj (symbol from plugin)
 .got.plt       0x00000000000242bd        0x0 BaseDebugPrintErrorLevelLib.obj (symbol from plugin)
                0x00000000000242bd                _GLOBAL_OFFSET_TABLE_
 *:AutoGen.obj(.data.g*Guid)

.plt            0x00000000000242c0        0x0
 .plt           0x00000000000242c0        0x0 BaseDebugPrintErrorLevelLib.obj (symbol from plugin)

.data           0x00000000000242c0     0x3b80
 *(.data .data.* .gnu.linkonce.d.*)
 .data.rel.local.mImageQueue
                0x00000000000242c0       0x10 /tmp/ccF7NaNG.ltrans0.ltrans.o
 .data.gEfiSmmBase2ProtocolGuid
                0x00000000000242d0       0x10 /tmp/ccF7NaNG.ltrans0.ltrans.o
 .data.gEfiSecurity2ArchProtocolGuid
                0x00000000000242e0       0x10 /tmp/ccF7NaNG.ltrans0.ltrans.o
 .data.gEfiRealTimeClockArchProtocolGuid
                0x00000000000242f0       0x10 /tmp/ccF7NaNG.ltrans0.ltrans.o
 .data.gEfiResetArchProtocolGuid
                0x0000000000024300       0x10 /tmp/ccF7NaNG.ltrans0.ltrans.o
 .data.gEfiMonotonicCounterArchProtocolGuid
                0x0000000000024310       0x10 /tmp/ccF7NaNG.ltrans0.ltrans.o
 .data.gEfiCapsuleArchProtocolGuid
                0x0000000000024320       0x10 /tmp/ccF7NaNG.ltrans0.ltrans.o
 .data.gEfiVariableWriteArchProtocolGuid
                0x0000000000024330       0x10 /tmp/ccF7NaNG.ltrans0.ltrans.o
 .data.gEfiVariableArchProtocolGuid
                0x0000000000024340       0x10 /tmp/ccF7NaNG.ltrans0.ltrans.o
 .data.gEfiRuntimeArchProtocolGuid
                0x0000000000024350       0x10 /tmp/ccF7NaNG.ltrans0.ltrans.o
                0x0000000000024350                gEfiRuntimeArchProtocolGuid
 .data.gEfiWatchdogTimerArchProtocolGuid
                0x0000000000024360       0x10 /tmp/ccF7NaNG.ltrans0.ltrans.o
 .data.gEfiBdsArchProtocolGuid
                0x0000000000024370       0x10 /tmp/ccF7NaNG.ltrans0.ltrans.o
 .data.gEfiTimerArchProtocolGuid
                0x0000000000024380       0x10 /tmp/ccF7NaNG.ltrans0.ltrans.o
                0x0000000000024380                gEfiTimerArchProtocolGuid
 .data.gEfiMetronomeArchProtocolGuid
                0x0000000000024390       0x10 /tmp/ccF7NaNG.ltrans0.ltrans.o
 .data.gEfiSecurityArchProtocolGuid
                0x00000000000243a0       0x10 /tmp/ccF7NaNG.ltrans0.ltrans.o
 *fill*         0x00000000000243b0       0x10 
 .data.rel.local.mDxeServices
                0x00000000000243c0       0xa8 /tmp/ccF7NaNG.ltrans0.ltrans.o
                0x00000000000243c0                mDxeServices
 *fill*         0x0000000000024468       0x18 
 .data.rel.local.mBootServices
                0x0000000000024480      0x178 /tmp/ccF7NaNG.ltrans0.ltrans.o
 *fill*         0x00000000000245f8        0x8 
 .data.rel.local.mMemoryProfileContext
                0x0000000000024600      0x148 /tmp/ccF7NaNG.ltrans0.ltrans.o
 *fill*         0x0000000000024748        0x8 
 .data.gEfiLoadPeImageProtocolGuid
                0x0000000000024750       0x10 /tmp/ccF7NaNG.ltrans0.ltrans.o
 .data.rel.local.mLoadPe32PrivateData
                0x0000000000024760       0x20 /tmp/ccF7NaNG.ltrans0.ltrans.o
 .data.gEfiLoadedImageProtocolGuid
                0x0000000000024780       0x10 /tmp/ccF7NaNG.ltrans0.ltrans.o
                0x0000000000024780                gEfiLoadedImageProtocolGuid
 .data.gEfiCurrentTpl
                0x0000000000024790        0x8 /tmp/ccF7NaNG.ltrans0.ltrans.o
                0x0000000000024790                gEfiCurrentTpl
 *fill*         0x0000000000024798        0x8 
 .data.mCorePrivateImage
                0x00000000000247a0      0x188 /tmp/ccF7NaNG.ltrans0.ltrans.o
 *fill*         0x0000000000024928        0x8 
 .data.gEfiHobMemoryAllocModuleGuid
                0x0000000000024930       0x10 /tmp/ccF7NaNG.ltrans0.ltrans.o
 .data.gEfiStatusCodeRuntimeProtocolGuid
                0x0000000000024940       0x10 /tmp/ccF7NaNG.ltrans0.ltrans.o
 .data.gEfiDebugImageInfoTableGuid
                0x0000000000024950       0x10 /tmp/ccF7NaNG.ltrans0.ltrans.o
 .data.gIdleLoopEventGuid
                0x0000000000024960       0x10 /tmp/ccF7NaNG.ltrans0.ltrans.o
 *fill*         0x0000000000024970       0x10 
 .data.rel.local.mProfileProtocol
                0x0000000000024980       0x30 /tmp/ccF7NaNG.ltrans0.ltrans.o
 .data.gEdkiiMemoryProfileGuid
                0x00000000000249b0       0x10 /tmp/ccF7NaNG.ltrans0.ltrans.o
 .data.gEfiEventReadyToBootGuid
                0x00000000000249c0       0x10 /tmp/ccF7NaNG.ltrans0.ltrans.o
 .data.gEfiEndOfDxeEventGroupGuid
                0x00000000000249d0       0x10 /tmp/ccF7NaNG.ltrans0.ltrans.o
 .data.gEfiCpuArchProtocolGuid
                0x00000000000249e0       0x10 /tmp/ccF7NaNG.ltrans0.ltrans.o
                0x00000000000249e0                gEfiCpuArchProtocolGuid
 *fill*         0x00000000000249f0       0x10 
 .data.rel.local.mOptionalProtocols
                0x0000000000024a00       0x78 /tmp/ccF7NaNG.ltrans0.ltrans.o
 *fill*         0x0000000000024a78        0x8 
 .data.gEfiFirmwareVolumeBlockProtocolGuid
                0x0000000000024a80       0x10 /tmp/ccF7NaNG.ltrans0.ltrans.o
                0x0000000000024a80                gEfiFirmwareVolumeBlockProtocolGuid
 .data.gEfiFirmwareVolume2ProtocolGuid
                0x0000000000024a90       0x10 /tmp/ccF7NaNG.ltrans0.ltrans.o
                0x0000000000024a90                gEfiFirmwareVolume2ProtocolGuid
 .data.rel.ro.local.mMissingProtocols
                0x0000000000024aa0       0xe0 /tmp/ccF7NaNG.ltrans0.ltrans.o
 .data.rel.local.mDiscoveredList
                0x0000000000024b80       0x10 /tmp/ccF7NaNG.ltrans0.ltrans.o
                0x0000000000024b80                mDiscoveredList
 *fill*         0x0000000000024b90       0x10 
 .data.rel.local.mArchProtocols
                0x0000000000024ba0      0x230 /tmp/ccF7NaNG.ltrans0.ltrans.o
                0x0000000000024ba0                mArchProtocols
 .data.rel.local.gEfiDecompress
                0x0000000000024dd0       0x10 /tmp/ccF7NaNG.ltrans0.ltrans.o
 .data.gEfiDecompressProtocolGuid
                0x0000000000024de0       0x10 /tmp/ccF7NaNG.ltrans0.ltrans.o
                0x0000000000024de0                gEfiDecompressProtocolGuid
 .data.gEfiVectorHandoffTableGuid
                0x0000000000024df0       0x10 /tmp/ccF7NaNG.ltrans0.ltrans.o
 .data.gMemoryTypeInformation
                0x0000000000024e00       0x80 /tmp/ccF7NaNG.ltrans0.ltrans.o
                0x0000000000024e00                gMemoryTypeInformation
 .data.gEfiMemoryTypeInformationGuid
                0x0000000000024e80       0x10 /tmp/ccF7NaNG.ltrans0.ltrans.o
 .data.gEfiHobListGuid
                0x0000000000024e90       0x10 /tmp/ccF7NaNG.ltrans0.ltrans.o
 .data.gEfiDxeServicesTableGuid
                0x0000000000024ea0       0x10 /tmp/ccF7NaNG.ltrans0.ltrans.o
 .data.rel.local.gDxeCoreRT
                0x0000000000024eb0        0x8 /tmp/ccF7NaNG.ltrans0.ltrans.o
                0x0000000000024eb0                gDxeCoreRT
 *fill*         0x0000000000024eb8        0x8 
 .data.rel.local.mEfiRuntimeServicesTableTemplate
                0x0000000000024ec0       0x88 /tmp/ccF7NaNG.ltrans0.ltrans.o
 *fill*         0x0000000000024f48       0x18 
 .data.rel.local.mEfiSystemTableTemplate
                0x0000000000024f60       0x78 /tmp/ccF7NaNG.ltrans0.ltrans.o
 *fill*         0x0000000000024fd8        0x8 
 .data.gEfiVectorHandoffInfoPpiGuid
                0x0000000000024fe0       0x10 /tmp/ccF7NaNG.ltrans0.ltrans.o
 .data.gEfiEbcProtocolGuid
                0x0000000000024ff0       0x10 /tmp/ccF7NaNG.ltrans1.ltrans.o
 .data.gEfiFileInfoGuid
                0x0000000000025000       0x10 /tmp/ccF7NaNG.ltrans1.ltrans.o
 .data.gEfiHiiPackageListProtocolGuid
                0x0000000000025010       0x10 /tmp/ccF7NaNG.ltrans1.ltrans.o
                0x0000000000025010                gEfiHiiPackageListProtocolGuid
 .data.gEfiLoadFileProtocolGuid
                0x0000000000025020       0x10 /tmp/ccF7NaNG.ltrans1.ltrans.o
 .data.gEfiLoadFile2ProtocolGuid
                0x0000000000025030       0x10 /tmp/ccF7NaNG.ltrans1.ltrans.o
 .data.gEfiSimpleFileSystemProtocolGuid
                0x0000000000025040       0x10 /tmp/ccF7NaNG.ltrans1.ltrans.o
 .data.gEfiStatusCodeDataTypeDebugGuid
                0x0000000000025050       0x10 /tmp/ccF7NaNG.ltrans2.ltrans.o
 .data.mPropertiesTableLock
                0x0000000000025060       0x18 /tmp/ccF7NaNG.ltrans4.ltrans.o
 *fill*         0x0000000000025078        0x8 
 .data.rel.local.mImagePropertiesPrivateData
                0x0000000000025080       0x28 /tmp/ccF7NaNG.ltrans4.ltrans.o
                0x0000000000025080                mImagePropertiesPrivateData
 *fill*         0x00000000000250a8        0x8 
 .data.gEfiPropertiesTableGuid
                0x00000000000250b0       0x10 /tmp/ccF7NaNG.ltrans4.ltrans.o
 .data.gEfiMemoryAttributesTableGuid
                0x00000000000250c0       0x10 /tmp/ccF7NaNG.ltrans4.ltrans.o
 .data.mPropertiesTable
                0x00000000000250d0       0x10 /tmp/ccF7NaNG.ltrans4.ltrans.o
 .data.gMemoryLock
                0x00000000000250e0       0x18 /tmp/ccF7NaNG.ltrans5.ltrans.o
                0x00000000000250e0                gMemoryLock
 *fill*         0x00000000000250f8        0x8 
 .data.rel.local.mGcdMemorySpaceMap
                0x0000000000025100       0x10 /tmp/ccF7NaNG.ltrans5.ltrans.o
                0x0000000000025100                mGcdMemorySpaceMap
 .data.mDefaultBaseAddress
                0x0000000000025110        0x8 /tmp/ccF7NaNG.ltrans5.ltrans.o
                0x0000000000025110                mDefaultBaseAddress
 .data.mDefaultMaximumAddress
                0x0000000000025118        0x8 /tmp/ccF7NaNG.ltrans5.ltrans.o
                0x0000000000025118                mDefaultMaximumAddress
 .data.mMemoryTypeStatistics
                0x0000000000025120      0x300 /tmp/ccF7NaNG.ltrans5.ltrans.o
                0x0000000000025120                mMemoryTypeStatistics
 .data.rel.local.gMemoryMap
                0x0000000000025420       0x10 /tmp/ccF7NaNG.ltrans5.ltrans.o
                0x0000000000025420                gMemoryMap
 *fill*         0x0000000000025430       0x10 
 .data.rel.ro.local.mStatusString
                0x0000000000025440      0x138 /tmp/ccF7NaNG.ltrans5.ltrans.o
 *fill*         0x0000000000025578        0x8 
 .data.gEfiAcpiDescriptionGuid
                0x0000000000025580       0x10 /tmp/ccF7NaNG.ltrans6.ltrans.o
 .data.mFvPIWGDevicePathTemplate
                0x0000000000025590       0x18 /tmp/ccF7NaNG.ltrans7.ltrans.o
 *fill*         0x00000000000255a8        0x8 
 .data.mFvMemmapDevicePathTemplate
                0x00000000000255b0       0x1c /tmp/ccF7NaNG.ltrans7.ltrans.o
 *fill*         0x00000000000255cc       0x14 
 .data.rel.local.mFwVolBlock
                0x00000000000255e0       0x80 /tmp/ccF7NaNG.ltrans7.ltrans.o
 .data.rel.local.mStreamRoot
                0x0000000000025660       0x10 /tmp/ccF7NaNG.ltrans7.ltrans.o
                0x0000000000025660                mStreamRoot
 .data.gEfiFirmwareFileSystem2Guid
                0x0000000000025670       0x10 /tmp/ccF7NaNG.ltrans7.ltrans.o
 .data.rel.local.mPoolHeadList
                0x0000000000025680       0x10 /tmp/ccF7NaNG.ltrans8.ltrans.o
 .data.mPoolMemoryLock
                0x0000000000025690       0x18 /tmp/ccF7NaNG.ltrans8.ltrans.o
 *fill*         0x00000000000256a8        0x8 
 .data.gEfiEventMemoryMapChangeGuid
                0x00000000000256b0       0x10 /tmp/ccF7NaNG.ltrans8.ltrans.o
 .data.rel.local.mFreeMemoryMapEntryList
                0x00000000000256c0       0x10 /tmp/ccF7NaNG.ltrans8.ltrans.o
 .data.rel.local.gHandleList
                0x00000000000256d0       0x10 /tmp/ccF7NaNG.ltrans9.ltrans.o
                0x00000000000256d0                gHandleList
 .data.mGcdMemorySpaceLock
                0x00000000000256e0       0x18 /tmp/ccF7NaNG.ltrans9.ltrans.o
 *fill*         0x00000000000256f8        0x8 
 .data.mDispatcherLock
                0x0000000000025700       0x18 /tmp/ccF7NaNG.ltrans11.ltrans.o
 *fill*         0x0000000000025718        0x8 
 .data.gEfiEventDxeDispatchGuid
                0x0000000000025720       0x10 /tmp/ccF7NaNG.ltrans11.ltrans.o
 *fill*         0x0000000000025730       0x10 
 .data.rel.ro.local.mGcdIoTypeNames
                0x0000000000025740       0x20 /tmp/ccF7NaNG.ltrans12.ltrans.o
                0x0000000000025740                mGcdIoTypeNames
 .data.rel.ro.local.mGcdAllocationTypeNames
                0x0000000000025760       0x30 /tmp/ccF7NaNG.ltrans12.ltrans.o
                0x0000000000025760                mGcdAllocationTypeNames
 *fill*         0x0000000000025790       0x10 
 .data.mAttributeConversionTable
                0x00000000000257a0      0x168 /tmp/ccF7NaNG.ltrans12.ltrans.o
 *fill*         0x0000000000025908       0x18 
 .data.mGcdIoSpaceMapEntryTemplate
                0x0000000000025920       0x50 /tmp/ccF7NaNG.ltrans12.ltrans.o
 *fill*         0x0000000000025970       0x10 
 .data.mGcdMemorySpaceMapEntryTemplate
                0x0000000000025980       0x50 /tmp/ccF7NaNG.ltrans12.ltrans.o
 .data.mGcdIoSpaceLock
                0x00000000000259d0       0x18 /tmp/ccF7NaNG.ltrans12.ltrans.o
                0x00000000000259d0                mGcdIoSpaceLock
 *fill*         0x00000000000259e8        0x8 
 .data.rel.local.mGcdIoSpaceMap
                0x00000000000259f0       0x10 /tmp/ccF7NaNG.ltrans12.ltrans.o
                0x00000000000259f0                mGcdIoSpaceMap
 .data.gEfiBusSpecificDriverOverrideProtocolGuid
                0x0000000000025a00       0x10 /tmp/ccF7NaNG.ltrans13.ltrans.o
 .data.gEfiDriverFamilyOverrideProtocolGuid
                0x0000000000025a10       0x10 /tmp/ccF7NaNG.ltrans13.ltrans.o
 .data.gEfiPlatformDriverOverrideProtocolGuid
                0x0000000000025a20       0x10 /tmp/ccF7NaNG.ltrans13.ltrans.o
 .data.gEfiDriverBindingProtocolGuid
                0x0000000000025a30       0x10 /tmp/ccF7NaNG.ltrans13.ltrans.o
 .data.gProtocolDatabaseLock
                0x0000000000025a40       0x18 /tmp/ccF7NaNG.ltrans15.ltrans.o
                0x0000000000025a40                gProtocolDatabaseLock
 *fill*         0x0000000000025a58        0x8 
 .data.mMemoryProfileLock
                0x0000000000025a60       0x18 /tmp/ccF7NaNG.ltrans16.ltrans.o
 *fill*         0x0000000000025a78        0x8 
 .data.mLevelShift
                0x0000000000025a80       0x28 /tmp/ccF7NaNG.ltrans16.ltrans.o
                0x0000000000025a80                mLevelShift
 *fill*         0x0000000000025aa8       0x18 
 .data.mLevelMask
                0x0000000000025ac0       0x28 /tmp/ccF7NaNG.ltrans16.ltrans.o
                0x0000000000025ac0                mLevelMask
 .data.mMapLevel
                0x0000000000025ae8        0x8 /tmp/ccF7NaNG.ltrans16.ltrans.o
                0x0000000000025ae8                mMapLevel
 .data.rel.local.mFvHandleList
                0x0000000000025af0       0x10 /tmp/ccF7NaNG.ltrans17.ltrans.o
 .data.rel.local.mScheduledQueue
                0x0000000000025b00       0x10 /tmp/ccF7NaNG.ltrans17.ltrans.o
                0x0000000000025b00                mScheduledQueue
 .data.gAprioriGuid
                0x0000000000025b10       0x10 /tmp/ccF7NaNG.ltrans17.ltrans.o
 .data.gEfiDevicePathProtocolGuid
                0x0000000000025b20       0x10 /tmp/ccF7NaNG.ltrans17.ltrans.o
                0x0000000000025b20                gEfiDevicePathProtocolGuid
 *fill*         0x0000000000025b30       0x10 
 .data.rel.ro.local.mExceptionNameStr
                0x0000000000025b40       0xa8 /tmp/ccF7NaNG.ltrans18.ltrans.o
 *fill*         0x0000000000025be8       0x18 
 .data.rel.ro.local.mMachineTypeInfo
                0x0000000000025c00       0x50 /tmp/ccF7NaNG.ltrans19.ltrans.o
 *fill*         0x0000000000025c50       0x10 
 .data.rel.ro.local.mGcdMemoryTypeNames
                0x0000000000025c60       0x38 /tmp/ccF7NaNG.ltrans20.ltrans.o
                0x0000000000025c60                mGcdMemoryTypeNames
 *fill*         0x0000000000025c98        0x8 
 .data.gEfiFirmwareFileSystem3Guid
                0x0000000000025ca0       0x10 /tmp/ccF7NaNG.ltrans21.ltrans.o
                0x0000000000025ca0                gEfiFirmwareFileSystem3Guid
 *fill*         0x0000000000025cb0       0x10 
 .data.rel.local.mFvDevice
                0x0000000000025cc0       0xa0 /tmp/ccF7NaNG.ltrans21.ltrans.o
 .data.rel.local.gRuntimeTemplate
                0x0000000000025d60       0x50 /tmp/ccF7NaNG.ltrans23.ltrans.o
                0x0000000000025d60                gRuntimeTemplate
 .data.rel.local.gRuntime
                0x0000000000025db0        0x8 /tmp/ccF7NaNG.ltrans23.ltrans.o
                0x0000000000025db0                gRuntime
 *fill*         0x0000000000025db8        0x8 
 .data.gEfiEventExitBootServicesGuid
                0x0000000000025dc0       0x10 /tmp/ccF7NaNG.ltrans23.ltrans.o
                0x0000000000025dc0                gEfiEventExitBootServicesGuid
 .data.gEventExitBootServicesFailedGuid
                0x0000000000025dd0       0x10 /tmp/ccF7NaNG.ltrans23.ltrans.o
 .data.rel.local.mEfiTimerList
                0x0000000000025de0       0x10 /tmp/ccF7NaNG.ltrans26.ltrans.o
 .data.mEfiSystemTimeLock
                0x0000000000025df0       0x18 /tmp/ccF7NaNG.ltrans26.ltrans.o
 *fill*         0x0000000000025e08        0x8 
 .data.mEfiTimerLock
                0x0000000000025e10       0x18 /tmp/ccF7NaNG.ltrans26.ltrans.o
 *fill*         0x0000000000025e28        0x8 
 .data.gEventQueueLock
                0x0000000000025e30       0x18 /tmp/ccF7NaNG.ltrans26.ltrans.o
                0x0000000000025e30                gEventQueueLock
 *fill*         0x0000000000025e48        0x8 
 .data.rel.local.gEventSignalQueue
                0x0000000000025e50       0x10 /tmp/ccF7NaNG.ltrans26.ltrans.o
 .data.gEfiEventVirtualAddressChangeGuid
                0x0000000000025e60       0x10 /tmp/ccF7NaNG.ltrans26.ltrans.o
 .data.rel.local.mProtocolDatabase
                0x0000000000025e70       0x10 /tmp/ccF7NaNG.ltrans26.ltrans.o
                0x0000000000025e70                mProtocolDatabase
 .data.gEfiLoadedImageDevicePathProtocolGuid
                0x0000000000025e80       0x10 /tmp/ccF7NaNG.ltrans27.ltrans.o
                0x0000000000025e80                gEfiLoadedImageDevicePathProtocolGuid
 .data.gEfiCallerIdGuid
                0x0000000000025e90       0x10 /tmp/ccF7NaNG.ltrans29.ltrans.o
                0x0000000000025e90                gEfiCallerIdGuid
 .data.gEfiStatusCodeSpecificDataGuid
                0x0000000000025ea0       0x10 /tmp/ccF7NaNG.ltrans29.ltrans.o
 *(.bss .bss.*)
 .bss.gSmmBase2
                0x0000000000025eb0        0x8 /tmp/ccF7NaNG.ltrans0.ltrans.o
                0x0000000000025eb0                gSmmBase2
 .bss.gSecurity2