Archive member included to satisfy reference by file (symbol)

/home/william/SerranonOS/UEFI/vUDK2017/Build/DuetPkgX64/DEBUG_GCC5/X64/MdePkg/Library/BaseLib/BaseLib/OUTPUT/BaseLib.lib(CheckSum.obj)
                              (--whole-archive)
/home/william/SerranonOS/UEFI/vUDK2017/Build/DuetPkgX64/DEBUG_GCC5/X64/MdePkg/Library/BaseLib/BaseLib/OUTPUT/BaseLib.lib(SwitchStack.obj)
                              (--whole-archive)
/home/william/SerranonOS/UEFI/vUDK2017/Build/DuetPkgX64/DEBUG_GCC5/X64/MdePkg/Library/BaseLib/BaseLib/OUTPUT/BaseLib.lib(SwapBytes64.obj)
                              (--whole-archive)
/home/william/SerranonOS/UEFI/vUDK2017/Build/DuetPkgX64/DEBUG_GCC5/X64/MdePkg/Library/BaseLib/BaseLib/OUTPUT/BaseLib.lib(SwapBytes32.obj)
                              (--whole-archive)
/home/william/SerranonOS/UEFI/vUDK2017/Build/DuetPkgX64/DEBUG_GCC5/X64/MdePkg/Library/BaseLib/BaseLib/OUTPUT/BaseLib.lib(SwapBytes16.obj)
                              (--whole-archive)
/home/william/SerranonOS/UEFI/vUDK2017/Build/DuetPkgX64/DEBUG_GCC5/X64/MdePkg/Library/BaseLib/BaseLib/OUTPUT/BaseLib.lib(LongJump.obj)
                              (--whole-archive)
/home/william/SerranonOS/UEFI/vUDK2017/Build/DuetPkgX64/DEBUG_GCC5/X64/MdePkg/Library/BaseLib/BaseLib/OUTPUT/BaseLib.lib(SetJump.obj)
                              (--whole-archive)
/home/william/SerranonOS/UEFI/vUDK2017/Build/DuetPkgX64/DEBUG_GCC5/X64/MdePkg/Library/BaseLib/BaseLib/OUTPUT/BaseLib.lib(RShiftU64.obj)
                              (--whole-archive)
/home/william/SerranonOS/UEFI/vUDK2017/Build/DuetPkgX64/DEBUG_GCC5/X64/MdePkg/Library/BaseLib/BaseLib/OUTPUT/BaseLib.lib(RRotU64.obj)
                              (--whole-archive)
/home/william/SerranonOS/UEFI/vUDK2017/Build/DuetPkgX64/DEBUG_GCC5/X64/MdePkg/Library/BaseLib/BaseLib/OUTPUT/BaseLib.lib(RRotU32.obj)
                              (--whole-archive)
/home/william/SerranonOS/UEFI/vUDK2017/Build/DuetPkgX64/DEBUG_GCC5/X64/MdePkg/Library/BaseLib/BaseLib/OUTPUT/BaseLib.lib(MultU64x64.obj)
                              (--whole-archive)
/home/william/SerranonOS/UEFI/vUDK2017/Build/DuetPkgX64/DEBUG_GCC5/X64/MdePkg/Library/BaseLib/BaseLib/OUTPUT/BaseLib.lib(MultU64x32.obj)
                              (--whole-archive)
/home/william/SerranonOS/UEFI/vUDK2017/Build/DuetPkgX64/DEBUG_GCC5/X64/MdePkg/Library/BaseLib/BaseLib/OUTPUT/BaseLib.lib(MultS64x64.obj)
                              (--whole-archive)
/home/william/SerranonOS/UEFI/vUDK2017/Build/DuetPkgX64/DEBUG_GCC5/X64/MdePkg/Library/BaseLib/BaseLib/OUTPUT/BaseLib.lib(ModU64x32.obj)
                              (--whole-archive)
/home/william/SerranonOS/UEFI/vUDK2017/Build/DuetPkgX64/DEBUG_GCC5/X64/MdePkg/Library/BaseLib/BaseLib/OUTPUT/BaseLib.lib(LShiftU64.obj)
                              (--whole-archive)
/home/william/SerranonOS/UEFI/vUDK2017/Build/DuetPkgX64/DEBUG_GCC5/X64/MdePkg/Library/BaseLib/BaseLib/OUTPUT/BaseLib.lib(LRotU64.obj)
                              (--whole-archive)
/home/william/SerranonOS/UEFI/vUDK2017/Build/DuetPkgX64/DEBUG_GCC5/X64/MdePkg/Library/BaseLib/BaseLib/OUTPUT/BaseLib.lib(LRotU32.obj)
                              (--whole-archive)
/home/william/SerranonOS/UEFI/vUDK2017/Build/DuetPkgX64/DEBUG_GCC5/X64/MdePkg/Library/BaseLib/BaseLib/OUTPUT/BaseLib.lib(LowBitSet64.obj)
                              (--whole-archive)
/home/william/SerranonOS/UEFI/vUDK2017/Build/DuetPkgX64/DEBUG_GCC5/X64/MdePkg/Library/BaseLib/BaseLib/OUTPUT/BaseLib.lib(LowBitSet32.obj)
                              (--whole-archive)
/home/william/SerranonOS/UEFI/vUDK2017/Build/DuetPkgX64/DEBUG_GCC5/X64/MdePkg/Library/BaseLib/BaseLib/OUTPUT/BaseLib.lib(HighBitSet64.obj)
                              (--whole-archive)
/home/william/SerranonOS/UEFI/vUDK2017/Build/DuetPkgX64/DEBUG_GCC5/X64/MdePkg/Library/BaseLib/BaseLib/OUTPUT/BaseLib.lib(HighBitSet32.obj)
                              (--whole-archive)
/home/william/SerranonOS/UEFI/vUDK2017/Build/DuetPkgX64/DEBUG_GCC5/X64/MdePkg/Library/BaseLib/BaseLib/OUTPUT/BaseLib.lib(GetPowerOfTwo64.obj)
                              (--whole-archive)
/home/william/SerranonOS/UEFI/vUDK2017/Build/DuetPkgX64/DEBUG_GCC5/X64/MdePkg/Library/BaseLib/BaseLib/OUTPUT/BaseLib.lib(GetPowerOfTwo32.obj)
                              (--whole-archive)
/home/william/SerranonOS/UEFI/vUDK2017/Build/DuetPkgX64/DEBUG_GCC5/X64/MdePkg/Library/BaseLib/BaseLib/OUTPUT/BaseLib.lib(DivU64x64Remainder.obj)
                              (--whole-archive)
/home/william/SerranonOS/UEFI/vUDK2017/Build/DuetPkgX64/DEBUG_GCC5/X64/MdePkg/Library/BaseLib/BaseLib/OUTPUT/BaseLib.lib(DivU64x32Remainder.obj)
                              (--whole-archive)
/home/william/SerranonOS/UEFI/vUDK2017/Build/DuetPkgX64/DEBUG_GCC5/X64/MdePkg/Library/BaseLib/BaseLib/OUTPUT/BaseLib.lib(DivU64x32.obj)
                              (--whole-archive)
/home/william/SerranonOS/UEFI/vUDK2017/Build/DuetPkgX64/DEBUG_GCC5/X64/MdePkg/Library/BaseLib/BaseLib/OUTPUT/BaseLib.lib(DivS64x64Remainder.obj)
                              (--whole-archive)
/home/william/SerranonOS/UEFI/vUDK2017/Build/DuetPkgX64/DEBUG_GCC5/X64/MdePkg/Library/BaseLib/BaseLib/OUTPUT/BaseLib.lib(ARShiftU64.obj)
                              (--whole-archive)
/home/william/SerranonOS/UEFI/vUDK2017/Build/DuetPkgX64/DEBUG_GCC5/X64/MdePkg/Library/BaseLib/BaseLib/OUTPUT/BaseLib.lib(BitField.obj)
                              (--whole-archive)
/home/william/SerranonOS/UEFI/vUDK2017/Build/DuetPkgX64/DEBUG_GCC5/X64/MdePkg/Library/BaseLib/BaseLib/OUTPUT/BaseLib.lib(CpuDeadLoop.obj)
                              (--whole-archive)
/home/william/SerranonOS/UEFI/vUDK2017/Build/DuetPkgX64/DEBUG_GCC5/X64/MdePkg/Library/BaseLib/BaseLib/OUTPUT/BaseLib.lib(Cpu.obj)
                              (--whole-archive)
/home/william/SerranonOS/UEFI/vUDK2017/Build/DuetPkgX64/DEBUG_GCC5/X64/MdePkg/Library/BaseLib/BaseLib/OUTPUT/BaseLib.lib(LinkedList.obj)
                              (--whole-archive)
/home/william/SerranonOS/UEFI/vUDK2017/Build/DuetPkgX64/DEBUG_GCC5/X64/MdePkg/Library/BaseLib/BaseLib/OUTPUT/BaseLib.lib(SafeString.obj)
                              (--whole-archive)
/home/william/SerranonOS/UEFI/vUDK2017/Build/DuetPkgX64/DEBUG_GCC5/X64/MdePkg/Library/BaseLib/BaseLib/OUTPUT/BaseLib.lib(String.obj)
                              (--whole-archive)
/home/william/SerranonOS/UEFI/vUDK2017/Build/DuetPkgX64/DEBUG_GCC5/X64/MdePkg/Library/BaseLib/BaseLib/OUTPUT/BaseLib.lib(FilePaths.obj)
                              (--whole-archive)
/home/william/SerranonOS/UEFI/vUDK2017/Build/DuetPkgX64/DEBUG_GCC5/X64/MdePkg/Library/BaseLib/BaseLib/OUTPUT/BaseLib.lib(Thunk16.obj)
                              (--whole-archive)
/home/william/SerranonOS/UEFI/vUDK2017/Build/DuetPkgX64/DEBUG_GCC5/X64/MdePkg/Library/BaseLib/BaseLib/OUTPUT/BaseLib.lib(WriteTr.obj)
                              (--whole-archive)
/home/william/SerranonOS/UEFI/vUDK2017/Build/DuetPkgX64/DEBUG_GCC5/X64/MdePkg/Library/BaseLib/BaseLib/OUTPUT/BaseLib.lib(Non-existing.obj)
                              (--whole-archive)
/home/william/SerranonOS/UEFI/vUDK2017/Build/DuetPkgX64/DEBUG_GCC5/X64/MdePkg/Library/BaseLib/BaseLib/OUTPUT/BaseLib.lib(Math64.obj)
                              (--whole-archive)
/home/william/SerranonOS/UEFI/vUDK2017/Build/DuetPkgX64/DEBUG_GCC5/X64/MdePkg/Library/BaseLib/BaseLib/OUTPUT/BaseLib.lib(Unaligned.obj)
                              (--whole-archive)
/home/william/SerranonOS/UEFI/vUDK2017/Build/DuetPkgX64/DEBUG_GCC5/X64/MdePkg/Library/BaseLib/BaseLib/OUTPUT/BaseLib.lib(X86WriteIdtr.obj)
                              (--whole-archive)
/home/william/SerranonOS/UEFI/vUDK2017/Build/DuetPkgX64/DEBUG_GCC5/X64/MdePkg/Library/BaseLib/BaseLib/OUTPUT/BaseLib.lib(X86WriteGdtr.obj)
                              (--whole-archive)
/home/william/SerranonOS/UEFI/vUDK2017/Build/DuetPkgX64/DEBUG_GCC5/X64/MdePkg/Library/BaseLib/BaseLib/OUTPUT/BaseLib.lib(X86Thunk.obj)
                              (--whole-archive)
/home/william/SerranonOS/UEFI/vUDK2017/Build/DuetPkgX64/DEBUG_GCC5/X64/MdePkg/Library/BaseLib/BaseLib/OUTPUT/BaseLib.lib(X86ReadIdtr.obj)
                              (--whole-archive)
/home/william/SerranonOS/UEFI/vUDK2017/Build/DuetPkgX64/DEBUG_GCC5/X64/MdePkg/Library/BaseLib/BaseLib/OUTPUT/BaseLib.lib(X86ReadGdtr.obj)
                              (--whole-archive)
/home/william/SerranonOS/UEFI/vUDK2017/Build/DuetPkgX64/DEBUG_GCC5/X64/MdePkg/Library/BaseLib/BaseLib/OUTPUT/BaseLib.lib(X86Msr.obj)
                              (--whole-archive)
/home/william/SerranonOS/UEFI/vUDK2017/Build/DuetPkgX64/DEBUG_GCC5/X64/MdePkg/Library/BaseLib/BaseLib/OUTPUT/BaseLib.lib(X86GetInterruptState.obj)
                              (--whole-archive)
/home/william/SerranonOS/UEFI/vUDK2017/Build/DuetPkgX64/DEBUG_GCC5/X64/MdePkg/Library/BaseLib/BaseLib/OUTPUT/BaseLib.lib(X86FxSave.obj)
                              (--whole-archive)
/home/william/SerranonOS/UEFI/vUDK2017/Build/DuetPkgX64/DEBUG_GCC5/X64/MdePkg/Library/BaseLib/BaseLib/OUTPUT/BaseLib.lib(X86FxRestore.obj)
                              (--whole-archive)
/home/william/SerranonOS/UEFI/vUDK2017/Build/DuetPkgX64/DEBUG_GCC5/X64/MdePkg/Library/BaseLib/BaseLib/OUTPUT/BaseLib.lib(X86EnablePaging64.obj)
                              (--whole-archive)
/home/william/SerranonOS/UEFI/vUDK2017/Build/DuetPkgX64/DEBUG_GCC5/X64/MdePkg/Library/BaseLib/BaseLib/OUTPUT/BaseLib.lib(X86EnablePaging32.obj)
                              (--whole-archive)
/home/william/SerranonOS/UEFI/vUDK2017/Build/DuetPkgX64/DEBUG_GCC5/X64/MdePkg/Library/BaseLib/BaseLib/OUTPUT/BaseLib.lib(X86DisablePaging64.obj)
                              (--whole-archive)
/home/william/SerranonOS/UEFI/vUDK2017/Build/DuetPkgX64/DEBUG_GCC5/X64/MdePkg/Library/BaseLib/BaseLib/OUTPUT/BaseLib.lib(X86DisablePaging32.obj)
                              (--whole-archive)
/home/william/SerranonOS/UEFI/vUDK2017/Build/DuetPkgX64/DEBUG_GCC5/X64/MdePkg/Library/BaseLib/BaseLib/OUTPUT/BaseLib.lib(X86RdRand.obj)
                              (--whole-archive)
/home/william/SerranonOS/UEFI/vUDK2017/Build/DuetPkgX64/DEBUG_GCC5/X64/MdePkg/Library/BaseLib/BaseLib/OUTPUT/BaseLib.lib(GccInline.obj)
                              (--whole-archive)
/home/william/SerranonOS/UEFI/vUDK2017/Build/DuetPkgX64/DEBUG_GCC5/X64/MdePkg/Library/BaseLib/BaseLib/OUTPUT/BaseLib.lib(SwitchStack.obj)
                              (--whole-archive)
/home/william/SerranonOS/UEFI/vUDK2017/Build/DuetPkgX64/DEBUG_GCC5/X64/MdePkg/Library/BaseLib/BaseLib/OUTPUT/BaseLib.lib(SetJump.obj)
                              (--whole-archive)
/home/william/SerranonOS/UEFI/vUDK2017/Build/DuetPkgX64/DEBUG_GCC5/X64/MdePkg/Library/BaseLib/BaseLib/OUTPUT/BaseLib.lib(LongJump.obj)
                              (--whole-archive)
/home/william/SerranonOS/UEFI/vUDK2017/Build/DuetPkgX64/DEBUG_GCC5/X64/MdePkg/Library/BaseLib/BaseLib/OUTPUT/BaseLib.lib(EnableDisableInterrupts.obj)
                              (--whole-archive)
/home/william/SerranonOS/UEFI/vUDK2017/Build/DuetPkgX64/DEBUG_GCC5/X64/MdePkg/Library/BaseLib/BaseLib/OUTPUT/BaseLib.lib(DisablePaging64.obj)
                              (--whole-archive)
/home/william/SerranonOS/UEFI/vUDK2017/Build/DuetPkgX64/DEBUG_GCC5/X64/MdePkg/Library/BaseLib/BaseLib/OUTPUT/BaseLib.lib(CpuId.obj)
                              (--whole-archive)
/home/william/SerranonOS/UEFI/vUDK2017/Build/DuetPkgX64/DEBUG_GCC5/X64/MdePkg/Library/BaseLib/BaseLib/OUTPUT/BaseLib.lib(CpuIdEx.obj)
                              (--whole-archive)
/home/william/SerranonOS/UEFI/vUDK2017/Build/DuetPkgX64/DEBUG_GCC5/X64/MdePkg/Library/BaseLib/BaseLib/OUTPUT/BaseLib.lib(EnableCache.obj)
                              (--whole-archive)
/home/william/SerranonOS/UEFI/vUDK2017/Build/DuetPkgX64/DEBUG_GCC5/X64/MdePkg/Library/BaseLib/BaseLib/OUTPUT/BaseLib.lib(DisableCache.obj)
                              (--whole-archive)
/home/william/SerranonOS/UEFI/vUDK2017/Build/DuetPkgX64/DEBUG_GCC5/X64/MdePkg/Library/BaseLib/BaseLib/OUTPUT/BaseLib.lib(RdRand.obj)
                              (--whole-archive)
/home/william/SerranonOS/UEFI/vUDK2017/Build/DuetPkgX64/DEBUG_GCC5/X64/MdePkg/Library/BaseLib/BaseLib/OUTPUT/BaseLib.lib(ChkStkGcc.obj)
                              (--whole-archive)
/home/william/SerranonOS/UEFI/vUDK2017/Build/DuetPkgX64/DEBUG_GCC5/X64/MdePkg/Library/BasePcdLibNull/BasePcdLibNull/OUTPUT/BasePcdLibNull.lib(PcdLib.obj)
                              (--whole-archive)
/home/william/SerranonOS/UEFI/vUDK2017/Build/DuetPkgX64/DEBUG_GCC5/X64/MdePkg/Library/BaseDebugLibNull/BaseDebugLibNull/OUTPUT/BaseDebugLibNull.lib(DebugLib.obj)
                              (--whole-archive)
/home/william/SerranonOS/UEFI/vUDK2017/Build/DuetPkgX64/DEBUG_GCC5/X64/MdePkg/Library/BaseMemoryLib/BaseMemoryLib/OUTPUT/BaseMemoryLib.lib(SetMem.obj)
                              (--whole-archive)
/home/william/SerranonOS/UEFI/vUDK2017/Build/DuetPkgX64/DEBUG_GCC5/X64/MdePkg/Library/BaseMemoryLib/BaseMemoryLib/OUTPUT/BaseMemoryLib.lib(ScanMem64Wrapper.obj)
                              (--whole-archive)
/home/william/SerranonOS/UEFI/vUDK2017/Build/DuetPkgX64/DEBUG_GCC5/X64/MdePkg/Library/BaseMemoryLib/BaseMemoryLib/OUTPUT/BaseMemoryLib.lib(ScanMem32Wrapper.obj)
                              (--whole-archive)
/home/william/SerranonOS/UEFI/vUDK2017/Build/DuetPkgX64/DEBUG_GCC5/X64/MdePkg/Library/BaseMemoryLib/BaseMemoryLib/OUTPUT/BaseMemoryLib.lib(ScanMem16Wrapper.obj)
                              (--whole-archive)
/home/william/SerranonOS/UEFI/vUDK2017/Build/DuetPkgX64/DEBUG_GCC5/X64/MdePkg/Library/BaseMemoryLib/BaseMemoryLib/OUTPUT/BaseMemoryLib.lib(ScanMem8Wrapper.obj)
                              (--whole-archive)
/home/william/SerranonOS/UEFI/vUDK2017/Build/DuetPkgX64/DEBUG_GCC5/X64/MdePkg/Library/BaseMemoryLib/BaseMemoryLib/OUTPUT/BaseMemoryLib.lib(ZeroMemWrapper.obj)
                              (--whole-archive)
/home/william/SerranonOS/UEFI/vUDK2017/Build/DuetPkgX64/DEBUG_GCC5/X64/MdePkg/Library/BaseMemoryLib/BaseMemoryLib/OUTPUT/BaseMemoryLib.lib(CompareMemWrapper.obj)
                              (--whole-archive)
/home/william/SerranonOS/UEFI/vUDK2017/Build/DuetPkgX64/DEBUG_GCC5/X64/MdePkg/Library/BaseMemoryLib/BaseMemoryLib/OUTPUT/BaseMemoryLib.lib(SetMem64Wrapper.obj)
                              (--whole-archive)
/home/william/SerranonOS/UEFI/vUDK2017/Build/DuetPkgX64/DEBUG_GCC5/X64/MdePkg/Library/BaseMemoryLib/BaseMemoryLib/OUTPUT/BaseMemoryLib.lib(SetMem32Wrapper.obj)
                              (--whole-archive)
/home/william/SerranonOS/UEFI/vUDK2017/Build/DuetPkgX64/DEBUG_GCC5/X64/MdePkg/Library/BaseMemoryLib/BaseMemoryLib/OUTPUT/BaseMemoryLib.lib(SetMem16Wrapper.obj)
                              (--whole-archive)
/home/william/SerranonOS/UEFI/vUDK2017/Build/DuetPkgX64/DEBUG_GCC5/X64/MdePkg/Library/BaseMemoryLib/BaseMemoryLib/OUTPUT/BaseMemoryLib.lib(SetMemWrapper.obj)
                              (--whole-archive)
/home/william/SerranonOS/UEFI/vUDK2017/Build/DuetPkgX64/DEBUG_GCC5/X64/MdePkg/Library/BaseMemoryLib/BaseMemoryLib/OUTPUT/BaseMemoryLib.lib(CopyMemWrapper.obj)
                              (--whole-archive)
/home/william/SerranonOS/UEFI/vUDK2017/Build/DuetPkgX64/DEBUG_GCC5/X64/MdePkg/Library/BaseMemoryLib/BaseMemoryLib/OUTPUT/BaseMemoryLib.lib(IsZeroBufferWrapper.obj)
                              (--whole-archive)
/home/william/SerranonOS/UEFI/vUDK2017/Build/DuetPkgX64/DEBUG_GCC5/X64/MdePkg/Library/BaseMemoryLib/BaseMemoryLib/OUTPUT/BaseMemoryLib.lib(MemLibGeneric.obj)
                              (--whole-archive)
/home/william/SerranonOS/UEFI/vUDK2017/Build/DuetPkgX64/DEBUG_GCC5/X64/MdePkg/Library/BaseMemoryLib/BaseMemoryLib/OUTPUT/BaseMemoryLib.lib(MemLibGuid.obj)
                              (--whole-archive)
/home/william/SerranonOS/UEFI/vUDK2017/Build/DuetPkgX64/DEBUG_GCC5/X64/MdePkg/Library/BaseMemoryLib/BaseMemoryLib/OUTPUT/BaseMemoryLib.lib(CopyMem.obj)
                              (--whole-archive)
/home/william/SerranonOS/UEFI/vUDK2017/Build/DuetPkgX64/DEBUG_GCC5/X64/MdePkg/Library/UefiBootServicesTableLib/UefiBootServicesTableLib/OUTPUT/UefiBootServicesTableLib.lib(UefiBootServicesTableLib.obj)
                              (--whole-archive)
/home/william/SerranonOS/UEFI/vUDK2017/Build/DuetPkgX64/DEBUG_GCC5/X64/MdePkg/Library/BasePrintLib/BasePrintLib/OUTPUT/BasePrintLib.lib(PrintLibInternal.obj)
                              (--whole-archive)
/home/william/SerranonOS/UEFI/vUDK2017/Build/DuetPkgX64/DEBUG_GCC5/X64/MdePkg/Library/BasePrintLib/BasePrintLib/OUTPUT/BasePrintLib.lib(PrintLib.obj)
                              (--whole-archive)
/home/william/SerranonOS/UEFI/vUDK2017/Build/DuetPkgX64/DEBUG_GCC5/X64/MdePkg/Library/UefiMemoryAllocationLib/UefiMemoryAllocationLib/OUTPUT/UefiMemoryAllocationLib.lib(MemoryAllocationLib.obj)
                              (--whole-archive)
/home/william/SerranonOS/UEFI/vUDK2017/Build/DuetPkgX64/DEBUG_GCC5/X64/MdePkg/Library/UefiRuntimeServicesTableLib/UefiRuntimeServicesTableLib/OUTPUT/UefiRuntimeServicesTableLib.lib(UefiRuntimeServicesTableLib.obj)
                              (--whole-archive)
/home/william/SerranonOS/UEFI/vUDK2017/Build/DuetPkgX64/DEBUG_GCC5/X64/MdePkg/Library/UefiDevicePathLib/UefiDevicePathLib/OUTPUT/UefiDevicePathLib.lib(DevicePathUtilities.obj)
                              (--whole-archive)
/home/william/SerranonOS/UEFI/vUDK2017/Build/DuetPkgX64/DEBUG_GCC5/X64/MdePkg/Library/UefiDevicePathLib/UefiDevicePathLib/OUTPUT/UefiDevicePathLib.lib(DevicePathToText.obj)
                              (--whole-archive)
/home/william/SerranonOS/UEFI/vUDK2017/Build/DuetPkgX64/DEBUG_GCC5/X64/MdePkg/Library/UefiDevicePathLib/UefiDevicePathLib/OUTPUT/UefiDevicePathLib.lib(DevicePathFromText.obj)
                              (--whole-archive)
/home/william/SerranonOS/UEFI/vUDK2017/Build/DuetPkgX64/DEBUG_GCC5/X64/MdePkg/Library/UefiDevicePathLib/UefiDevicePathLib/OUTPUT/UefiDevicePathLib.lib(UefiDevicePathLib.obj)
                              (--whole-archive)
/home/william/SerranonOS/UEFI/vUDK2017/Build/DuetPkgX64/DEBUG_GCC5/X64/MdePkg/Library/UefiLib/UefiLib/OUTPUT/UefiLib.lib(UefiLibPrint.obj)
                              (--whole-archive)
/home/william/SerranonOS/UEFI/vUDK2017/Build/DuetPkgX64/DEBUG_GCC5/X64/MdePkg/Library/UefiLib/UefiLib/OUTPUT/UefiLib.lib(UefiNotTiano.obj)
                              (--whole-archive)
/home/william/SerranonOS/UEFI/vUDK2017/Build/DuetPkgX64/DEBUG_GCC5/X64/MdePkg/Library/UefiLib/UefiLib/OUTPUT/UefiLib.lib(UefiDriverModel.obj)
                              (--whole-archive)
/home/william/SerranonOS/UEFI/vUDK2017/Build/DuetPkgX64/DEBUG_GCC5/X64/MdePkg/Library/UefiLib/UefiLib/OUTPUT/UefiLib.lib(Console.obj)
                              (--whole-archive)
/home/william/SerranonOS/UEFI/vUDK2017/Build/DuetPkgX64/DEBUG_GCC5/X64/MdePkg/Library/UefiLib/UefiLib/OUTPUT/UefiLib.lib(UefiLib.obj)
                              (--whole-archive)
/home/william/SerranonOS/UEFI/vUDK2017/Build/DuetPkgX64/DEBUG_GCC5/X64/MdeModulePkg/Library/UefiHiiServicesLib/UefiHiiServicesLib/OUTPUT/UefiHiiServicesLib.lib(UefiHiiServicesLib.obj)
                              (--whole-archive)
/home/william/SerranonOS/UEFI/vUDK2017/Build/DuetPkgX64/DEBUG_GCC5/X64/MdePkg/Library/BaseIoLibIntrinsic/BaseIoLibIntrinsic/OUTPUT/BaseIoLibIntrinsic.lib(IoLibMmioBuffer.obj)
                              (--whole-archive)
/home/william/SerranonOS/UEFI/vUDK2017/Build/DuetPkgX64/DEBUG_GCC5/X64/MdePkg/Library/BaseIoLibIntrinsic/BaseIoLibIntrinsic/OUTPUT/BaseIoLibIntrinsic.lib(IoHighLevel.obj)
                              (--whole-archive)
/home/william/SerranonOS/UEFI/vUDK2017/Build/DuetPkgX64/DEBUG_GCC5/X64/MdePkg/Library/BaseIoLibIntrinsic/BaseIoLibIntrinsic/OUTPUT/BaseIoLibIntrinsic.lib(IoLibGcc.obj)
                              (--whole-archive)
/home/william/SerranonOS/UEFI/vUDK2017/Build/DuetPkgX64/DEBUG_GCC5/X64/MdePkg/Library/BaseIoLibIntrinsic/BaseIoLibIntrinsic/OUTPUT/BaseIoLibIntrinsic.lib(IoLib.obj)
                              (--whole-archive)
/home/william/SerranonOS/UEFI/vUDK2017/Build/DuetPkgX64/DEBUG_GCC5/X64/MdePkg/Library/BaseIoLibIntrinsic/BaseIoLibIntrinsic/OUTPUT/BaseIoLibIntrinsic.lib(IoFifo.obj)
                              (--whole-archive)
/home/william/SerranonOS/UEFI/vUDK2017/Build/DuetPkgX64/DEBUG_GCC5/X64/MdePkg/Library/DxeHobLib/DxeHobLib/OUTPUT/DxeHobLib.lib(HobLib.obj)
                              (--whole-archive)
/home/william/SerranonOS/UEFI/vUDK2017/Build/DuetPkgX64/DEBUG_GCC5/X64/MdeModulePkg/Library/BaseSortLib/BaseSortLib/OUTPUT/BaseSortLib.lib(BaseSortLib.obj)
                              (--whole-archive)
/home/william/SerranonOS/UEFI/vUDK2017/Build/DuetPkgX64/DEBUG_GCC5/X64/MdeModulePkg/Library/UefiHiiLib/UefiHiiLib/OUTPUT/UefiHiiLib.lib(HiiLib.obj)
                              (--whole-archive)
/home/william/SerranonOS/UEFI/vUDK2017/Build/DuetPkgX64/DEBUG_GCC5/X64/MdeModulePkg/Library/UefiHiiLib/UefiHiiLib/OUTPUT/UefiHiiLib.lib(HiiString.obj)
                              (--whole-archive)
/home/william/SerranonOS/UEFI/vUDK2017/Build/DuetPkgX64/DEBUG_GCC5/X64/MdeModulePkg/Library/UefiHiiLib/UefiHiiLib/OUTPUT/UefiHiiLib.lib(HiiLanguage.obj)
                              (--whole-archive)
/home/william/SerranonOS/UEFI/vUDK2017/Build/DuetPkgX64/DEBUG_GCC5/X64/MdePkg/Library/BaseReportStatusCodeLibNull/BaseReportStatusCodeLibNull/OUTPUT/BaseReportStatusCodeLibNull.lib(BaseReportStatusCodeLib.obj)
                              (--whole-archive)
/home/william/SerranonOS/UEFI/vUDK2017/Build/DuetPkgX64/DEBUG_GCC5/X64/MdePkg/Library/DxeServicesLib/DxeServicesLib/OUTPUT/DxeServicesLib.lib(DxeServicesLib.obj)
                              (--whole-archive)
/home/william/SerranonOS/UEFI/vUDK2017/Build/DuetPkgX64/DEBUG_GCC5/X64/MdePkg/Library/DxeServicesTableLib/DxeServicesTableLib/OUTPUT/DxeServicesTableLib.lib(DxeServicesTableLib.obj)
                              (--whole-archive)
/home/william/SerranonOS/UEFI/vUDK2017/Build/DuetPkgX64/DEBUG_GCC5/X64/MdePkg/Library/BasePeCoffGetEntryPointLib/BasePeCoffGetEntryPointLib/OUTPUT/BasePeCoffGetEntryPointLib.lib(PeCoffGetEntryPoint.obj)
                              (--whole-archive)
/home/william/SerranonOS/UEFI/vUDK2017/Build/DuetPkgX64/DEBUG_GCC5/X64/MdePkg/Library/BasePerformanceLibNull/BasePerformanceLibNull/OUTPUT/BasePerformanceLibNull.lib(PerformanceLib.obj)
                              (--whole-archive)
/home/william/SerranonOS/UEFI/vUDK2017/Build/DuetPkgX64/DEBUG_GCC5/X64/DuetPkg/Library/DuetTimerLib/DuetTimerLib/OUTPUT/DuetTimerLib.lib(X86TimerLib.obj)
                              (--whole-archive)
/home/william/SerranonOS/UEFI/vUDK2017/Build/DuetPkgX64/DEBUG_GCC5/X64/MdePkg/Library/UefiDriverEntryPoint/UefiDriverEntryPoint/OUTPUT/UefiDriverEntryPoint.lib(DriverEntryPoint.obj)
                              (--whole-archive)
/home/william/SerranonOS/UEFI/vUDK2017/Build/DuetPkgX64/DEBUG_GCC5/X64/MdeModulePkg/Library/UefiBootManagerLib/UefiBootManagerLib/OUTPUT/UefiBootManagerLib.lib(BmPerformance.obj)
                              (--whole-archive)
/home/william/SerranonOS/UEFI/vUDK2017/Build/DuetPkgX64/DEBUG_GCC5/X64/MdeModulePkg/Library/UefiBootManagerLib/UefiBootManagerLib/OUTPUT/UefiBootManagerLib.lib(BmConnect.obj)
                              (--whole-archive)
/home/william/SerranonOS/UEFI/vUDK2017/Build/DuetPkgX64/DEBUG_GCC5/X64/MdeModulePkg/Library/UefiBootManagerLib/UefiBootManagerLib/OUTPUT/UefiBootManagerLib.lib(BmMisc.obj)
                              (--whole-archive)
/home/william/SerranonOS/UEFI/vUDK2017/Build/DuetPkgX64/DEBUG_GCC5/X64/MdeModulePkg/Library/UefiBootManagerLib/UefiBootManagerLib/OUTPUT/UefiBootManagerLib.lib(BmConsole.obj)
                              (--whole-archive)
/home/william/SerranonOS/UEFI/vUDK2017/Build/DuetPkgX64/DEBUG_GCC5/X64/MdeModulePkg/Library/UefiBootManagerLib/UefiBootManagerLib/OUTPUT/UefiBootManagerLib.lib(BmBoot.obj)
                              (--whole-archive)
/home/william/SerranonOS/UEFI/vUDK2017/Build/DuetPkgX64/DEBUG_GCC5/X64/MdeModulePkg/Library/UefiBootManagerLib/UefiBootManagerLib/OUTPUT/UefiBootManagerLib.lib(BmBootDescription.obj)
                              (--whole-archive)
/home/william/SerranonOS/UEFI/vUDK2017/Build/DuetPkgX64/DEBUG_GCC5/X64/MdeModulePkg/Library/UefiBootManagerLib/UefiBootManagerLib/OUTPUT/UefiBootManagerLib.lib(BmLoadOption.obj)
                              (--whole-archive)
/home/william/SerranonOS/UEFI/vUDK2017/Build/DuetPkgX64/DEBUG_GCC5/X64/MdeModulePkg/Library/UefiBootManagerLib/UefiBootManagerLib/OUTPUT/UefiBootManagerLib.lib(BmHotkey.obj)
                              (--whole-archive)
/home/william/SerranonOS/UEFI/vUDK2017/Build/DuetPkgX64/DEBUG_GCC5/X64/MdeModulePkg/Library/UefiBootManagerLib/UefiBootManagerLib/OUTPUT/UefiBootManagerLib.lib(BmDriverHealth.obj)
                              (--whole-archive)
/home/william/SerranonOS/UEFI/vUDK2017/Build/DuetPkgX64/DEBUG_GCC5/X64/MdeModulePkg/Universal/Console/ConPlatformDxe/ConPlatformDxe/OUTPUT/ConPlatformDxe.lib(ComponentName.obj)
                              (--whole-archive)
/home/william/SerranonOS/UEFI/vUDK2017/Build/DuetPkgX64/DEBUG_GCC5/X64/MdeModulePkg/Universal/Console/ConPlatformDxe/ConPlatformDxe/OUTPUT/ConPlatformDxe.lib(ConPlatform.obj)
                              (--whole-archive)
/home/william/SerranonOS/UEFI/vUDK2017/Build/DuetPkgX64/DEBUG_GCC5/X64/MdeModulePkg/Universal/Console/ConPlatformDxe/ConPlatformDxe/OUTPUT/ConPlatformDxe.lib(AutoGen.obj)
                              (--whole-archive)

Discarded input sections

 .text          0x0000000000000000        0x0 /tmp/cc0Ga5zm.ltrans0.ltrans.o
 .data          0x0000000000000000        0x0 /tmp/cc0Ga5zm.ltrans0.ltrans.o
 .bss           0x0000000000000000        0x0 /tmp/cc0Ga5zm.ltrans0.ltrans.o
 .text._DriverUnloadHandler
                0x0000000000000000        0x3 /tmp/cc0Ga5zm.ltrans0.ltrans.o
 .text.AsciiStrLen
                0x0000000000000000        0xe /tmp/cc0Ga5zm.ltrans0.ltrans.o
 .text.InternalAssertJumpBuffer
                0x0000000000000000        0x1 /tmp/cc0Ga5zm.ltrans0.ltrans.o
 .comment       0x0000000000000000       0x24 /tmp/cc0Ga5zm.ltrans0.ltrans.o
 .note.GNU-stack
                0x0000000000000000        0x0 /tmp/cc0Ga5zm.ltrans0.ltrans.o
 .text          0x0000000000000000      0x204 /home/william/SerranonOS/UEFI/vUDK2017/Build/DuetPkgX64/DEBUG_GCC5/X64/MdePkg/Library/BaseLib/BaseLib/OUTPUT/BaseLib.lib(Thunk16.obj)
 .data          0x0000000000000000        0xa /home/william/SerranonOS/UEFI/vUDK2017/Build/DuetPkgX64/DEBUG_GCC5/X64/MdePkg/Library/BaseLib/BaseLib/OUTPUT/BaseLib.lib(Thunk16.obj)
 .text          0x0000000000000000        0x6 /home/william/SerranonOS/UEFI/vUDK2017/Build/DuetPkgX64/DEBUG_GCC5/X64/MdePkg/Library/BaseLib/BaseLib/OUTPUT/BaseLib.lib(WriteTr.obj)
 .text          0x0000000000000000        0xf /home/william/SerranonOS/UEFI/vUDK2017/Build/DuetPkgX64/DEBUG_GCC5/X64/MdePkg/Library/BaseLib/BaseLib/OUTPUT/BaseLib.lib(SwitchStack.obj)
 .text          0x0000000000000000       0x8f /home/william/SerranonOS/UEFI/vUDK2017/Build/DuetPkgX64/DEBUG_GCC5/X64/MdePkg/Library/BaseLib/BaseLib/OUTPUT/BaseLib.lib(SetJump.obj)
 .text          0x0000000000000000       0x7c /home/william/SerranonOS/UEFI/vUDK2017/Build/DuetPkgX64/DEBUG_GCC5/X64/MdePkg/Library/BaseLib/BaseLib/OUTPUT/BaseLib.lib(LongJump.obj)
 .text          0x0000000000000000        0x3 /home/william/SerranonOS/UEFI/vUDK2017/Build/DuetPkgX64/DEBUG_GCC5/X64/MdePkg/Library/BaseLib/BaseLib/OUTPUT/BaseLib.lib(EnableDisableInterrupts.obj)
 .text          0x0000000000000000       0x61 /home/william/SerranonOS/UEFI/vUDK2017/Build/DuetPkgX64/DEBUG_GCC5/X64/MdePkg/Library/BaseLib/BaseLib/OUTPUT/BaseLib.lib(DisablePaging64.obj)
 .text          0x0000000000000000       0x27 /home/william/SerranonOS/UEFI/vUDK2017/Build/DuetPkgX64/DEBUG_GCC5/X64/MdePkg/Library/BaseLib/BaseLib/OUTPUT/BaseLib.lib(CpuId.obj)
 .text          0x0000000000000000       0x2f /home/william/SerranonOS/UEFI/vUDK2017/Build/DuetPkgX64/DEBUG_GCC5/X64/MdePkg/Library/BaseLib/BaseLib/OUTPUT/BaseLib.lib(CpuIdEx.obj)
 .text          0x0000000000000000       0x13 /home/william/SerranonOS/UEFI/vUDK2017/Build/DuetPkgX64/DEBUG_GCC5/X64/MdePkg/Library/BaseLib/BaseLib/OUTPUT/BaseLib.lib(EnableCache.obj)
 .text          0x0000000000000000       0x13 /home/william/SerranonOS/UEFI/vUDK2017/Build/DuetPkgX64/DEBUG_GCC5/X64/MdePkg/Library/BaseLib/BaseLib/OUTPUT/BaseLib.lib(DisableCache.obj)
 .text          0x0000000000000000       0x36 /home/william/SerranonOS/UEFI/vUDK2017/Build/DuetPkgX64/DEBUG_GCC5/X64/MdePkg/Library/BaseLib/BaseLib/OUTPUT/BaseLib.lib(RdRand.obj)
 .text          0x0000000000000000       0x50 /home/william/SerranonOS/UEFI/vUDK2017/Build/DuetPkgX64/DEBUG_GCC5/X64/MdePkg/Library/BaseIoLibIntrinsic/BaseIoLibIntrinsic/OUTPUT/BaseIoLibIntrinsic.lib(IoFifo.obj)

Memory Configuration

Name             Origin             Length             Attributes
*default*        0x0000000000000000 0xffffffffffffffff

Linker script and memory map

LOAD /tmp/cc0Ga5zm.ltrans0.ltrans.o
START GROUP
LOAD /home/william/SerranonOS/UEFI/vUDK2017/Build/DuetPkgX64/DEBUG_GCC5/X64/MdePkg/Library/BaseLib/BaseLib/OUTPUT/BaseLib.lib
LOAD /home/william/SerranonOS/UEFI/vUDK2017/Build/DuetPkgX64/DEBUG_GCC5/X64/MdePkg/Library/BasePcdLibNull/BasePcdLibNull/OUTPUT/BasePcdLibNull.lib
LOAD /home/william/SerranonOS/UEFI/vUDK2017/Build/DuetPkgX64/DEBUG_GCC5/X64/MdePkg/Library/BaseDebugLibNull/BaseDebugLibNull/OUTPUT/BaseDebugLibNull.lib
LOAD /home/william/SerranonOS/UEFI/vUDK2017/Build/DuetPkgX64/DEBUG_GCC5/X64/MdePkg/Library/BaseMemoryLib/BaseMemoryLib/OUTPUT/BaseMemoryLib.lib
LOAD /home/william/SerranonOS/UEFI/vUDK2017/Build/DuetPkgX64/DEBUG_GCC5/X64/MdePkg/Library/UefiBootServicesTableLib/UefiBootServicesTableLib/OUTPUT/UefiBootServicesTableLib.lib
LOAD /home/william/SerranonOS/UEFI/vUDK2017/Build/DuetPkgX64/DEBUG_GCC5/X64/MdePkg/Library/BasePrintLib/BasePrintLib/OUTPUT/BasePrintLib.lib
LOAD /home/william/SerranonOS/UEFI/vUDK2017/Build/DuetPkgX64/DEBUG_GCC5/X64/MdePkg/Library/UefiMemoryAllocationLib/UefiMemoryAllocationLib/OUTPUT/UefiMemoryAllocationLib.lib
LOAD /home/william/SerranonOS/UEFI/vUDK2017/Build/DuetPkgX64/DEBUG_GCC5/X64/MdePkg/Library/UefiRuntimeServicesTableLib/UefiRuntimeServicesTableLib/OUTPUT/UefiRuntimeServicesTableLib.lib
LOAD /home/william/SerranonOS/UEFI/vUDK2017/Build/DuetPkgX64/DEBUG_GCC5/X64/MdePkg/Library/UefiDevicePathLib/UefiDevicePathLib/OUTPUT/UefiDevicePathLib.lib
LOAD /home/william/SerranonOS/UEFI/vUDK2017/Build/DuetPkgX64/DEBUG_GCC5/X64/MdePkg/Library/UefiLib/UefiLib/OUTPUT/UefiLib.lib
LOAD /home/william/SerranonOS/UEFI/vUDK2017/Build/DuetPkgX64/DEBUG_GCC5/X64/MdeModulePkg/Library/UefiHiiServicesLib/UefiHiiServicesLib/OUTPUT/UefiHiiServicesLib.lib
LOAD /home/william/SerranonOS/UEFI/vUDK2017/Build/DuetPkgX64/DEBUG_GCC5/X64/MdePkg/Library/BaseIoLibIntrinsic/BaseIoLibIntrinsic/OUTPUT/BaseIoLibIntrinsic.lib
LOAD /home/william/SerranonOS/UEFI/vUDK2017/Build/DuetPkgX64/DEBUG_GCC5/X64/MdePkg/Library/DxeHobLib/DxeHobLib/OUTPUT/DxeHobLib.lib
LOAD /home/william/SerranonOS/UEFI/vUDK2017/Build/DuetPkgX64/DEBUG_GCC5/X64/MdeModulePkg/Library/BaseSortLib/BaseSortLib/OUTPUT/BaseSortLib.lib
LOAD /home/william/SerranonOS/UEFI/vUDK2017/Build/DuetPkgX64/DEBUG_GCC5/X64/MdeModulePkg/Library/UefiHiiLib/UefiHiiLib/OUTPUT/UefiHiiLib.lib
LOAD /home/william/SerranonOS/UEFI/vUDK2017/Build/DuetPkgX64/DEBUG_GCC5/X64/MdePkg/Library/BaseReportStatusCodeLibNull/BaseReportStatusCodeLibNull/OUTPUT/BaseReportStatusCodeLibNull.lib
LOAD /home/william/SerranonOS/UEFI/vUDK2017/Build/DuetPkgX64/DEBUG_GCC5/X64/MdePkg/Library/DxeServicesLib/DxeServicesLib/OUTPUT/DxeServicesLib.lib
LOAD /home/william/SerranonOS/UEFI/vUDK2017/Build/DuetPkgX64/DEBUG_GCC5/X64/MdePkg/Library/DxeServicesTableLib/DxeServicesTableLib/OUTPUT/DxeServicesTableLib.lib
LOAD /home/william/SerranonOS/UEFI/vUDK2017/Build/DuetPkgX64/DEBUG_GCC5/X64/MdePkg/Library/BasePeCoffGetEntryPointLib/BasePeCoffGetEntryPointLib/OUTPUT/BasePeCoffGetEntryPointLib.lib
LOAD /home/william/SerranonOS/UEFI/vUDK2017/Build/DuetPkgX64/DEBUG_GCC5/X64/MdePkg/Library/BasePerformanceLibNull/BasePerformanceLibNull/OUTPUT/BasePerformanceLibNull.lib
LOAD /home/william/SerranonOS/UEFI/vUDK2017/Build/DuetPkgX64/DEBUG_GCC5/X64/DuetPkg/Library/DuetTimerLib/DuetTimerLib/OUTPUT/DuetTimerLib.lib
LOAD /home/william/SerranonOS/UEFI/vUDK2017/Build/DuetPkgX64/DEBUG_GCC5/X64/MdePkg/Library/UefiDriverEntryPoint/UefiDriverEntryPoint/OUTPUT/UefiDriverEntryPoint.lib
LOAD /home/william/SerranonOS/UEFI/vUDK2017/Build/DuetPkgX64/DEBUG_GCC5/X64/MdeModulePkg/Library/UefiBootManagerLib/UefiBootManagerLib/OUTPUT/UefiBootManagerLib.lib
LOAD /home/william/SerranonOS/UEFI/vUDK2017/Build/DuetPkgX64/DEBUG_GCC5/X64/MdeModulePkg/Universal/Console/ConPlatformDxe/ConPlatformDxe/OUTPUT/ConPlatformDxe.lib
END GROUP
                0x0000000000000228                PECOFF_HEADER_SIZE = 0x228
                0x0000000000000228                . = PECOFF_HEADER_SIZE

.text           0x0000000000000240     0x1b40
 *(.text .text.* .stub .gnu.linkonce.t.*)
 .text.InternalAllocatePool.constprop.5
                0x0000000000000240       0x37 /tmp/cc0Ga5zm.ltrans0.ltrans.o
 .text.EfiLibInstallDriverBindingComponentName2.constprop.2
                0x0000000000000277       0x5d /tmp/cc0Ga5zm.ltrans0.ltrans.o
 .text.ConPlatformUnInstallProtocol
                0x00000000000002d4       0x55 /tmp/cc0Ga5zm.ltrans0.ltrans.o
 .text.ConPlatformDriverBindingSupported
                0x0000000000000329       0x98 /tmp/cc0Ga5zm.ltrans0.ltrans.o
 .text.ConPlatformTextOutDriverBindingSupported
                0x00000000000003c1       0xa3 /tmp/cc0Ga5zm.ltrans0.ltrans.o
 .text.ConPlatformTextInDriverBindingSupported
                0x0000000000000464       0xa3 /tmp/cc0Ga5zm.ltrans0.ltrans.o
 .text.ConPlatformComponentNameGetControllerName
                0x0000000000000507        0xb /tmp/cc0Ga5zm.ltrans0.ltrans.o
 .text.EfiGetSystemConfigurationTable
                0x0000000000000512       0x4e /tmp/cc0Ga5zm.ltrans0.ltrans.o
 .text.DevicePathNodeLength
                0x0000000000000560        0x5 /tmp/cc0Ga5zm.ltrans0.ltrans.o
 .text.NextDevicePathNode
                0x0000000000000565       0x11 /tmp/cc0Ga5zm.ltrans0.ltrans.o
 .text.DevicePathSubType
                0x0000000000000576        0x4 /tmp/cc0Ga5zm.ltrans0.ltrans.o
 .text.DevicePathType
                0x000000000000057a        0x3 /tmp/cc0Ga5zm.ltrans0.ltrans.o
 .text.IsDevicePathEndType
                0x000000000000057d       0x13 /tmp/cc0Ga5zm.ltrans0.ltrans.o
 .text.IsDevicePathEnd
                0x0000000000000590       0x22 /tmp/cc0Ga5zm.ltrans0.ltrans.o
 .text.IsDevicePathValid.constprop.3
                0x00000000000005b2       0x52 /tmp/cc0Ga5zm.ltrans0.ltrans.o
 .text.IsHotPlugDevice
                0x0000000000000604       0x74 /tmp/cc0Ga5zm.ltrans0.ltrans.o
 .text.UefiDevicePathLibGetDevicePathSize
                0x0000000000000678       0x4a /tmp/cc0Ga5zm.ltrans0.ltrans.o
 .text.FreePool
                0x00000000000006c2        0xa /tmp/cc0Ga5zm.ltrans0.ltrans.o
 .text.CopyMem.part.0
                0x00000000000006cc      0x208 /tmp/cc0Ga5zm.ltrans0.ltrans.o
 .text.UefiDevicePathLibDuplicateDevicePath
                0x00000000000008d4      0x12b /tmp/cc0Ga5zm.ltrans0.ltrans.o
 .text.UefiDevicePathLibGetNextDevicePathInstance
                0x00000000000009ff       0x9b /tmp/cc0Ga5zm.ltrans0.ltrans.o
 .text.UefiDevicePathLibAppendDevicePathInstance
                0x0000000000000a9a      0x15b /tmp/cc0Ga5zm.ltrans0.ltrans.o
 .text.EfiBootManagerGetGopDevicePath
                0x0000000000000bf5      0x1ea /tmp/cc0Ga5zm.ltrans0.ltrans.o
 .text.CompareMem.part.0
                0x0000000000000ddf       0x21 /tmp/cc0Ga5zm.ltrans0.ltrans.o
 .text.ConPlatformMatchDevicePaths.part.0
                0x0000000000000e00      0x285 /tmp/cc0Ga5zm.ltrans0.ltrans.o
 .text.ConPlatformUpdateDeviceVariable
                0x0000000000001085      0x20f /tmp/cc0Ga5zm.ltrans0.ltrans.o
 .text.ConPlatformTextOutDriverBindingStop
                0x0000000000001294      0x157 /tmp/cc0Ga5zm.ltrans0.ltrans.o
 .text.ConPlatformTextInDriverBindingStop
                0x00000000000013eb      0x12f /tmp/cc0Ga5zm.ltrans0.ltrans.o
 .text.ConPlatformTextOutDriverBindingStart
                0x000000000000151a      0x2f5 /tmp/cc0Ga5zm.ltrans0.ltrans.o
 .text.ConPlatformTextInDriverBindingStart
                0x000000000000180f      0x1fb /tmp/cc0Ga5zm.ltrans0.ltrans.o
 .text.AsciiStrnCmp.part.7
                0x0000000000001a0a       0x52 /tmp/cc0Ga5zm.ltrans0.ltrans.o
 .text.ConPlatformComponentNameGetDriverName
                0x0000000000001a5c      0x12d /tmp/cc0Ga5zm.ltrans0.ltrans.o
 .text._ModuleEntryPoint
                0x0000000000001b89      0x143 /tmp/cc0Ga5zm.ltrans0.ltrans.o
                0x0000000000001b89                _ModuleEntryPoint
 *(.rodata .rodata.* .gnu.linkonce.r.*)
 .rodata.ConPlatformTextOutDriverBindingStop.str2.2
                0x0000000000001ccc       0x28 /tmp/cc0Ga5zm.ltrans0.ltrans.o
 .rodata.ConPlatformTextInDriverBindingStop.str2.2
                0x0000000000001cf4       0x12 /tmp/cc0Ga5zm.ltrans0.ltrans.o
 .rodata.ConPlatformTextOutDriverBindingStart.str2.2
                0x0000000000001d06       0x1c /tmp/cc0Ga5zm.ltrans0.ltrans.o
 .rodata.ConPlatformTextInDriverBindingStart.str2.2
                0x0000000000001d22        0xc /tmp/cc0Ga5zm.ltrans0.ltrans.o
 .rodata.str1.1
                0x0000000000001d2e        0xb /tmp/cc0Ga5zm.ltrans0.ltrans.o
                                          0xe (size before relaxing)
 *fill*         0x0000000000001d39        0x1 
 .rodata.str2.2
                0x0000000000001d3a       0x46 /tmp/cc0Ga5zm.ltrans0.ltrans.o
 *(.got .got.*)
 .got           0x0000000000001d80        0x0 CheckSum.obj (symbol from plugin)
 .got.plt       0x0000000000001d80        0x0 CheckSum.obj (symbol from plugin)
                0x0000000000001d80                _GLOBAL_OFFSET_TABLE_
 *:AutoGen.obj(.data.g*Guid)

.plt            0x0000000000001d80        0x0
 .plt           0x0000000000001d80        0x0 CheckSum.obj (symbol from plugin)

.plt.got        0x0000000000001d80        0x0
 .plt.got       0x0000000000001d80        0x0 CheckSum.obj (symbol from plugin)

.data           0x0000000000001d80      0x278
 *(.data .data.* .gnu.linkonce.d.*)
 .data.gEfiHiiImageProtocolGuid
                0x0000000000001d80       0x10 /tmp/cc0Ga5zm.ltrans0.ltrans.o
 .data.gEfiHiiFontProtocolGuid
                0x0000000000001d90       0x10 /tmp/cc0Ga5zm.ltrans0.ltrans.o
 .data.gEfiHiiConfigRoutingProtocolGuid
                0x0000000000001da0       0x10 /tmp/cc0Ga5zm.ltrans0.ltrans.o
 .data.gEfiHiiDatabaseProtocolGuid
                0x0000000000001db0       0x10 /tmp/cc0Ga5zm.ltrans0.ltrans.o
 .data.gEfiHiiStringProtocolGuid
                0x0000000000001dc0       0x10 /tmp/cc0Ga5zm.ltrans0.ltrans.o
 .data.gEfiHobListGuid
                0x0000000000001dd0       0x10 /tmp/cc0Ga5zm.ltrans0.ltrans.o
 .data.gEfiDxeServicesTableGuid
                0x0000000000001de0       0x10 /tmp/cc0Ga5zm.ltrans0.ltrans.o
 *fill*         0x0000000000001df0       0x10 
 .data.rel.local.gConPlatformTextOutDriverBinding
                0x0000000000001e00       0x30 /tmp/cc0Ga5zm.ltrans0.ltrans.o
 *fill*         0x0000000000001e30       0x10 
 .data.rel.local.gConPlatformTextInDriverBinding
                0x0000000000001e40       0x30 /tmp/cc0Ga5zm.ltrans0.ltrans.o
 *fill*         0x0000000000001e70       0x10 
 .data.rel.local.mConPlatformDriverNameTable
                0x0000000000001e80       0x20 /tmp/cc0Ga5zm.ltrans0.ltrans.o
 .data.gEfiPciIoProtocolGuid
                0x0000000000001ea0       0x10 /tmp/cc0Ga5zm.ltrans0.ltrans.o
 .data.gEfiGraphicsOutputProtocolGuid
                0x0000000000001eb0       0x10 /tmp/cc0Ga5zm.ltrans0.ltrans.o
 .data.gEfiSimpleTextInProtocolGuid
                0x0000000000001ec0       0x10 /tmp/cc0Ga5zm.ltrans0.ltrans.o
 .data.gEfiConsoleInDeviceGuid
                0x0000000000001ed0       0x10 /tmp/cc0Ga5zm.ltrans0.ltrans.o
 .data.gEfiSimpleTextOutProtocolGuid
                0x0000000000001ee0       0x10 /tmp/cc0Ga5zm.ltrans0.ltrans.o
 .data.gEfiStandardErrorDeviceGuid
                0x0000000000001ef0       0x10 /tmp/cc0Ga5zm.ltrans0.ltrans.o
 .data.gEfiConsoleOutDeviceGuid
                0x0000000000001f00       0x10 /tmp/cc0Ga5zm.ltrans0.ltrans.o
 .data.gEfiDevicePathProtocolGuid
                0x0000000000001f10       0x10 /tmp/cc0Ga5zm.ltrans0.ltrans.o
 .data.gEfiGlobalVariableGuid
                0x0000000000001f20       0x10 /tmp/cc0Ga5zm.ltrans0.ltrans.o
 .data.rel.local.gConPlatformComponentName2
                0x0000000000001f30       0x18 /tmp/cc0Ga5zm.ltrans0.ltrans.o
 *fill*         0x0000000000001f48        0x8 
 .data.rel.local.gConPlatformComponentName
                0x0000000000001f50       0x18 /tmp/cc0Ga5zm.ltrans0.ltrans.o
 *fill*         0x0000000000001f68        0x8 
 .data.gEfiComponentNameProtocolGuid
                0x0000000000001f70       0x10 /tmp/cc0Ga5zm.ltrans0.ltrans.o
 .data.gEfiComponentName2ProtocolGuid
                0x0000000000001f80       0x10 /tmp/cc0Ga5zm.ltrans0.ltrans.o
 .data.gEfiDriverBindingProtocolGuid
                0x0000000000001f90       0x10 /tmp/cc0Ga5zm.ltrans0.ltrans.o
 .data.rel.ro   0x0000000000001fa0        0x0 CheckSum.obj (symbol from plugin)
 *(.bss .bss.*)
 .bss.gST       0x0000000000001fa0        0x8 /tmp/cc0Ga5zm.ltrans0.ltrans.o
 .bss.gImageHandle
                0x0000000000001fa8        0x8 /tmp/cc0Ga5zm.ltrans0.ltrans.o
 .bss.gHiiImage
                0x0000000000001fb0        0x8 /tmp/cc0Ga5zm.ltrans0.ltrans.o
 .bss.gHiiFont  0x0000000000001fb8        0x8 /tmp/cc0Ga5zm.ltrans0.ltrans.o
 .bss.gHiiConfigRouting
                0x0000000000001fc0        0x8 /tmp/cc0Ga5zm.ltrans0.ltrans.o
 .bss.gHiiDatabase
                0x0000000000001fc8        0x8 /tmp/cc0Ga5zm.ltrans0.ltrans.o
 .bss.gHiiString
                0x0000000000001fd0        0x8 /tmp/cc0Ga5zm.ltrans0.ltrans.o
 .bss.mHobList  0x0000000000001fd8        0x8 /tmp/cc0Ga5zm.ltrans0.ltrans.o
 .bss.gDS       0x0000000000001fe0        0x8 /tmp/cc0Ga5zm.ltrans0.ltrans.o
 .bss.gRT       0x0000000000001fe8        0x8 /tmp/cc0Ga5zm.ltrans0.ltrans.o
 .bss.gBS       0x0000000000001ff0        0x8 /tmp/cc0Ga5zm.ltrans0.ltrans.o

.eh_frame       0x0000000000002000        0x0
 *(.eh_frame)
 .eh_frame      0x0000000000002000        0x0 CheckSum.obj (symbol from plugin)
 .eh_frame      0x0000000000002000        0x0 CheckSum.obj (symbol from plugin)

.dynbss         0x0000000000002000        0x0
 .dynbss        0x0000000000002000        0x0 CheckSum.obj (symbol from plugin)

.gnu.version_d  0x0000000000002000        0x0
 .gnu.version_d
                0x0000000000002000        0x0 CheckSum.obj (symbol from plugin)

.gnu.version    0x0000000000002000        0x0
 .gnu.version   0x0000000000002000        0x0 CheckSum.obj (symbol from plugin)

.gnu.version_r  0x0000000000002000        0x0
 .gnu.version_r
                0x0000000000002000        0x0 CheckSum.obj (symbol from plugin)

.rela           0x0000000000002000      0x150
 *(.rela .rela.*)
 .rela.plt      0x0000000000002000        0x0 CheckSum.obj (symbol from plugin)
 .rela.got      0x0000000000002000        0x0 CheckSum.obj (symbol from plugin)
 .rela.bss      0x0000000000002000        0x0 CheckSum.obj (symbol from plugin)
 .rela.data.rel.ro
                0x0000000000002000        0x0 CheckSum.obj (symbol from plugin)
 .rela.ifunc    0x0000000000002000        0x0 CheckSum.obj (symbol from plugin)
 .rela.data.rel.local.gConPlatformTextOutDriverBinding
                0x0000000000002000       0x48 CheckSum.obj (symbol from plugin)
 .rela.data.rel.local.gConPlatformTextInDriverBinding
                0x0000000000002048       0x48 CheckSum.obj (symbol from plugin)
 .rela.data.rel.local.mConPlatformDriverNameTable
                0x0000000000002090       0x30 CheckSum.obj (symbol from plugin)
 .rela.data.rel.local.gConPlatformComponentName2
                0x00000000000020c0       0x48 CheckSum.obj (symbol from plugin)
 .rela.data.rel.local.gConPlatformComponentName
                0x0000000000002108       0x48 CheckSum.obj (symbol from plugin)

.hii
 *(.hii)

.build-id       0x0000000000002150       0x24
 *(.note.gnu.build-id)
 .note.gnu.build-id
                0x0000000000002150       0x24 CheckSum.obj (symbol from plugin)

/DISCARD/
 *(.note.GNU-stack)
 *(.gnu_debuglink)
 *(.interp)
 *(.dynsym)
 *(.dynstr)
 *(.dynamic)
 *(.hash .gnu.hash)
 *(.comment)
 *(COMMON)
OUTPUT(/home/william/SerranonOS/UEFI/vUDK2017/Build/DuetPkgX64/DEBUG_GCC5/X64/MdeModulePkg/Universal/Console/ConPlatformDxe/ConPlatformDxe/DEBUG/ConPlatformDxe.dll elf64-x86-64)

.debug_info     0x0000000000000000     0x6386
 .debug_info    0x0000000000000000     0x6386 /tmp/cc0Ga5zm.ltrans0.ltrans.o

.debug_abbrev   0x0000000000000000      0x4bc
 .debug_abbrev  0x0000000000000000      0x4bc /tmp/cc0Ga5zm.ltrans0.ltrans.o

.debug_loc      0x0000000000000000     0x3980
 .debug_loc     0x0000000000000000     0x3980 /tmp/cc0Ga5zm.ltrans0.ltrans.o

.debug_aranges  0x0000000000000000      0x260
 .debug_aranges
                0x0000000000000000      0x260 /tmp/cc0Ga5zm.ltrans0.ltrans.o

.debug_ranges   0x0000000000000000      0x760
 .debug_ranges  0x0000000000000000      0x760 /tmp/cc0Ga5zm.ltrans0.ltrans.o

.debug_line     0x0000000000000000     0x1199
 .debug_line    0x0000000000000000     0x1199 /tmp/cc0Ga5zm.ltrans0.ltrans.o

.debug_str      0x0000000000000000     0x3302
 .debug_str     0x0000000000000000     0x3302 /tmp/cc0Ga5zm.ltrans0.ltrans.o
                                       0x37be (size before relaxing)

.debug_frame    0x0000000000000000      0x968
 .debug_frame   0x0000000000000000      0x968 /tmp/cc0Ga5zm.ltrans0.ltrans.o
