Archive member included to satisfy reference by file (symbol)

/mnt/c/SerranonOS/UEFI/vUDK2017/Build/DuetPkgX64/DEBUG_GCC5/X64/MdePkg/Library/BasePcdLibNull/BasePcdLibNull/OUTPUT/BasePcdLibNull.lib(PcdLib.obj)
                              (--whole-archive)
/mnt/c/SerranonOS/UEFI/vUDK2017/Build/DuetPkgX64/DEBUG_GCC5/X64/MdePkg/Library/BaseLib/BaseLib/OUTPUT/BaseLib.lib(CheckSum.obj)
                              (--whole-archive)
/mnt/c/SerranonOS/UEFI/vUDK2017/Build/DuetPkgX64/DEBUG_GCC5/X64/MdePkg/Library/BaseLib/BaseLib/OUTPUT/BaseLib.lib(SwitchStack.obj)
                              (--whole-archive)
/mnt/c/SerranonOS/UEFI/vUDK2017/Build/DuetPkgX64/DEBUG_GCC5/X64/MdePkg/Library/BaseLib/BaseLib/OUTPUT/BaseLib.lib(SwapBytes64.obj)
                              (--whole-archive)
/mnt/c/SerranonOS/UEFI/vUDK2017/Build/DuetPkgX64/DEBUG_GCC5/X64/MdePkg/Library/BaseLib/BaseLib/OUTPUT/BaseLib.lib(SwapBytes32.obj)
                              (--whole-archive)
/mnt/c/SerranonOS/UEFI/vUDK2017/Build/DuetPkgX64/DEBUG_GCC5/X64/MdePkg/Library/BaseLib/BaseLib/OUTPUT/BaseLib.lib(SwapBytes16.obj)
                              (--whole-archive)
/mnt/c/SerranonOS/UEFI/vUDK2017/Build/DuetPkgX64/DEBUG_GCC5/X64/MdePkg/Library/BaseLib/BaseLib/OUTPUT/BaseLib.lib(LongJump.obj)
                              (--whole-archive)
/mnt/c/SerranonOS/UEFI/vUDK2017/Build/DuetPkgX64/DEBUG_GCC5/X64/MdePkg/Library/BaseLib/BaseLib/OUTPUT/BaseLib.lib(SetJump.obj)
                              (--whole-archive)
/mnt/c/SerranonOS/UEFI/vUDK2017/Build/DuetPkgX64/DEBUG_GCC5/X64/MdePkg/Library/BaseLib/BaseLib/OUTPUT/BaseLib.lib(RShiftU64.obj)
                              (--whole-archive)
/mnt/c/SerranonOS/UEFI/vUDK2017/Build/DuetPkgX64/DEBUG_GCC5/X64/MdePkg/Library/BaseLib/BaseLib/OUTPUT/BaseLib.lib(RRotU64.obj)
                              (--whole-archive)
/mnt/c/SerranonOS/UEFI/vUDK2017/Build/DuetPkgX64/DEBUG_GCC5/X64/MdePkg/Library/BaseLib/BaseLib/OUTPUT/BaseLib.lib(RRotU32.obj)
                              (--whole-archive)
/mnt/c/SerranonOS/UEFI/vUDK2017/Build/DuetPkgX64/DEBUG_GCC5/X64/MdePkg/Library/BaseLib/BaseLib/OUTPUT/BaseLib.lib(MultU64x64.obj)
                              (--whole-archive)
/mnt/c/SerranonOS/UEFI/vUDK2017/Build/DuetPkgX64/DEBUG_GCC5/X64/MdePkg/Library/BaseLib/BaseLib/OUTPUT/BaseLib.lib(MultU64x32.obj)
                              (--whole-archive)
/mnt/c/SerranonOS/UEFI/vUDK2017/Build/DuetPkgX64/DEBUG_GCC5/X64/MdePkg/Library/BaseLib/BaseLib/OUTPUT/BaseLib.lib(MultS64x64.obj)
                              (--whole-archive)
/mnt/c/SerranonOS/UEFI/vUDK2017/Build/DuetPkgX64/DEBUG_GCC5/X64/MdePkg/Library/BaseLib/BaseLib/OUTPUT/BaseLib.lib(ModU64x32.obj)
                              (--whole-archive)
/mnt/c/SerranonOS/UEFI/vUDK2017/Build/DuetPkgX64/DEBUG_GCC5/X64/MdePkg/Library/BaseLib/BaseLib/OUTPUT/BaseLib.lib(LShiftU64.obj)
                              (--whole-archive)
/mnt/c/SerranonOS/UEFI/vUDK2017/Build/DuetPkgX64/DEBUG_GCC5/X64/MdePkg/Library/BaseLib/BaseLib/OUTPUT/BaseLib.lib(LRotU64.obj)
                              (--whole-archive)
/mnt/c/SerranonOS/UEFI/vUDK2017/Build/DuetPkgX64/DEBUG_GCC5/X64/MdePkg/Library/BaseLib/BaseLib/OUTPUT/BaseLib.lib(LRotU32.obj)
                              (--whole-archive)
/mnt/c/SerranonOS/UEFI/vUDK2017/Build/DuetPkgX64/DEBUG_GCC5/X64/MdePkg/Library/BaseLib/BaseLib/OUTPUT/BaseLib.lib(LowBitSet64.obj)
                              (--whole-archive)
/mnt/c/SerranonOS/UEFI/vUDK2017/Build/DuetPkgX64/DEBUG_GCC5/X64/MdePkg/Library/BaseLib/BaseLib/OUTPUT/BaseLib.lib(LowBitSet32.obj)
                              (--whole-archive)
/mnt/c/SerranonOS/UEFI/vUDK2017/Build/DuetPkgX64/DEBUG_GCC5/X64/MdePkg/Library/BaseLib/BaseLib/OUTPUT/BaseLib.lib(HighBitSet64.obj)
                              (--whole-archive)
/mnt/c/SerranonOS/UEFI/vUDK2017/Build/DuetPkgX64/DEBUG_GCC5/X64/MdePkg/Library/BaseLib/BaseLib/OUTPUT/BaseLib.lib(HighBitSet32.obj)
                              (--whole-archive)
/mnt/c/SerranonOS/UEFI/vUDK2017/Build/DuetPkgX64/DEBUG_GCC5/X64/MdePkg/Library/BaseLib/BaseLib/OUTPUT/BaseLib.lib(GetPowerOfTwo64.obj)
                              (--whole-archive)
/mnt/c/SerranonOS/UEFI/vUDK2017/Build/DuetPkgX64/DEBUG_GCC5/X64/MdePkg/Library/BaseLib/BaseLib/OUTPUT/BaseLib.lib(GetPowerOfTwo32.obj)
                              (--whole-archive)
/mnt/c/SerranonOS/UEFI/vUDK2017/Build/DuetPkgX64/DEBUG_GCC5/X64/MdePkg/Library/BaseLib/BaseLib/OUTPUT/BaseLib.lib(DivU64x64Remainder.obj)
                              (--whole-archive)
/mnt/c/SerranonOS/UEFI/vUDK2017/Build/DuetPkgX64/DEBUG_GCC5/X64/MdePkg/Library/BaseLib/BaseLib/OUTPUT/BaseLib.lib(DivU64x32Remainder.obj)
                              (--whole-archive)
/mnt/c/SerranonOS/UEFI/vUDK2017/Build/DuetPkgX64/DEBUG_GCC5/X64/MdePkg/Library/BaseLib/BaseLib/OUTPUT/BaseLib.lib(DivU64x32.obj)
                              (--whole-archive)
[...]
Memory Configuration

Name             Origin             Length             Attributes
*default*        0x0000000000000000 0xffffffffffffffff

Linker script and memory map

LOAD /tmp/cc8DjpEK.ltrans0.ltrans.o
LOAD /tmp/cc8DjpEK.ltrans1.ltrans.o
LOAD /tmp/cc8DjpEK.ltrans2.ltrans.o
LOAD /tmp/cc8DjpEK.ltrans3.ltrans.o
LOAD /tmp/cc8DjpEK.ltrans4.ltrans.o
LOAD /tmp/cc8DjpEK.ltrans5.ltrans.o
LOAD /tmp/cc8DjpEK.ltrans6.ltrans.o
LOAD /tmp/cc8DjpEK.ltrans7.ltrans.o
LOAD /tmp/cc8DjpEK.ltrans8.ltrans.o
LOAD /tmp/cc8DjpEK.ltrans9.ltrans.o
LOAD /tmp/cc8DjpEK.ltrans10.ltrans.o
LOAD /tmp/cc8DjpEK.ltrans11.ltrans.o
LOAD /tmp/cc8DjpEK.ltrans12.ltrans.o
LOAD /tmp/cc8DjpEK.ltrans13.ltrans.o
LOAD /tmp/cc8DjpEK.ltrans14.ltrans.o
LOAD /tmp/cc8DjpEK.ltrans15.ltrans.o
START GROUP
LOAD /mnt/c/SerranonOS/UEFI/vUDK2017/Build/DuetPkgX64/DEBUG_GCC5/X64/MdePkg/Library/BasePcdLibNull/BasePcdLibNull/OUTPUT/BasePcdLibNull.lib
LOAD /mnt/c/SerranonOS/UEFI/vUDK2017/Build/DuetPkgX64/DEBUG_GCC5/X64/MdePkg/Library/BaseLib/BaseLib/OUTPUT/BaseLib.lib
LOAD /mnt/c/SerranonOS/UEFI/vUDK2017/Build/DuetPkgX64/DEBUG_GCC5/X64/MdePkg/Library/BaseMemoryLib/BaseMemoryLib/OUTPUT/BaseMemoryLib.lib
LOAD /mnt/c/SerranonOS/UEFI/vUDK2017/Build/DuetPkgX64/DEBUG_GCC5/X64/MdePkg/Library/BaseDebugLibNull/BaseDebugLibNull/OUTPUT/BaseDebugLibNull.lib
LOAD /mnt/c/SerranonOS/UEFI/vUDK2017/Build/DuetPkgX64/DEBUG_GCC5/X64/MdePkg/Library/UefiBootServicesTableLib/UefiBootServicesTableLib/OUTPUT/UefiBootServicesTableLib.lib
LOAD /mnt/c/SerranonOS/UEFI/vUDK2017/Build/DuetPkgX64/DEBUG_GCC5/X64/MdePkg/Library/UefiMemoryAllocationLib/UefiMemoryAllocationLib/OUTPUT/UefiMemoryAllocationLib.lib
LOAD /mnt/c/SerranonOS/UEFI/vUDK2017/Build/DuetPkgX64/DEBUG_GCC5/X64/MdePkg/Library/BasePrintLib/BasePrintLib/OUTPUT/BasePrintLib.lib
LOAD /mnt/c/SerranonOS/UEFI/vUDK2017/Build/DuetPkgX64/DEBUG_GCC5/X64/MdePkg/Library/UefiDevicePathLib/UefiDevicePathLib/OUTPUT/UefiDevicePathLib.lib
LOAD /mnt/c/SerranonOS/UEFI/vUDK2017/Build/DuetPkgX64/DEBUG_GCC5/X64/MdePkg/Library/UefiRuntimeServicesTableLib/UefiRuntimeServicesTableLib/OUTPUT/UefiRuntimeServicesTableLib.lib
LOAD /mnt/c/SerranonOS/UEFI/vUDK2017/Build/DuetPkgX64/DEBUG_GCC5/X64/MdeModulePkg/Library/UefiHiiServicesLib/UefiHiiServicesLib/OUTPUT/UefiHiiServicesLib.lib
LOAD /mnt/c/SerranonOS/UEFI/vUDK2017/Build/DuetPkgX64/DEBUG_GCC5/X64/MdePkg/Library/UefiLib/UefiLib/OUTPUT/UefiLib.lib
LOAD /mnt/c/SerranonOS/UEFI/vUDK2017/Build/DuetPkgX64/DEBUG_GCC5/X64/MdeModulePkg/Library/UefiHiiLib/UefiHiiLib/OUTPUT/UefiHiiLib.lib
LOAD /mnt/c/SerranonOS/UEFI/vUDK2017/Build/DuetPkgX64/DEBUG_GCC5/X64/MdePkg/Library/UefiDriverEntryPoint/UefiDriverEntryPoint/OUTPUT/UefiDriverEntryPoint.lib
LOAD /mnt/c/SerranonOS/UEFI/vUDK2017/Build/DuetPkgX64/DEBUG_GCC5/X64/MdeModulePkg/Library/CustomizedDisplayLib/CustomizedDisplayLib/OUTPUT/CustomizedDisplayLib.lib
LOAD /mnt/c/SerranonOS/UEFI/vUDK2017/Build/DuetPkgX64/DEBUG_GCC5/X64/MdeModulePkg/Universal/DisplayEngineDxe/DisplayEngineDxe/OUTPUT/DisplayEngine.lib
END GROUP
                0x0000000000000228                PECOFF_HEADER_SIZE = 0x228
                0x0000000000000228                . = PECOFF_HEADER_SIZE

.text           0x0000000000000240     0xd004
 *(.text .text.* .stub .gnu.linkonce.t.*)
 .text.FormDisplay
                0x0000000000000240     0x2cb4 /tmp/cc8DjpEK.ltrans0.ltrans.o
                0x0000000000000240                FormDisplay
 .text.ProcessOptions
                0x0000000000002ef4      0xea9 /tmp/cc8DjpEK.ltrans1.ltrans.o
                0x0000000000002ef4                ProcessOptions
 .text.InternalSafeStringNoStrOverlap
                0x0000000000003d9d       0x29 /tmp/cc8DjpEK.ltrans2.ltrans.o
 .text.StrLen   0x0000000000003dc6        0xf /tmp/cc8DjpEK.ltrans2.ltrans.o
                0x0000000000003dc6                StrLen
 .text.StrCmp   0x0000000000003dd5       0x1f /tmp/cc8DjpEK.ltrans2.ltrans.o
                0x0000000000003dd5                StrCmp
 .text.AsciiStrnLenS
                0x0000000000003df4       0x26 /tmp/cc8DjpEK.ltrans2.ltrans.o
                0x0000000000003df4                AsciiStrnLenS
 .text.StrnLenS
                0x0000000000003e1a       0x27 /tmp/cc8DjpEK.ltrans2.ltrans.o
                0x0000000000003e1a                StrnLenS
 .text.StrCatS  0x0000000000003e41      0x14c /tmp/cc8DjpEK.ltrans2.ltrans.o
                0x0000000000003e41                StrCatS
 .text.StrnCpyS
                0x0000000000003f8d      0x14a /tmp/cc8DjpEK.ltrans2.ltrans.o
                0x0000000000003f8d                StrnCpyS
 .text.StrCpyS  0x00000000000040d7      0x12a /tmp/cc8DjpEK.ltrans2.ltrans.o
                0x00000000000040d7                StrCpyS
 .text.IsNull   0x0000000000004201        0x7 /tmp/cc8DjpEK.ltrans2.ltrans.o
                0x0000000000004201                IsNull
 .text.IsListEmpty
                0x0000000000004208        0x7 /tmp/cc8DjpEK.ltrans2.ltrans.o
                0x0000000000004208                IsListEmpty
 .text.RemoveEntryList
                0x000000000000420f       0x19 /tmp/cc8DjpEK.ltrans2.ltrans.o
                0x000000000000420f                RemoveEntryList
 .text.GetNextNode
                0x0000000000004228        0x4 /tmp/cc8DjpEK.ltrans2.ltrans.o
                0x0000000000004228                GetNextNode
 .text.GetFirstNode
                0x000000000000422c        0x4 /tmp/cc8DjpEK.ltrans2.ltrans.o
                0x000000000000422c                GetFirstNode
 .text.InsertTailList
                0x0000000000004230       0x16 /tmp/cc8DjpEK.ltrans2.ltrans.o
                0x0000000000004230                InsertTailList
 .text.InsertHeadList
                0x0000000000004246       0x15 /tmp/cc8DjpEK.ltrans2.ltrans.o
                0x0000000000004246                InsertHeadList
 .text.SwapListEntries
                0x000000000000425b       0x5b /tmp/cc8DjpEK.ltrans2.ltrans.o
                0x000000000000425b                SwapListEntries
 .text._ModuleEntryPoint
                0x00000000000042b6      0x976 /tmp/cc8DjpEK.ltrans3.ltrans.o
                0x00000000000042b6                _ModuleEntryPoint
 .text.GetStringWidth
                0x0000000000004c2c       0x51 /tmp/cc8DjpEK.ltrans4.ltrans.o
                0x0000000000004c2c                GetStringWidth
 .text.GetLineByWidth
                0x0000000000004c7d      0x1c3 /tmp/cc8DjpEK.ltrans4.ltrans.o
                0x0000000000004c7d                GetLineByWidth
 .text.UpdateSkipInfoForMenu
                0x0000000000004e40       0xba /tmp/cc8DjpEK.ltrans4.ltrans.o
 .text.GetToken
                0x0000000000004efa       0x43 /tmp/cc8DjpEK.ltrans4.ltrans.o
                0x0000000000004efa                GetToken
 .text.IsSelectable
                0x0000000000004f3d       0xc1 /tmp/cc8DjpEK.ltrans4.ltrans.o
                0x0000000000004f3d                IsSelectable
 .text.UpdateOptionSkipLines
                0x0000000000004ffe       0x99 /tmp/cc8DjpEK.ltrans4.ltrans.o
                0x0000000000004ffe                UpdateOptionSkipLines
 .text.MoveToNextStatement
                0x0000000000005097       0xc6 /tmp/cc8DjpEK.ltrans4.ltrans.o
                0x0000000000005097                MoveToNextStatement
 .text.GetWidth
                0x000000000000515d       0xe6 /tmp/cc8DjpEK.ltrans4.ltrans.o
                0x000000000000515d                GetWidth
 .text.UiAddMenuOption
                0x0000000000005243      0x228 /tmp/cc8DjpEK.ltrans4.ltrans.o
                0x0000000000005243                UiAddMenuOption
 .text.PrintAt  0x000000000000546b      0x1b7 /tmp/cc8DjpEK.ltrans4.ltrans.o
                0x000000000000546b                PrintAt
 .text.WaitForKeyStroke
                0x0000000000005622       0x70 /tmp/cc8DjpEK.ltrans4.ltrans.o
                0x0000000000005622                WaitForKeyStroke
 .text.PrintHotKeyHelpString
                0x0000000000005692      0x249 /tmp/cc8DjpEK.ltrans4.ltrans.o
                0x0000000000005692                PrintHotKeyHelpString
 .text.LibGetStringWidth
                0x00000000000058db       0x51 /tmp/cc8DjpEK.ltrans4.ltrans.o
                0x00000000000058db                LibGetStringWidth
 .text.LibGetToken
                0x000000000000592c       0x43 /tmp/cc8DjpEK.ltrans4.ltrans.o
                0x000000000000592c                LibGetToken
 .text.ProcessUserOpcode
                0x000000000000596f      0x115 /tmp/cc8DjpEK.ltrans4.ltrans.o
                0x000000000000596f                ProcessUserOpcode
 .text.SetDisplayAttribute
                0x0000000000005a84       0x69 /tmp/cc8DjpEK.ltrans5.ltrans.o
 .text.DisplayMenuString
                0x0000000000005aed       0x82 /tmp/cc8DjpEK.ltrans5.ltrans.o
 .text.DisplayOneMenu
                0x0000000000005b6f      0x6bb /tmp/cc8DjpEK.ltrans5.ltrans.o
                0x0000000000005b6f                DisplayOneMenu
 .text.GetIndexInfoForOpcode
                0x000000000000622a       0x62 /tmp/cc8DjpEK.ltrans5.ltrans.o
                0x000000000000622a                GetIndexInfoForOpcode
 .text.UpdateHighlightMenuInfo
                0x000000000000628c      0x1b9 /tmp/cc8DjpEK.ltrans5.ltrans.o
                0x000000000000628c                UpdateHighlightMenuInfo
 .text.FindTopOfScreenMenuOption
                0x0000000000006445      0x10f /tmp/cc8DjpEK.ltrans5.ltrans.o
                0x0000000000006445                FindTopOfScreenMenuOption
 .text.FindHighLightMenuOption
                0x0000000000006554      0x104 /tmp/cc8DjpEK.ltrans5.ltrans.o
                0x0000000000006554                FindHighLightMenuOption
 .text.FindTopOfScreenMenu
                0x0000000000006658       0x9d /tmp/cc8DjpEK.ltrans5.ltrans.o
                0x0000000000006658                FindTopOfScreenMenu
 .text.LibGetFieldFromNum
                0x00000000000066f5       0x25 /tmp/cc8DjpEK.ltrans5.ltrans.o
                0x00000000000066f5                LibGetFieldFromNum
                0x00000000000066f5                GetFieldFromNum
 .text.AdjustDateAndTimePosition
                0x000000000000671a       0x5e /tmp/cc8DjpEK.ltrans5.ltrans.o
                0x000000000000671a                AdjustDateAndTimePosition
 .text.ReadUnaligned64
                0x0000000000006778        0x4 /tmp/cc8DjpEK.ltrans6.ltrans.o
 .text.HiiRemovePackages
                0x000000000000677c        0xd /tmp/cc8DjpEK.ltrans6.ltrans.o
                0x000000000000677c                HiiRemovePackages
 .text.UnicodeVSPrint
                0x0000000000006789       0xaa /tmp/cc8DjpEK.ltrans6.ltrans.o
                0x0000000000006789                UnicodeVSPrint
 .text.UnicodeSPrint
                0x0000000000006833       0x1d /tmp/cc8DjpEK.ltrans6.ltrans.o
                0x0000000000006833                UnicodeSPrint
 .text.BasePrintLibFillBuffer
                0x0000000000006850       0x2e /tmp/cc8DjpEK.ltrans6.ltrans.o
                0x0000000000006850                BasePrintLibFillBuffer
 .text.FreePool
                0x000000000000687e        0xa /tmp/cc8DjpEK.ltrans6.ltrans.o
                0x000000000000687e                FreePool
 .text._DriverUnloadHandler
                0x0000000000006888      0x2b1 /tmp/cc8DjpEK.ltrans6.ltrans.o
                0x0000000000006888                _DriverUnloadHandler
 .text.CompareGuid
                0x0000000000006b39       0x42 /tmp/cc8DjpEK.ltrans6.ltrans.o
                0x0000000000006b39                CompareGuid
 .text.CopyGuid
                0x0000000000006b7b       0x27 /tmp/cc8DjpEK.ltrans6.ltrans.o
                0x0000000000006b7b                CopyGuid
 .text.CopyMem  0x0000000000006ba2      0x201 /tmp/cc8DjpEK.ltrans6.ltrans.o
                0x0000000000006ba2                CopyMem
 .text.CompareMem
                0x0000000000006da3       0x31 /tmp/cc8DjpEK.ltrans6.ltrans.o
                0x0000000000006da3                CompareMem
 .text.ZeroMem  0x0000000000006dd4       0x9a /tmp/cc8DjpEK.ltrans6.ltrans.o
                0x0000000000006dd4                ZeroMem
 .text.AllocateZeroPool
                0x0000000000006e6e       0xf9 /tmp/cc8DjpEK.ltrans6.ltrans.o
                0x0000000000006e6e                AllocateZeroPool
 .text.HiiGetSupportedLanguages
                0x0000000000006f67       0x81 /tmp/cc8DjpEK.ltrans6.ltrans.o
                0x0000000000006f67                HiiGetSupportedLanguages
 .text.HiiAddPackages
                0x0000000000006fe8       0xf8 /tmp/cc8DjpEK.ltrans6.ltrans.o
                0x0000000000006fe8                HiiAddPackages
 .text.AsciiStrLen
                0x00000000000070e0        0xe /tmp/cc8DjpEK.ltrans6.ltrans.o
                0x00000000000070e0                AsciiStrLen
 .text.AsciiStrnCmp.part.8.lto_priv.27
                0x00000000000070ee       0x47 /tmp/cc8DjpEK.ltrans6.ltrans.o
                0x00000000000070ee                AsciiStrnCmp.part.8.lto_priv.27
 .text.InternalAllocatePool.constprop.21
                0x0000000000007135       0x37 /tmp/cc8DjpEK.ltrans7.ltrans.o
                0x0000000000007135                InternalAllocatePool.constprop.21
 .text.InternalAllocateCopyPool.constprop.19
                0x000000000000716c       0x35 /tmp/cc8DjpEK.ltrans7.ltrans.o
                0x000000000000716c                InternalAllocateCopyPool.constprop.19
 .text.BasePrintLibSPrintMarker.constprop.18
                0x00000000000071a1      0xef5 /tmp/cc8DjpEK.ltrans7.ltrans.o
                0x00000000000071a1                BasePrintLibSPrintMarker.constprop.18
 .text.BasePrintLibSPrint.constprop.17
                0x0000000000008096       0xb8 /tmp/cc8DjpEK.ltrans7.ltrans.o
 .text.GetBestLanguage.constprop.14
                0x000000000000814e       0xeb /tmp/cc8DjpEK.ltrans7.ltrans.o
                0x000000000000814e                GetBestLanguage.constprop.14
 .text.HiiSetString.constprop.13
                0x0000000000008239      0x11f /tmp/cc8DjpEK.ltrans7.ltrans.o
                0x0000000000008239                HiiSetString.constprop.13
 .text.SetValuesByType
                0x0000000000008358       0x30 /tmp/cc8DjpEK.ltrans8.ltrans.o
                0x0000000000008358                SetValuesByType
 .text.GetNumericInput
                0x0000000000008388      0xc78 /tmp/cc8DjpEK.ltrans8.ltrans.o
                0x0000000000008388                GetNumericInput
 .text.AddOneSelectableOption
                0x0000000000009000       0xe7 /tmp/cc8DjpEK.ltrans9.ltrans.o
 .text.CreatePopup
                0x00000000000090e7      0xbde /tmp/cc8DjpEK.ltrans9.ltrans.o
                0x00000000000090e7                CreatePopup
 .text.GetSelectionInputPopUp
                0x0000000000009cc5      0xb9a /tmp/cc8DjpEK.ltrans10.ltrans.o
                0x0000000000009cc5                GetSelectionInputPopUp
 .text.HiiGetString.constprop.12
                0x000000000000a85f      0x252 /tmp/cc8DjpEK.ltrans11.ltrans.o
                0x000000000000a85f                HiiGetString.constprop.12
 .text.LibSetUnicodeMem.constprop.11
                0x000000000000aab1       0x13 /tmp/cc8DjpEK.ltrans11.ltrans.o
                0x000000000000aab1                LibSetUnicodeMem.constprop.11
 .text.CreateMultiStringPopUp.constprop.7
                0x000000000000aac4      0x2fe /tmp/cc8DjpEK.ltrans11.ltrans.o
                0x000000000000aac4                CreateMultiStringPopUp.constprop.7
 .text.PrintFormattedNumber.constprop.5
                0x000000000000adc2       0x89 /tmp/cc8DjpEK.ltrans11.ltrans.o
                0x000000000000adc2                PrintFormattedNumber.constprop.5
 .text.CompareHiiValue.constprop.4
                0x000000000000ae4b      0x267 /tmp/cc8DjpEK.ltrans11.ltrans.o
                0x000000000000ae4b                CompareHiiValue.constprop.4
 .text.ProcessLibraryDestructorList
                0x000000000000b0b2       0xf8 /tmp/cc8DjpEK.ltrans11.ltrans.o
                0x000000000000b0b2                ProcessLibraryDestructorList
 .text.ParseMessageString.part.0.lto_priv.28
                0x000000000000b1aa      0x11c /tmp/cc8DjpEK.ltrans11.ltrans.o
                0x000000000000b1aa                ParseMessageString.part.0.lto_priv.28
 .text.ReadString
                0x000000000000b2c6      0x7a9 /tmp/cc8DjpEK.ltrans12.ltrans.o
                0x000000000000b2c6                ReadString
 .text.ProcessHelpString
                0x000000000000ba6f      0x12a /tmp/cc8DjpEK.ltrans12.ltrans.o
                0x000000000000ba6f                ProcessHelpString
 .text.PrintCharAt
                0x000000000000bb99       0x26 /tmp/cc8DjpEK.ltrans13.ltrans.o
                0x000000000000bb99                PrintCharAt
 .text.PrintStringAtWithWidth
                0x000000000000bbbf       0x26 /tmp/cc8DjpEK.ltrans13.ltrans.o
                0x000000000000bbbf                PrintStringAtWithWidth
 .text.PrintStringAt
                0x000000000000bbe5       0x22 /tmp/cc8DjpEK.ltrans13.ltrans.o
                0x000000000000bbe5                PrintStringAt
 .text.ClearLines
                0x000000000000bc07      0x128 /tmp/cc8DjpEK.ltrans13.ltrans.o
                0x000000000000bc07                ClearLines
 .text.CreateDialog
                0x000000000000bd2f      0x449 /tmp/cc8DjpEK.ltrans13.ltrans.o
                0x000000000000bd2f                CreateDialog
 .text.ConfirmDataChange
                0x000000000000c178       0xa8 /tmp/cc8DjpEK.ltrans13.ltrans.o
                0x000000000000c178                ConfirmDataChange
 .text.UpdateStatusBar
                0x000000000000c220      0x249 /tmp/cc8DjpEK.ltrans13.ltrans.o
                0x000000000000c220                UpdateStatusBar
 .text.RefreshKeyHelp
                0x000000000000c469      0x6c9 /tmp/cc8DjpEK.ltrans14.ltrans.o
                0x000000000000c469                RefreshKeyHelp
 .text.EmptyEventProcess
                0x000000000000cb32        0x1 /tmp/cc8DjpEK.ltrans15.ltrans.o
                0x000000000000cb32                EmptyEventProcess
 .text.DriverClearDisplayPage
                0x000000000000cb33       0x3e /tmp/cc8DjpEK.ltrans15.ltrans.o
                0x000000000000cb33                DriverClearDisplayPage
 .text.RefreshTimeOutProcess
                0x000000000000cb71       0x81 /tmp/cc8DjpEK.ltrans15.ltrans.o
                0x000000000000cb71                RefreshTimeOutProcess
 .text.SetArrayData
                0x000000000000cbf2       0x27 /tmp/cc8DjpEK.ltrans15.ltrans.o
                0x000000000000cbf2                SetArrayData
 .text.GetArrayData
                0x000000000000cc19       0x2a /tmp/cc8DjpEK.ltrans15.ltrans.o
                0x000000000000cc19                GetArrayData
 .text.ValueToOption
                0x000000000000cc43       0xd4 /tmp/cc8DjpEK.ltrans15.ltrans.o
                0x000000000000cc43                ValueToOption
 .text.HiiValueToUINT64
                0x000000000000cd17       0x35 /tmp/cc8DjpEK.ltrans15.ltrans.o
                0x000000000000cd17                HiiValueToUINT64
 .text.NewStrCat
                0x000000000000cd4c       0x3b /tmp/cc8DjpEK.ltrans15.ltrans.o
                0x000000000000cd4c                NewStrCat
 *(.rodata .rodata.* .gnu.linkonce.r.*)
 .rodata.str2.2
                0x000000000000cd87        0x0 /tmp/cc8DjpEK.ltrans0.ltrans.o
                                          0x2 (size before relaxing)
 *fill*         0x000000000000cd87        0x1 
 .rodata.FormDisplay
                0x000000000000cd88       0x78 /tmp/cc8DjpEK.ltrans0.ltrans.o
 .rodata.gScreenOperationToControlFlag
                0x000000000000ce00       0x50 /tmp/cc8DjpEK.ltrans0.ltrans.o
 *fill*         0x000000000000ce50       0x10 
 .rodata.gScanCodeToOperation
                0x000000000000ce60       0x38 /tmp/cc8DjpEK.ltrans0.ltrans.o
 .rodata.str2.2
                0x000000000000ce98       0x1e /tmp/cc8DjpEK.ltrans1.ltrans.o
                                         0x24 (size before relaxing)
 .rodata.str2.2
                0x000000000000ceb6        0x4 /tmp/cc8DjpEK.ltrans3.ltrans.o
 *fill*         0x000000000000ceba        0x6 
 .rodata._gPcd_FixedAtBuild_PcdFrontPageFormSetGuid
                0x000000000000cec0       0x10 /tmp/cc8DjpEK.ltrans4.ltrans.o
 .rodata.str2.2
                0x000000000000ced0        0x2 /tmp/cc8DjpEK.ltrans5.ltrans.o
 .rodata.mEndOfPakageList
                0x000000000000ced0        0x4 /tmp/cc8DjpEK.ltrans6.ltrans.o
 .rodata.str1.1
                0x000000000000ced4      0x2a6 /tmp/cc8DjpEK.ltrans7.ltrans.o
                                        0x2b7 (size before relaxing)
 *fill*         0x000000000000d17a        0x6 
 .rodata.mHexStr
                0x000000000000d180       0x10 /tmp/cc8DjpEK.ltrans7.ltrans.o
 .rodata.SetValuesByType
                0x000000000000d190       0x14 /tmp/cc8DjpEK.ltrans8.ltrans.o
 .rodata.str2.2
                0x000000000000d1a4        0x4 /tmp/cc8DjpEK.ltrans8.ltrans.o
                                         0x18 (size before relaxing)
 *fill*         0x000000000000d1a4        0x4 
 .rodata.CSWTCH.58
                0x000000000000d1a8        0x8 /tmp/cc8DjpEK.ltrans8.ltrans.o
 .rodata.str2.2
                0x000000000000d1b0        0xe /tmp/cc8DjpEK.ltrans9.ltrans.o
                                         0x16 (size before relaxing)
 .rodata._gPcd_FixedAtBuild_PcdBrowserFieldBackgroundHighlightColor
                0x000000000000d1be        0x1 /tmp/cc8DjpEK.ltrans9.ltrans.o
                0x000000000000d1be                _gPcd_FixedAtBuild_PcdBrowerGrayOutReadOnlyMenu
                0x000000000000d1be                _gPcd_FixedAtBuild_PcdVerifyNodeInList
                0x000000000000d1be                _gPcd_FixedAtBuild_PcdBrowserGrayOutTextStatement
                0x000000000000d1be                _gPcd_FixedAtBuild_PcdBrowserFieldTextColor
                0x000000000000d1be                _gPcd_FixedAtBuild_PcdBrowserFieldBackgroundHighlightColor
 .rodata.str2.2
                0x000000000000d1bf        0x8 /tmp/cc8DjpEK.ltrans10.ltrans.o
 *fill*         0x000000000000d1bf        0x1 
 .rodata.GetSelectionInputPopUp
                0x000000000000d1c0       0x14 /tmp/cc8DjpEK.ltrans10.ltrans.o
 .rodata.str1.1
                0x000000000000d1d4      0x2a6 /tmp/cc8DjpEK.ltrans11.ltrans.o
                                          0x1 (size before relaxing)
 .rodata.str2.2
                0x000000000000d1d4       0x2c /tmp/cc8DjpEK.ltrans11.ltrans.o
                                         0x34 (size before relaxing)
 .rodata.str2.2
                0x000000000000d200        0xc /tmp/cc8DjpEK.ltrans13.ltrans.o
                                         0x12 (size before relaxing)
 .rodata.str2.2
                0x000000000000d20c       0x16 /tmp/cc8DjpEK.ltrans14.ltrans.o
                                         0x24 (size before relaxing)
 .rodata.str2.2
                0x000000000000d222        0x6 /tmp/cc8DjpEK.ltrans15.ltrans.o
 .rodata.HiiValueToUINT64
                0x000000000000d228       0x1c /tmp/cc8DjpEK.ltrans15.ltrans.o
 *(.got .got.*)
 .got           0x000000000000d244        0x0 PcdLib.obj (symbol from plugin)
 .got.plt       0x000000000000d244        0x0 PcdLib.obj (symbol from plugin)
                0x000000000000d244                _GLOBAL_OFFSET_TABLE_
 *:AutoGen.obj(.data.g*Guid)

.plt            0x000000000000d250        0x0
 .plt           0x000000000000d250        0x0 PcdLib.obj (symbol from plugin)

.data           0x000000000000d280     0x2380
 *(.data .data.* .gnu.linkonce.d.*)
 .data.gEdkiiFormBrowserEx2ProtocolGuid
                0x000000000000d280       0x10 /tmp/cc8DjpEK.ltrans3.ltrans.o
 .data.gEfiHiiPopupProtocolGuid
                0x000000000000d290       0x10 /tmp/cc8DjpEK.ltrans3.ltrans.o
 .data.gEdkiiFormDisplayEngineProtocolGuid
                0x000000000000d2a0       0x10 /tmp/cc8DjpEK.ltrans3.ltrans.o
 *fill*         0x000000000000d2b0       0x10 
 .data.rel.local.mPrivateData
                0x000000000000d2c0       0x38 /tmp/cc8DjpEK.ltrans3.ltrans.o
 *fill*         0x000000000000d2f8        0x8 
 .data.DisplayEngineStrings
                0x000000000000d300     0x15c6 /tmp/cc8DjpEK.ltrans3.ltrans.o
 *fill*         0x000000000000e8c6        0xa 
 .data.gDisplayEngineGuid
                0x000000000000e8d0       0x10 /tmp/cc8DjpEK.ltrans3.ltrans.o
 .data.gEfiHiiImageProtocolGuid
                0x000000000000e8e0       0x10 /tmp/cc8DjpEK.ltrans3.ltrans.o
 .data.gEfiHiiFontProtocolGuid
                0x000000000000e8f0       0x10 /tmp/cc8DjpEK.ltrans3.ltrans.o
 .data.gEfiHiiConfigRoutingProtocolGuid
                0x000000000000e900       0x10 /tmp/cc8DjpEK.ltrans3.ltrans.o
 .data.gEfiHiiDatabaseProtocolGuid
                0x000000000000e910       0x10 /tmp/cc8DjpEK.ltrans3.ltrans.o
 .data.gEfiHiiStringProtocolGuid
                0x000000000000e920       0x10 /tmp/cc8DjpEK.ltrans3.ltrans.o
 *fill*         0x000000000000e930       0x10 
 .data.CustomizedDisplayLibStrings
                0x000000000000e940      0x6ea /tmp/cc8DjpEK.ltrans3.ltrans.o
 *fill*         0x000000000000f02a        0x6 
 .data.gCustomizedDisplayLibGuid
                0x000000000000f030       0x10 /tmp/cc8DjpEK.ltrans3.ltrans.o
 .data.gEfiLoadedImageProtocolGuid
                0x000000000000f040       0x10 /tmp/cc8DjpEK.ltrans3.ltrans.o
 .data.gEfiIfrTianoGuid
                0x000000000000f050       0x10 /tmp/cc8DjpEK.ltrans4.ltrans.o
 .data.rel.ro.local.mStatusString
                0x000000000000f060      0x138 /tmp/cc8DjpEK.ltrans7.ltrans.o
 *fill*         0x000000000000f198        0x8 
 .data.gEfiGlobalVariableGuid
                0x000000000000f1a0       0x10 /tmp/cc8DjpEK.ltrans11.ltrans.o
 .data.gLibIsFirstForm
                0x000000000000f1b0        0x1 /tmp/cc8DjpEK.ltrans15.ltrans.o
                0x000000000000f1b0                gLibIsFirstForm
 .data.mIsFirstForm
                0x000000000000f1b1        0x1 /tmp/cc8DjpEK.ltrans15.ltrans.o
                0x000000000000f1b1                mIsFirstForm
 *(.bss .bss.*)
 *fill*         0x000000000000f1b2        0x6 
 .bss.gCheckError
                0x000000000000f1b8        0x8 /tmp/cc8DjpEK.ltrans0.ltrans.o
                0x000000000000f1b8                gCheckError
 .bss.gSaveNoSubmitProcess
                0x000000000000f1c0        0x8 /tmp/cc8DjpEK.ltrans0.ltrans.o
                0x000000000000f1c0                gSaveNoSubmitProcess
 .bss.gChangesOpt
                0x000000000000f1c8        0x8 /tmp/cc8DjpEK.ltrans0.ltrans.o
                0x000000000000f1c8                gChangesOpt
 .bss.gDiscardChange
                0x000000000000f1d0        0x8 /tmp/cc8DjpEK.ltrans0.ltrans.o
                0x000000000000f1d0                gDiscardChange
 .bss.gJumpToFormSet
                0x000000000000f1d8        0x8 /tmp/cc8DjpEK.ltrans0.ltrans.o
                0x000000000000f1d8                gJumpToFormSet
 .bss.gSaveProcess
                0x000000000000f1e0        0x8 /tmp/cc8DjpEK.ltrans0.ltrans.o
                0x000000000000f1e0                gSaveProcess
 .bss.gBrowserError
                0x000000000000f1e8        0x8 /tmp/cc8DjpEK.ltrans0.ltrans.o
                0x000000000000f1e8                gBrowserError
 .bss.gReconnectRequired
                0x000000000000f1f0        0x8 /tmp/cc8DjpEK.ltrans0.ltrans.o
                0x000000000000f1f0                gReconnectRequired
 .bss.gReconnectConfirmChanges
                0x000000000000f1f8        0x8 /tmp/cc8DjpEK.ltrans0.ltrans.o
                0x000000000000f1f8                gReconnectConfirmChanges
 .bss.gReconnectFail
                0x000000000000f200        0x8 /tmp/cc8DjpEK.ltrans0.ltrans.o
                0x000000000000f200                gReconnectFail
 .bss.gNoSubmitIfFailed
                0x000000000000f208        0x8 /tmp/cc8DjpEK.ltrans0.ltrans.o
                0x000000000000f208                gNoSubmitIfFailed
 .bss.gProtocolNotFound
                0x000000000000f210        0x8 /tmp/cc8DjpEK.ltrans0.ltrans.o
                0x000000000000f210                gProtocolNotFound
 .bss.gFormSuppress
                0x000000000000f218        0x8 /tmp/cc8DjpEK.ltrans0.ltrans.o
                0x000000000000f218                gFormSuppress
 .bss.gFormNotFound
                0x000000000000f220        0x8 /tmp/cc8DjpEK.ltrans0.ltrans.o
                0x000000000000f220                gFormNotFound
 .bss.gSaveFailed
                0x000000000000f228        0x8 /tmp/cc8DjpEK.ltrans0.ltrans.o
                0x000000000000f228                gSaveFailed
 .bss.gBannerData
                0x000000000000f230        0x8 /tmp/cc8DjpEK.ltrans0.ltrans.o
                0x000000000000f230                gBannerData
 *fill*         0x000000000000f238        0x8 
 .bss.gScreenDimensions
                0x000000000000f240       0x20 /tmp/cc8DjpEK.ltrans0.ltrans.o
                0x000000000000f240                gScreenDimensions
 .bss.gFooterHeight
                0x000000000000f260        0x8 /tmp/cc8DjpEK.ltrans0.ltrans.o
                0x000000000000f260                gFooterHeight
 *fill*         0x000000000000f268       0x18 
 .bss.gHighligthMenuInfo
                0x000000000000f280       0x48 /tmp/cc8DjpEK.ltrans0.ltrans.o
                0x000000000000f280                gHighligthMenuInfo
 .bss.gClassOfVfr
                0x000000000000f2c8        0x2 /tmp/cc8DjpEK.ltrans0.ltrans.o
                0x000000000000f2c8                gClassOfVfr
 *fill*         0x000000000000f2ca        0x6 
 .bss.gConfirmOpt
                0x000000000000f2d0        0x8 /tmp/cc8DjpEK.ltrans0.ltrans.o
                0x000000000000f2d0                gConfirmOpt
 .bss.gConfirmMsgEnd
                0x000000000000f2d8        0x8 /tmp/cc8DjpEK.ltrans0.ltrans.o
                0x000000000000f2d8                gConfirmMsgEnd
 .bss.gConfirmExitMsg2nd
                0x000000000000f2e0        0x8 /tmp/cc8DjpEK.ltrans0.ltrans.o
                0x000000000000f2e0                gConfirmExitMsg2nd
 .bss.gConfirmResetMsg2nd
                0x000000000000f2e8        0x8 /tmp/cc8DjpEK.ltrans0.ltrans.o
                0x000000000000f2e8                gConfirmResetMsg2nd
 .bss.gConfirmSubmitMsg2nd
                0x000000000000f2f0        0x8 /tmp/cc8DjpEK.ltrans0.ltrans.o
                0x000000000000f2f0                gConfirmSubmitMsg2nd
 .bss.gConfirmDefaultMsg2nd
                0x000000000000f2f8        0x8 /tmp/cc8DjpEK.ltrans0.ltrans.o
                0x000000000000f2f8                gConfirmDefaultMsg2nd
 .bss.gConfirmExitMsg
                0x000000000000f300        0x8 /tmp/cc8DjpEK.ltrans0.ltrans.o
                0x000000000000f300                gConfirmExitMsg
 .bss.gConfirmResetMsg
                0x000000000000f308        0x8 /tmp/cc8DjpEK.ltrans0.ltrans.o
                0x000000000000f308                gConfirmResetMsg
 .bss.gConfirmSubmitMsg
                0x000000000000f310        0x8 /tmp/cc8DjpEK.ltrans0.ltrans.o
                0x000000000000f310                gConfirmSubmitMsg
 .bss.gConfirmDefaultMsg
                0x000000000000f318        0x8 /tmp/cc8DjpEK.ltrans0.ltrans.o
                0x000000000000f318                gConfirmDefaultMsg
 .bss.gConfirmDiscardMsg
                0x000000000000f320        0x8 /tmp/cc8DjpEK.ltrans0.ltrans.o
                0x000000000000f320                gConfirmDiscardMsg
 .bss.gConfirmMsgConnect
                0x000000000000f328        0x8 /tmp/cc8DjpEK.ltrans0.ltrans.o
                0x000000000000f328                gConfirmMsgConnect
 .bss.gHiiHandle
                0x000000000000f330        0x8 /tmp/cc8DjpEK.ltrans0.ltrans.o
                0x000000000000f330                gHiiHandle
 .bss.gModalSkipColumn
                0x000000000000f338        0x2 /tmp/cc8DjpEK.ltrans0.ltrans.o
                0x000000000000f338                gModalSkipColumn
 *fill*         0x000000000000f33a        0x6 
 .bss.gMenuOption
                0x000000000000f340       0x10 /tmp/cc8DjpEK.ltrans0.ltrans.o
                0x000000000000f340                gMenuOption
 *fill*         0x000000000000f350       0x10 
 .bss.gOldFormEntry
                0x000000000000f360       0x38 /tmp/cc8DjpEK.ltrans0.ltrans.o
                0x000000000000f360                gOldFormEntry
 .bss.gPromptBlockWidth
                0x000000000000f398        0x2 /tmp/cc8DjpEK.ltrans0.ltrans.o
                0x000000000000f398                gPromptBlockWidth
 *fill*         0x000000000000f39a        0x6 
 .bss.gPassowordInvalid
                0x000000000000f3a0        0x8 /tmp/cc8DjpEK.ltrans1.ltrans.o
                0x000000000000f3a0                gPassowordInvalid
 .bss.gConfirmError
                0x000000000000f3a8        0x8 /tmp/cc8DjpEK.ltrans1.ltrans.o
                0x000000000000f3a8                gConfirmError
 .bss.gConfirmPassword
                0x000000000000f3b0        0x8 /tmp/cc8DjpEK.ltrans1.ltrans.o
                0x000000000000f3b0                gConfirmPassword
 .bss.gPromptForNewPassword
                0x000000000000f3b8        0x8 /tmp/cc8DjpEK.ltrans1.ltrans.o
                0x000000000000f3b8                gPromptForNewPassword
 .bss.gPromptForPassword
                0x000000000000f3c0        0x8 /tmp/cc8DjpEK.ltrans1.ltrans.o
                0x000000000000f3c0                gPromptForPassword
 .bss.gPasswordUnsupported
                0x000000000000f3c8        0x8 /tmp/cc8DjpEK.ltrans1.ltrans.o
                0x000000000000f3c8                gPasswordUnsupported
 .bss.gPromptForData
                0x000000000000f3d0        0x8 /tmp/cc8DjpEK.ltrans1.ltrans.o
                0x000000000000f3d0                gPromptForData
 .bss.gMisMatch
                0x000000000000f3d8        0x1 /tmp/cc8DjpEK.ltrans1.ltrans.o
                0x000000000000f3d8                gMisMatch
 *fill*         0x000000000000f3d9        0x7 
 .bss.gEmptyString
                0x000000000000f3e0        0x8 /tmp/cc8DjpEK.ltrans1.ltrans.o
                0x000000000000f3e0                gEmptyString
 .bss.gOptionMismatch
                0x000000000000f3e8        0x8 /tmp/cc8DjpEK.ltrans1.ltrans.o
                0x000000000000f3e8                gOptionMismatch
 .bss.gNoSubmitIf
                0x000000000000f3f0        0x8 /tmp/cc8DjpEK.ltrans3.ltrans.o
                0x000000000000f3f0                gNoSubmitIf
 .bss.gImageHandle
                0x000000000000f3f8        0x8 /tmp/cc8DjpEK.ltrans3.ltrans.o
 .bss.gHiiImage
                0x000000000000f400        0x8 /tmp/cc8DjpEK.ltrans3.ltrans.o
 .bss.gHiiFont  0x000000000000f408        0x8 /tmp/cc8DjpEK.ltrans3.ltrans.o
 .bss.gHiiConfigRouting
                0x000000000000f410        0x8 /tmp/cc8DjpEK.ltrans3.ltrans.o
 .bss.gHiiDatabase
                0x000000000000f418        0x8 /tmp/cc8DjpEK.ltrans3.ltrans.o
                0x000000000000f418                gHiiDatabase
 .bss.mLibUnknownString
                0x000000000000f420        0x8 /tmp/cc8DjpEK.ltrans4.ltrans.o
                0x000000000000f420                mLibUnknownString
 .bss.mUnknownString
                0x000000000000f428        0x8 /tmp/cc8DjpEK.ltrans4.ltrans.o
                0x000000000000f428                mUnknownString
 .bss.gHiiString
                0x000000000000f430        0x8 /tmp/cc8DjpEK.ltrans7.ltrans.o
                0x000000000000f430                gHiiString
 .bss.gBS       0x000000000000f438        0x8 /tmp/cc8DjpEK.ltrans7.ltrans.o
                0x000000000000f438                gBS
 .bss.gOptionBlockWidth
                0x000000000000f440        0x2 /tmp/cc8DjpEK.ltrans8.ltrans.o
                0x000000000000f440                gOptionBlockWidth
 *fill*         0x000000000000f442        0x6 
 .bss.gConfirmOptCancel
                0x000000000000f448        0x8 /tmp/cc8DjpEK.ltrans9.ltrans.o
                0x000000000000f448                gConfirmOptCancel
 .bss.gConfirmOptOk
                0x000000000000f450        0x8 /tmp/cc8DjpEK.ltrans9.ltrans.o
                0x000000000000f450                gConfirmOptOk
 .bss.gConfirmOptNo
                0x000000000000f458        0x8 /tmp/cc8DjpEK.ltrans9.ltrans.o
                0x000000000000f458                gConfirmOptNo
 .bss.gConfirmOptYes
                0x000000000000f460        0x8 /tmp/cc8DjpEK.ltrans9.ltrans.o
                0x000000000000f460                gConfirmOptYes
 .bss.gInfoPopup
                0x000000000000f468        0x8 /tmp/cc8DjpEK.ltrans9.ltrans.o
                0x000000000000f468                gInfoPopup
 .bss.gWarningPopup
                0x000000000000f470        0x8 /tmp/cc8DjpEK.ltrans9.ltrans.o
                0x000000000000f470                gWarningPopup
 .bss.gErrorPopup
                0x000000000000f478        0x8 /tmp/cc8DjpEK.ltrans9.ltrans.o
                0x000000000000f478                gErrorPopup
 .bss.gNoOption
                0x000000000000f480        0x8 /tmp/cc8DjpEK.ltrans9.ltrans.o
                0x000000000000f480                gNoOption
 .bss.gYesOption
                0x000000000000f488        0x8 /tmp/cc8DjpEK.ltrans9.ltrans.o
                0x000000000000f488                gYesOption
 .bss.gCancelOption
                0x000000000000f490        0x8 /tmp/cc8DjpEK.ltrans9.ltrans.o
                0x000000000000f490                gCancelOption
 .bss.gOkOption
                0x000000000000f498        0x8 /tmp/cc8DjpEK.ltrans9.ltrans.o
                0x000000000000f498                gOkOption
 .bss.gUserSelectableOptions
                0x000000000000f4a0       0x10 /tmp/cc8DjpEK.ltrans9.ltrans.o
 *fill*         0x000000000000f4b0       0x10 
 .bss.gPopupDimensions
                0x000000000000f4c0       0x20 /tmp/cc8DjpEK.ltrans9.ltrans.o
 .bss.gMesStrLineNum
                0x000000000000f4e0        0x8 /tmp/cc8DjpEK.ltrans9.ltrans.o
 .bss.gMaxRowWidth
                0x000000000000f4e8        0x8 /tmp/cc8DjpEK.ltrans9.ltrans.o
 .bss.gMessageString
                0x000000000000f4f0        0x8 /tmp/cc8DjpEK.ltrans9.ltrans.o
 .bss.gUserInput
                0x000000000000f4f8        0x8 /tmp/cc8DjpEK.ltrans10.ltrans.o
                0x000000000000f4f8                gUserInput
 .bss.gDirection
                0x000000000000f500        0x2 /tmp/cc8DjpEK.ltrans10.ltrans.o
                0x000000000000f500                gDirection
 *fill*         0x000000000000f502        0x6 
 .bss.gFormData
                0x000000000000f508        0x8 /tmp/cc8DjpEK.ltrans10.ltrans.o
                0x000000000000f508                gFormData
 .bss.mSpaceBuffer
                0x000000000000f510        0x8 /tmp/cc8DjpEK.ltrans11.ltrans.o
                0x000000000000f510                mSpaceBuffer
 .bss.gInputErrorMessage
                0x000000000000f518        0x8 /tmp/cc8DjpEK.ltrans11.ltrans.o
                0x000000000000f518                gInputErrorMessage
 .bss.gNvUpdateMessage
                0x000000000000f520        0x8 /tmp/cc8DjpEK.ltrans11.ltrans.o
                0x000000000000f520                gNvUpdateMessage
 .bss.gLibEmptyString
                0x000000000000f528        0x8 /tmp/cc8DjpEK.ltrans11.ltrans.o
                0x000000000000f528                gLibEmptyString
 .bss.gSaveChanges
                0x000000000000f530        0x8 /tmp/cc8DjpEK.ltrans11.ltrans.o
                0x000000000000f530                gSaveChanges
 .bss.gAdjustNumber
                0x000000000000f538        0x8 /tmp/cc8DjpEK.ltrans11.ltrans.o
                0x000000000000f538                gAdjustNumber
 .bss.gMinusString
                0x000000000000f540        0x8 /tmp/cc8DjpEK.ltrans11.ltrans.o
                0x000000000000f540                gMinusString
 .bss.gPlusString
                0x000000000000f548        0x8 /tmp/cc8DjpEK.ltrans11.ltrans.o
                0x000000000000f548                gPlusString
 .bss.gNoResponse
                0x000000000000f550        0x8 /tmp/cc8DjpEK.ltrans11.ltrans.o
                0x000000000000f550                gNoResponse
 .bss.gYesResponse
                0x000000000000f558        0x8 /tmp/cc8DjpEK.ltrans11.ltrans.o
                0x000000000000f558                gYesResponse
 .bss.gAreYouSure
                0x000000000000f560        0x8 /tmp/cc8DjpEK.ltrans11.ltrans.o
                0x000000000000f560                gAreYouSure
 .bss.gToggleCheckBox
                0x000000000000f568        0x8 /tmp/cc8DjpEK.ltrans11.ltrans.o
                0x000000000000f568                gToggleCheckBox
 .bss.gHexNumericInput
                0x000000000000f570        0x8 /tmp/cc8DjpEK.ltrans11.ltrans.o
                0x000000000000f570                gHexNumericInput
 .bss.gDecNumericInput
                0x000000000000f578        0x8 /tmp/cc8DjpEK.ltrans11.ltrans.o
                0x000000000000f578                gDecNumericInput
 .bss.gMoveHighlight
                0x000000000000f580        0x8 /tmp/cc8DjpEK.ltrans11.ltrans.o
                0x000000000000f580                gMoveHighlight
 .bss.gEscapeString
                0x000000000000f588        0x8 /tmp/cc8DjpEK.ltrans11.ltrans.o
                0x000000000000f588                gEscapeString
 .bss.gEnterEscapeString
                0x000000000000f590        0x8 /tmp/cc8DjpEK.ltrans11.ltrans.o
                0x000000000000f590                gEnterEscapeString
 .bss.gEnterCommitString
                0x000000000000f598        0x8 /tmp/cc8DjpEK.ltrans11.ltrans.o
                0x000000000000f598                gEnterCommitString
 .bss.gEnterString
                0x000000000000f5a0        0x8 /tmp/cc8DjpEK.ltrans11.ltrans.o
                0x000000000000f5a0                gEnterString
 .bss.mCDLStringPackHandle
                0x000000000000f5a8        0x8 /tmp/cc8DjpEK.ltrans11.ltrans.o
                0x000000000000f5a8                mCDLStringPackHandle
 .bss.gST       0x000000000000f5b0        0x8 /tmp/cc8DjpEK.ltrans11.ltrans.o
                0x000000000000f5b0                gST
 *fill*         0x000000000000f5b8        0x8 
 .bss.gStatementDimensions
                0x000000000000f5c0       0x20 /tmp/cc8DjpEK.ltrans11.ltrans.o
                0x000000000000f5c0                gStatementDimensions
 .bss.gRT       0x000000000000f5e0        0x8 /tmp/cc8DjpEK.ltrans11.ltrans.o
                0x000000000000f5e0                gRT
 .bss.gHelpBlockWidth
                0x000000000000f5e8        0x2 /tmp/cc8DjpEK.ltrans12.ltrans.o
                0x000000000000f5e8                gHelpBlockWidth
 *fill*         0x000000000000f5ea        0x6 
 .bss.gMiniString
                0x000000000000f5f0        0x8 /tmp/cc8DjpEK.ltrans12.ltrans.o
                0x000000000000f5f0                gMiniString
 .bss.gPressEnter
                0x000000000000f5f8        0x8 /tmp/cc8DjpEK.ltrans12.ltrans.o
                0x000000000000f5f8                gPressEnter

.eh_frame       0x000000000000f600        0x0
 *(.eh_frame)
 .eh_frame      0x000000000000f600        0x0 PcdLib.obj (symbol from plugin)

.dynbss         0x000000000000f600        0x0
 .dynbss        0x000000000000f600        0x0 PcdLib.obj (symbol from plugin)

.gnu.version_d  0x000000000000f600        0x0
 .gnu.version_d
                0x000000000000f600        0x0 PcdLib.obj (symbol from plugin)

.gnu.version    0x000000000000f600        0x0
 .gnu.version   0x000000000000f600        0x0 PcdLib.obj (symbol from plugin)

.gnu.version_r  0x000000000000f600        0x0
 .gnu.version_r
                0x000000000000f600        0x0 PcdLib.obj (symbol from plugin)

.rela           0x000000000000f600      0x408
 *(.rela .rela.*)
 .rela.plt      0x000000000000f600        0x0 PcdLib.obj (symbol from plugin)
 .rela.got      0x000000000000f600        0x0 PcdLib.obj (symbol from plugin)
 .rela.bss      0x000000000000f600        0x0 PcdLib.obj (symbol from plugin)
 .rela.ifunc    0x000000000000f600        0x0 PcdLib.obj (symbol from plugin)
 .rela.text     0x000000000000f600        0x0 PcdLib.obj (symbol from plugin)
 .rela.text.FormDisplay
                0x000000000000f600        0x0 PcdLib.obj (symbol from plugin)
 .rela.text.ProcessOptions
                0x000000000000f600        0x0 PcdLib.obj (symbol from plugin)
 .rela.text.InternalBaseLibIsListValid
                0x000000000000f600        0x0 PcdLib.obj (symbol from plugin)
 .rela.text.IsNodeInList
                0x000000000000f600        0x0 PcdLib.obj (symbol from plugin)
 .rela.text._ModuleEntryPoint
                0x000000000000f600        0x0 PcdLib.obj (symbol from plugin)
 .rela.data.rel.local.mPrivateData
                0x000000000000f600       0x60 PcdLib.obj (symbol from plugin)
 .rela.text.GetLineByWidth
                0x000000000000f660        0x0 PcdLib.obj (symbol from plugin)
 .rela.text.UpdateSkipInfoForMenu
                0x000000000000f660        0x0 PcdLib.obj (symbol from plugin)
 .rela.text.GetToken
                0x000000000000f660        0x0 PcdLib.obj (symbol from plugin)
 .rela.text.IsSelectable
                0x000000000000f660        0x0 PcdLib.obj (symbol from plugin)
 .rela.text.UpdateOptionSkipLines
                0x000000000000f660        0x0 PcdLib.obj (symbol from plugin)
 .rela.text.GetWidth
                0x000000000000f660        0x0 PcdLib.obj (symbol from plugin)
 .rela.text.UiAddMenuOption
                0x000000000000f660        0x0 PcdLib.obj (symbol from plugin)
 .rela.text.PrintAt
                0x000000000000f660        0x0 PcdLib.obj (symbol from plugin)
 .rela.text.WaitForKeyStroke
                0x000000000000f660        0x0 PcdLib.obj (symbol from plugin)
 .rela.text.PrintHotKeyHelpString
                0x000000000000f660        0x0 PcdLib.obj (symbol from plugin)
 .rela.text.LibGetToken
                0x000000000000f660        0x0 PcdLib.obj (symbol from plugin)
 .rela.text.ProcessUserOpcode
                0x000000000000f660        0x0 PcdLib.obj (symbol from plugin)
 .rela.text.SetDisplayAttribute
                0x000000000000f660        0x0 PcdLib.obj (symbol from plugin)
 .rela.text.DisplayMenuString
                0x000000000000f660        0x0 PcdLib.obj (symbol from plugin)
 .rela.text.DisplayOneMenu
                0x000000000000f660        0x0 PcdLib.obj (symbol from plugin)
 .rela.text.GetIndexInfoForOpcode
                0x000000000000f660        0x0 PcdLib.obj (symbol from plugin)
 .rela.text.UpdateHighlightMenuInfo
                0x000000000000f660        0x0 PcdLib.obj (symbol from plugin)
 .rela.text.FindTopOfScreenMenuOption
                0x000000000000f660        0x0 PcdLib.obj (symbol from plugin)
 .rela.text.FindHighLightMenuOption
                0x000000000000f660        0x0 PcdLib.obj (symbol from plugin)
 .rela.text.UnicodeVSPrint
                0x000000000000f660        0x0 PcdLib.obj (symbol from plugin)
 .rela.text.FreePool
                0x000000000000f660        0x0 PcdLib.obj (symbol from plugin)
 .rela.text._DriverUnloadHandler
                0x000000000000f660        0x0 PcdLib.obj (symbol from plugin)
 .rela.text.AllocateZeroPool
                0x000000000000f660        0x0 PcdLib.obj (symbol from plugin)
 .rela.text.HiiGetSupportedLanguages
                0x000000000000f660        0x0 PcdLib.obj (symbol from plugin)
 .rela.data.rel.ro.local.mStatusString
                0x000000000000f660      0x3a8 PcdLib.obj (symbol from plugin)
 .rela.text.GetNumericInput
                0x000000000000fa08        0x0 PcdLib.obj (symbol from plugin)
 .rela.text.CreatePopup
                0x000000000000fa08        0x0 PcdLib.obj (symbol from plugin)
 .rela.text.GetSelectionInputPopUp
                0x000000000000fa08        0x0 PcdLib.obj (symbol from plugin)
 .rela.text.CreateMultiStringPopUp.constprop.7
                0x000000000000fa08        0x0 PcdLib.obj (symbol from plugin)
 .rela.text.CompareHiiValue.constprop.4
                0x000000000000fa08        0x0 PcdLib.obj (symbol from plugin)
 .rela.text.ReadString
                0x000000000000fa08        0x0 PcdLib.obj (symbol from plugin)

.hii
 *(.hii)

.build-id       0x000000000000fa08       0x24
 *(.note.gnu.build-id)
 .note.gnu.build-id
                0x000000000000fa08       0x24 PcdLib.obj (symbol from plugin)

/DISCARD/
 *(.note.GNU-stack)
 *(.gnu_debuglink)
 *(.interp)
 *(.dynsym)
 *(.dynstr)
 *(.dynamic)
 *(.hash .gnu.hash)
 *(.comment)
 *(COMMON)
OUTPUT(/mnt/c/SerranonOS/UEFI/vUDK2017/Build/DuetPkgX64/DEBUG_GCC5/X64/MdeModulePkg/Universal/DisplayEngineDxe/DisplayEngineDxe/DEBUG/DisplayEngine.dll elf64-x86-64)

.debug_info     0x0000000000000000    0x1aaac
 .debug_info    0x0000000000000000     0x3570 /tmp/cc8DjpEK.ltrans0.ltrans.o
 .debug_info    0x0000000000003570     0x17eb /tmp/cc8DjpEK.ltrans1.ltrans.o
 .debug_info    0x0000000000004d5b      0xa49 /tmp/cc8DjpEK.ltrans2.ltrans.o
 .debug_info    0x00000000000057a4     0x3d84 /tmp/cc8DjpEK.ltrans3.ltrans.o
 .debug_info    0x0000000000009528     0x1e98 /tmp/cc8DjpEK.ltrans4.ltrans.o
 .debug_info    0x000000000000b3c0     0x1a5c /tmp/cc8DjpEK.ltrans5.ltrans.o
 .debug_info    0x000000000000ce1c     0x14dd /tmp/cc8DjpEK.ltrans6.ltrans.o
 .debug_info    0x000000000000e2f9     0x1ea3 /tmp/cc8DjpEK.ltrans7.ltrans.o
 .debug_info    0x000000000001019c     0x1366 /tmp/cc8DjpEK.ltrans8.ltrans.o
 .debug_info    0x0000000000011502     0x18ae /tmp/cc8DjpEK.ltrans9.ltrans.o
 .debug_info    0x0000000000012db0     0x13fb /tmp/cc8DjpEK.ltrans10.ltrans.o
 .debug_info    0x00000000000141ab     0x2f91 /tmp/cc8DjpEK.ltrans11.ltrans.o
 .debug_info    0x000000000001713c     0x1229 /tmp/cc8DjpEK.ltrans12.ltrans.o
 .debug_info    0x0000000000018365      0x9ce /tmp/cc8DjpEK.ltrans13.ltrans.o
 .debug_info    0x0000000000018d33     0x114d /tmp/cc8DjpEK.ltrans14.ltrans.o
 .debug_info    0x0000000000019e80      0xc2c /tmp/cc8DjpEK.ltrans15.ltrans.o

.debug_abbrev   0x0000000000000000     0x2f49
 .debug_abbrev  0x0000000000000000      0x320 /tmp/cc8DjpEK.ltrans0.ltrans.o
 .debug_abbrev  0x0000000000000320      0x278 /tmp/cc8DjpEK.ltrans1.ltrans.o
 .debug_abbrev  0x0000000000000598      0x2ed /tmp/cc8DjpEK.ltrans2.ltrans.o
 .debug_abbrev  0x0000000000000885      0x36c /tmp/cc8DjpEK.ltrans3.ltrans.o
 .debug_abbrev  0x0000000000000bf1      0x3f7 /tmp/cc8DjpEK.ltrans4.ltrans.o
 .debug_abbrev  0x0000000000000fe8      0x35d /tmp/cc8DjpEK.ltrans5.ltrans.o
 .debug_abbrev  0x0000000000001345      0x3ac /tmp/cc8DjpEK.ltrans6.ltrans.o
 .debug_abbrev  0x00000000000016f1      0x299 /tmp/cc8DjpEK.ltrans7.ltrans.o
 .debug_abbrev  0x000000000000198a      0x304 /tmp/cc8DjpEK.ltrans8.ltrans.o
 .debug_abbrev  0x0000000000001c8e      0x2eb /tmp/cc8DjpEK.ltrans9.ltrans.o
 .debug_abbrev  0x0000000000001f79      0x28e /tmp/cc8DjpEK.ltrans10.ltrans.o
 .debug_abbrev  0x0000000000002207      0x3d9 /tmp/cc8DjpEK.ltrans11.ltrans.o
 .debug_abbrev  0x00000000000025e0      0x286 /tmp/cc8DjpEK.ltrans12.ltrans.o
 .debug_abbrev  0x0000000000002866      0x1d2 /tmp/cc8DjpEK.ltrans13.ltrans.o
 .debug_abbrev  0x0000000000002a38      0x1ed /tmp/cc8DjpEK.ltrans14.ltrans.o
 .debug_abbrev  0x0000000000002c25      0x324 /tmp/cc8DjpEK.ltrans15.ltrans.o

.debug_loc      0x0000000000000000    0x141c6
 .debug_loc     0x0000000000000000     0x29f2 /tmp/cc8DjpEK.ltrans0.ltrans.o
 .debug_loc     0x00000000000029f2     0x11d2 /tmp/cc8DjpEK.ltrans1.ltrans.o
 .debug_loc     0x0000000000003bc4      0x99d /tmp/cc8DjpEK.ltrans2.ltrans.o
 .debug_loc     0x0000000000004561      0x3ea /tmp/cc8DjpEK.ltrans3.ltrans.o
 .debug_loc     0x000000000000494b     0x2107 /tmp/cc8DjpEK.ltrans4.ltrans.o
 .debug_loc     0x0000000000006a52     0x18d5 /tmp/cc8DjpEK.ltrans5.ltrans.o
 .debug_loc     0x0000000000008327     0x1f63 /tmp/cc8DjpEK.ltrans6.ltrans.o
 .debug_loc     0x000000000000a28a     0x1daa /tmp/cc8DjpEK.ltrans7.ltrans.o
 .debug_loc     0x000000000000c034     0x19d4 /tmp/cc8DjpEK.ltrans8.ltrans.o
 .debug_loc     0x000000000000da08     0x11ad /tmp/cc8DjpEK.ltrans9.ltrans.o
 .debug_loc     0x000000000000ebb5     0x1633 /tmp/cc8DjpEK.ltrans10.ltrans.o
 .debug_loc     0x00000000000101e8     0x1710 /tmp/cc8DjpEK.ltrans11.ltrans.o
 .debug_loc     0x00000000000118f8      0xed5 /tmp/cc8DjpEK.ltrans12.ltrans.o
 .debug_loc     0x00000000000127cd      0xa47 /tmp/cc8DjpEK.ltrans13.ltrans.o
 .debug_loc     0x0000000000013214      0xa34 /tmp/cc8DjpEK.ltrans14.ltrans.o
 .debug_loc     0x0000000000013c48      0x57e /tmp/cc8DjpEK.ltrans15.ltrans.o

.debug_aranges  0x0000000000000000      0x840
 .debug_aranges
                0x0000000000000000       0x30 /tmp/cc8DjpEK.ltrans0.ltrans.o
 .debug_aranges
                0x0000000000000030       0x30 /tmp/cc8DjpEK.ltrans1.ltrans.o
 .debug_aranges
                0x0000000000000060      0x150 /tmp/cc8DjpEK.ltrans2.ltrans.o
 .debug_aranges
                0x00000000000001b0       0x30 /tmp/cc8DjpEK.ltrans3.ltrans.o
 .debug_aranges
                0x00000000000001e0      0x110 /tmp/cc8DjpEK.ltrans4.ltrans.o
 .debug_aranges
                0x00000000000002f0       0xc0 /tmp/cc8DjpEK.ltrans5.ltrans.o
 .debug_aranges
                0x00000000000003b0      0x130 /tmp/cc8DjpEK.ltrans6.ltrans.o
 .debug_aranges
                0x00000000000004e0       0x80 /tmp/cc8DjpEK.ltrans7.ltrans.o
 .debug_aranges
                0x0000000000000560       0x40 /tmp/cc8DjpEK.ltrans8.ltrans.o
 .debug_aranges
                0x00000000000005a0       0x40 /tmp/cc8DjpEK.ltrans9.ltrans.o
 .debug_aranges
                0x00000000000005e0       0x30 /tmp/cc8DjpEK.ltrans10.ltrans.o
 .debug_aranges
                0x0000000000000610       0x90 /tmp/cc8DjpEK.ltrans11.ltrans.o
 .debug_aranges
                0x00000000000006a0       0x40 /tmp/cc8DjpEK.ltrans12.ltrans.o
 .debug_aranges
                0x00000000000006e0       0x90 /tmp/cc8DjpEK.ltrans13.ltrans.o
 .debug_aranges
                0x0000000000000770       0x30 /tmp/cc8DjpEK.ltrans14.ltrans.o
 .debug_aranges
                0x00000000000007a0       0xa0 /tmp/cc8DjpEK.ltrans15.ltrans.o

.debug_ranges   0x0000000000000000     0x2200
 .debug_ranges  0x0000000000000000      0xb10 /tmp/cc8DjpEK.ltrans0.ltrans.o
 .debug_ranges  0x0000000000000b10      0x150 /tmp/cc8DjpEK.ltrans1.ltrans.o
 .debug_ranges  0x0000000000000c60      0x1e0 /tmp/cc8DjpEK.ltrans2.ltrans.o
 .debug_ranges  0x0000000000000e40      0x2e0 /tmp/cc8DjpEK.ltrans3.ltrans.o
 .debug_ranges  0x0000000000001120      0x2e0 /tmp/cc8DjpEK.ltrans4.ltrans.o
 .debug_ranges  0x0000000000001400      0x270 /tmp/cc8DjpEK.ltrans5.ltrans.o
 .debug_ranges  0x0000000000001670      0x1d0 /tmp/cc8DjpEK.ltrans6.ltrans.o
 .debug_ranges  0x0000000000001840       0xb0 /tmp/cc8DjpEK.ltrans7.ltrans.o
 .debug_ranges  0x00000000000018f0       0x90 /tmp/cc8DjpEK.ltrans8.ltrans.o
 .debug_ranges  0x0000000000001980      0x320 /tmp/cc8DjpEK.ltrans9.ltrans.o
 .debug_ranges  0x0000000000001ca0       0x50 /tmp/cc8DjpEK.ltrans10.ltrans.o
 .debug_ranges  0x0000000000001cf0      0x300 /tmp/cc8DjpEK.ltrans11.ltrans.o
 .debug_ranges  0x0000000000001ff0       0x60 /tmp/cc8DjpEK.ltrans12.ltrans.o
 .debug_ranges  0x0000000000002050       0x80 /tmp/cc8DjpEK.ltrans13.ltrans.o
 .debug_ranges  0x00000000000020d0       0xa0 /tmp/cc8DjpEK.ltrans14.ltrans.o
 .debug_ranges  0x0000000000002170       0x90 /tmp/cc8DjpEK.ltrans15.ltrans.o

.debug_line     0x0000000000000000     0x6276
 .debug_line    0x0000000000000000      0xa83 /tmp/cc8DjpEK.ltrans0.ltrans.o
 .debug_line    0x0000000000000a83      0x545 /tmp/cc8DjpEK.ltrans1.ltrans.o
 .debug_line    0x0000000000000fc8      0x422 /tmp/cc8DjpEK.ltrans2.ltrans.o
 .debug_line    0x00000000000013ea      0x8e2 /tmp/cc8DjpEK.ltrans3.ltrans.o
 .debug_line    0x0000000000001ccc      0x801 /tmp/cc8DjpEK.ltrans4.ltrans.o
 .debug_line    0x00000000000024cd      0x6c8 /tmp/cc8DjpEK.ltrans5.ltrans.o
 .debug_line    0x0000000000002b95      0x7da /tmp/cc8DjpEK.ltrans6.ltrans.o
 .debug_line    0x000000000000336f      0x87d /tmp/cc8DjpEK.ltrans7.ltrans.o
 .debug_line    0x0000000000003bec      0x5b9 /tmp/cc8DjpEK.ltrans8.ltrans.o
 .debug_line    0x00000000000041a5      0x57d /tmp/cc8DjpEK.ltrans9.ltrans.o
 .debug_line    0x0000000000004722      0x4cc /tmp/cc8DjpEK.ltrans10.ltrans.o
 .debug_line    0x0000000000004bee      0x81a /tmp/cc8DjpEK.ltrans11.ltrans.o
 .debug_line    0x0000000000005408      0x3e2 /tmp/cc8DjpEK.ltrans12.ltrans.o
 .debug_line    0x00000000000057ea      0x361 /tmp/cc8DjpEK.ltrans13.ltrans.o
 .debug_line    0x0000000000005b4b      0x34c /tmp/cc8DjpEK.ltrans14.ltrans.o
 .debug_line    0x0000000000005e97      0x3df /tmp/cc8DjpEK.ltrans15.ltrans.o

.debug_str      0x0000000000000000     0x51e7
 .debug_str     0x0000000000000000     0x102a /tmp/cc8DjpEK.ltrans0.ltrans.o
                                       0x12b3 (size before relaxing)
 .debug_str     0x000000000000102a      0x256 /tmp/cc8DjpEK.ltrans1.ltrans.o
                                        0xaa3 (size before relaxing)
 .debug_str     0x0000000000001280      0x1ff /tmp/cc8DjpEK.ltrans2.ltrans.o
                                        0x51f (size before relaxing)
 .debug_str     0x000000000000147f     0x2004 /tmp/cc8DjpEK.ltrans3.ltrans.o
                                       0x294b (size before relaxing)
 .debug_str     0x0000000000003483      0x3d4 /tmp/cc8DjpEK.ltrans4.ltrans.o
                                        0xe0b (size before relaxing)
 .debug_str     0x0000000000003857      0x361 /tmp/cc8DjpEK.ltrans5.ltrans.o
                                        0xc66 (size before relaxing)
 .debug_str     0x0000000000003bb8      0x3b5 /tmp/cc8DjpEK.ltrans6.ltrans.o
                                        0x9ae (size before relaxing)
 .debug_str     0x0000000000003f6d      0x44d /tmp/cc8DjpEK.ltrans7.ltrans.o
                                       0x1358 (size before relaxing)
 .debug_str     0x00000000000043ba      0x166 /tmp/cc8DjpEK.ltrans8.ltrans.o
                                        0xa26 (size before relaxing)
 .debug_str     0x0000000000004520      0x423 /tmp/cc8DjpEK.ltrans9.ltrans.o
                                        0xc05 (size before relaxing)
 .debug_str     0x0000000000004943      0x162 /tmp/cc8DjpEK.ltrans10.ltrans.o
                                        0xa90 (size before relaxing)
 .debug_str     0x0000000000004aa5      0x3fb /tmp/cc8DjpEK.ltrans11.ltrans.o
                                       0x1d2f (size before relaxing)
 .debug_str     0x0000000000004ea0       0xf4 /tmp/cc8DjpEK.ltrans12.ltrans.o
                                        0xa02 (size before relaxing)
 .debug_str     0x0000000000004f94       0x9e /tmp/cc8DjpEK.ltrans13.ltrans.o
                                        0x496 (size before relaxing)
 .debug_str     0x0000000000005032       0xd5 /tmp/cc8DjpEK.ltrans14.ltrans.o
                                        0x8b4 (size before relaxing)
 .debug_str     0x0000000000005107       0xe0 /tmp/cc8DjpEK.ltrans15.ltrans.o
                                        0x863 (size before relaxing)

.debug_frame    0x0000000000000000     0x2028
 .debug_frame   0x0000000000000000       0xa8 /tmp/cc8DjpEK.ltrans0.ltrans.o
 .debug_frame   0x00000000000000a8      0x278 /tmp/cc8DjpEK.ltrans1.ltrans.o
 .debug_frame   0x0000000000000320      0x2c0 /tmp/cc8DjpEK.ltrans2.ltrans.o
 .debug_frame   0x00000000000005e0       0x78 /tmp/cc8DjpEK.ltrans3.ltrans.o
 .debug_frame   0x0000000000000658      0x4a0 /tmp/cc8DjpEK.ltrans4.ltrans.o
 .debug_frame   0x0000000000000af8      0x358 /tmp/cc8DjpEK.ltrans5.ltrans.o
 .debug_frame   0x0000000000000e50      0x310 /tmp/cc8DjpEK.ltrans6.ltrans.o
 .debug_frame   0x0000000000001160      0x250 /tmp/cc8DjpEK.ltrans7.ltrans.o
 .debug_frame   0x00000000000013b0      0x138 /tmp/cc8DjpEK.ltrans8.ltrans.o
 .debug_frame   0x00000000000014e8       0xf8 /tmp/cc8DjpEK.ltrans9.ltrans.o
 .debug_frame   0x00000000000015e0      0x1b0 /tmp/cc8DjpEK.ltrans10.ltrans.o
 .debug_frame   0x0000000000001790      0x250 /tmp/cc8DjpEK.ltrans11.ltrans.o
 .debug_frame   0x00000000000019e0      0x1b0 /tmp/cc8DjpEK.ltrans12.ltrans.o
 .debug_frame   0x0000000000001b90      0x258 /tmp/cc8DjpEK.ltrans13.ltrans.o
 .debug_frame   0x0000000000001de8       0xd8 /tmp/cc8DjpEK.ltrans14.ltrans.o
 .debug_frame   0x0000000000001ec0      0x168 /tmp/cc8DjpEK.ltrans15.ltrans.o
