Archive member included to satisfy reference by file (symbol)

/mnt/c/SerranonOS/UEFI/vUDK2017/Build/DuetPkgX64/DEBUG_GCC5/X64/MdePkg/Library/DxePcdLib/DxePcdLib/OUTPUT/DxePcdLib.lib(DxePcdLib.obj)
                              (--whole-archive)
/mnt/c/SerranonOS/UEFI/vUDK2017/Build/DuetPkgX64/DEBUG_GCC5/X64/MdePkg/Library/BaseDebugLibNull/BaseDebugLibNull/OUTPUT/BaseDebugLibNull.lib(DebugLib.obj)
                              (--whole-archive)
/mnt/c/SerranonOS/UEFI/vUDK2017/Build/DuetPkgX64/DEBUG_GCC5/X64/MdePkg/Library/BaseMemoryLib/BaseMemoryLib/OUTPUT/BaseMemoryLib.lib(SetMem.obj)
                              (--whole-archive)
/mnt/c/SerranonOS/UEFI/vUDK2017/Build/DuetPkgX64/DEBUG_GCC5/X64/MdePkg/Library/BaseMemoryLib/BaseMemoryLib/OUTPUT/BaseMemoryLib.lib(ScanMem64Wrapper.obj)
                              (--whole-archive)
/mnt/c/SerranonOS/UEFI/vUDK2017/Build/DuetPkgX64/DEBUG_GCC5/X64/MdePkg/Library/BaseMemoryLib/BaseMemoryLib/OUTPUT/BaseMemoryLib.lib(ScanMem32Wrapper.obj)
                              (--whole-archive)
/mnt/c/SerranonOS/UEFI/vUDK2017/Build/DuetPkgX64/DEBUG_GCC5/X64/MdePkg/Library/BaseMemoryLib/BaseMemoryLib/OUTPUT/BaseMemoryLib.lib(ScanMem16Wrapper.obj)
                              (--whole-archive)
/mnt/c/SerranonOS/UEFI/vUDK2017/Build/DuetPkgX64/DEBUG_GCC5/X64/MdePkg/Library/BaseMemoryLib/BaseMemoryLib/OUTPUT/BaseMemoryLib.lib(ScanMem8Wrapper.obj)
                              (--whole-archive)
/mnt/c/SerranonOS/UEFI/vUDK2017/Build/DuetPkgX64/DEBUG_GCC5/X64/MdePkg/Library/BaseMemoryLib/BaseMemoryLib/OUTPUT/BaseMemoryLib.lib(ZeroMemWrapper.obj)
                              (--whole-archive)
/mnt/c/SerranonOS/UEFI/vUDK2017/Build/DuetPkgX64/DEBUG_GCC5/X64/MdePkg/Library/BaseMemoryLib/BaseMemoryLib/OUTPUT/BaseMemoryLib.lib(CompareMemWrapper.obj)
                              (--whole-archive)
/mnt/c/SerranonOS/UEFI/vUDK2017/Build/DuetPkgX64/DEBUG_GCC5/X64/MdePkg/Library/BaseMemoryLib/BaseMemoryLib/OUTPUT/BaseMemoryLib.lib(SetMem64Wrapper.obj)
                              (--whole-archive)
/mnt/c/SerranonOS/UEFI/vUDK2017/Build/DuetPkgX64/DEBUG_GCC5/X64/MdePkg/Library/BaseMemoryLib/BaseMemoryLib/OUTPUT/BaseMemoryLib.lib(SetMem32Wrapper.obj)
                              (--whole-archive)
/mnt/c/SerranonOS/UEFI/vUDK2017/Build/DuetPkgX64/DEBUG_GCC5/X64/MdePkg/Library/BaseMemoryLib/BaseMemoryLib/OUTPUT/BaseMemoryLib.lib(SetMem16Wrapper.obj)
                              (--whole-archive)
/mnt/c/SerranonOS/UEFI/vUDK2017/Build/DuetPkgX64/DEBUG_GCC5/X64/MdePkg/Library/BaseMemoryLib/BaseMemoryLib/OUTPUT/BaseMemoryLib.lib(SetMemWrapper.obj)
                              (--whole-archive)
/mnt/c/SerranonOS/UEFI/vUDK2017/Build/DuetPkgX64/DEBUG_GCC5/X64/MdePkg/Library/BaseMemoryLib/BaseMemoryLib/OUTPUT/BaseMemoryLib.lib(CopyMemWrapper.obj)
                              (--whole-archive)
/mnt/c/SerranonOS/UEFI/vUDK2017/Build/DuetPkgX64/DEBUG_GCC5/X64/MdePkg/Library/BaseMemoryLib/BaseMemoryLib/OUTPUT/BaseMemoryLib.lib(IsZeroBufferWrapper.obj)
                              (--whole-archive)
/mnt/c/SerranonOS/UEFI/vUDK2017/Build/DuetPkgX64/DEBUG_GCC5/X64/MdePkg/Library/BaseMemoryLib/BaseMemoryLib/OUTPUT/BaseMemoryLib.lib(MemLibGeneric.obj)
                              (--whole-archive)
/mnt/c/SerranonOS/UEFI/vUDK2017/Build/DuetPkgX64/DEBUG_GCC5/X64/MdePkg/Library/BaseMemoryLib/BaseMemoryLib/OUTPUT/BaseMemoryLib.lib(MemLibGuid.obj)
                              (--whole-archive)
/mnt/c/SerranonOS/UEFI/vUDK2017/Build/DuetPkgX64/DEBUG_GCC5/X64/MdePkg/Library/BaseMemoryLib/BaseMemoryLib/OUTPUT/BaseMemoryLib.lib(CopyMem.obj)
                              (--whole-archive)
/mnt/c/SerranonOS/UEFI/vUDK2017/Build/DuetPkgX64/DEBUG_GCC5/X64/MdePkg/Library/BaseLib/BaseLib/OUTPUT/BaseLib.lib(CheckSum.obj)
                              (--whole-archive)
/mnt/c/SerranonOS/UEFI/vUDK2017/Build/DuetPkgX64/DEBUG_GCC5/X64/MdePkg/Library/BaseLib/BaseLib/OUTPUT/BaseLib.lib(SwitchStack.obj)
                              (--whole-archive)
/mnt/c/SerranonOS/UEFI/vUDK2017/Build/DuetPkgX64/DEBUG_GCC5/X64/MdePkg/Library/BaseLib/BaseLib/OUTPUT/BaseLib.lib(SwapBytes64.obj)
                              (--whole-archive)
/mnt/c/SerranonOS/UEFI/vUDK2017/Build/DuetPkgX64/DEBUG_GCC5/X64/MdePkg/Library/BaseLib/BaseLib/OUTPUT/BaseLib.lib(SwapBytes32.obj)
                              (--whole-archive)
/mnt/c/SerranonOS/UEFI/vUDK2017/Build/DuetPkgX64/DEBUG_GCC5/X64/MdePkg/Library/BaseLib/BaseLib/OUTPUT/BaseLib.lib(SwapBytes16.obj)
                              (--whole-archive)
/mnt/c/SerranonOS/UEFI/vUDK2017/Build/DuetPkgX64/DEBUG_GCC5/X64/MdePkg/Library/BaseLib/BaseLib/OUTPUT/BaseLib.lib(LongJump.obj)
                              (--whole-archive)
/mnt/c/SerranonOS/UEFI/vUDK2017/Build/DuetPkgX64/DEBUG_GCC5/X64/MdePkg/Library/BaseLib/BaseLib/OUTPUT/BaseLib.lib(SetJump.obj)
                              (--whole-archive)
[...]
Memory Configuration

Name             Origin             Length             Attributes
*default*        0x0000000000000000 0xffffffffffffffff

Linker script and memory map

LOAD /tmp/cctNcdLx.ltrans0.ltrans.o
LOAD /tmp/cctNcdLx.ltrans1.ltrans.o
LOAD /tmp/cctNcdLx.ltrans2.ltrans.o
LOAD /tmp/cctNcdLx.ltrans3.ltrans.o
LOAD /tmp/cctNcdLx.ltrans4.ltrans.o
LOAD /tmp/cctNcdLx.ltrans5.ltrans.o
LOAD /tmp/cctNcdLx.ltrans6.ltrans.o
LOAD /tmp/cctNcdLx.ltrans7.ltrans.o
LOAD /tmp/cctNcdLx.ltrans8.ltrans.o
LOAD /tmp/cctNcdLx.ltrans9.ltrans.o
LOAD /tmp/cctNcdLx.ltrans10.ltrans.o
LOAD /tmp/cctNcdLx.ltrans11.ltrans.o
LOAD /tmp/cctNcdLx.ltrans12.ltrans.o
LOAD /tmp/cctNcdLx.ltrans13.ltrans.o
LOAD /tmp/cctNcdLx.ltrans14.ltrans.o
LOAD /tmp/cctNcdLx.ltrans15.ltrans.o
LOAD /tmp/cctNcdLx.ltrans16.ltrans.o
LOAD /tmp/cctNcdLx.ltrans17.ltrans.o
LOAD /tmp/cctNcdLx.ltrans18.ltrans.o
LOAD /tmp/cctNcdLx.ltrans19.ltrans.o
LOAD /tmp/cctNcdLx.ltrans20.ltrans.o
LOAD /tmp/cctNcdLx.ltrans21.ltrans.o
LOAD /tmp/cctNcdLx.ltrans22.ltrans.o
LOAD /tmp/cctNcdLx.ltrans23.ltrans.o
LOAD /tmp/cctNcdLx.ltrans24.ltrans.o
LOAD /tmp/cctNcdLx.ltrans25.ltrans.o
LOAD /tmp/cctNcdLx.ltrans26.ltrans.o
LOAD /tmp/cctNcdLx.ltrans27.ltrans.o
LOAD /tmp/cctNcdLx.ltrans28.ltrans.o
LOAD /tmp/cctNcdLx.ltrans29.ltrans.o
LOAD /tmp/cctNcdLx.ltrans30.ltrans.o
LOAD /tmp/cctNcdLx.ltrans31.ltrans.o
START GROUP
LOAD /mnt/c/SerranonOS/UEFI/vUDK2017/Build/DuetPkgX64/DEBUG_GCC5/X64/MdePkg/Library/DxePcdLib/DxePcdLib/OUTPUT/DxePcdLib.lib
LOAD /mnt/c/SerranonOS/UEFI/vUDK2017/Build/DuetPkgX64/DEBUG_GCC5/X64/MdePkg/Library/BaseDebugLibNull/BaseDebugLibNull/OUTPUT/BaseDebugLibNull.lib
LOAD /mnt/c/SerranonOS/UEFI/vUDK2017/Build/DuetPkgX64/DEBUG_GCC5/X64/MdePkg/Library/BaseMemoryLib/BaseMemoryLib/OUTPUT/BaseMemoryLib.lib
LOAD /mnt/c/SerranonOS/UEFI/vUDK2017/Build/DuetPkgX64/DEBUG_GCC5/X64/MdePkg/Library/BaseLib/BaseLib/OUTPUT/BaseLib.lib
LOAD /mnt/c/SerranonOS/UEFI/vUDK2017/Build/DuetPkgX64/DEBUG_GCC5/X64/MdePkg/Library/UefiBootServicesTableLib/UefiBootServicesTableLib/OUTPUT/UefiBootServicesTableLib.lib
LOAD /mnt/c/SerranonOS/UEFI/vUDK2017/Build/DuetPkgX64/DEBUG_GCC5/X64/MdePkg/Library/BasePrintLib/BasePrintLib/OUTPUT/BasePrintLib.lib
LOAD /mnt/c/SerranonOS/UEFI/vUDK2017/Build/DuetPkgX64/DEBUG_GCC5/X64/MdePkg/Library/UefiMemoryAllocationLib/UefiMemoryAllocationLib/OUTPUT/UefiMemoryAllocationLib.lib
LOAD /mnt/c/SerranonOS/UEFI/vUDK2017/Build/DuetPkgX64/DEBUG_GCC5/X64/MdePkg/Library/UefiRuntimeServicesTableLib/UefiRuntimeServicesTableLib/OUTPUT/UefiRuntimeServicesTableLib.lib
LOAD /mnt/c/SerranonOS/UEFI/vUDK2017/Build/DuetPkgX64/DEBUG_GCC5/X64/MdePkg/Library/UefiDevicePathLib/UefiDevicePathLib/OUTPUT/UefiDevicePathLib.lib
LOAD /mnt/c/SerranonOS/UEFI/vUDK2017/Build/DuetPkgX64/DEBUG_GCC5/X64/MdePkg/Library/UefiLib/UefiLib/OUTPUT/UefiLib.lib
LOAD /mnt/c/SerranonOS/UEFI/vUDK2017/Build/DuetPkgX64/DEBUG_GCC5/X64/MdePkg/Library/BaseIoLibIntrinsic/BaseIoLibIntrinsic/OUTPUT/BaseIoLibIntrinsic.lib
LOAD /mnt/c/SerranonOS/UEFI/vUDK2017/Build/DuetPkgX64/DEBUG_GCC5/X64/MdePkg/Library/DxeHobLib/DxeHobLib/OUTPUT/DxeHobLib.lib
LOAD /mnt/c/SerranonOS/UEFI/vUDK2017/Build/DuetPkgX64/DEBUG_GCC5/X64/MdeModulePkg/Library/UefiHiiServicesLib/UefiHiiServicesLib/OUTPUT/UefiHiiServicesLib.lib
LOAD /mnt/c/SerranonOS/UEFI/vUDK2017/Build/DuetPkgX64/DEBUG_GCC5/X64/MdePkg/Library/DxeServicesLib/DxeServicesLib/OUTPUT/DxeServicesLib.lib
LOAD /mnt/c/SerranonOS/UEFI/vUDK2017/Build/DuetPkgX64/DEBUG_GCC5/X64/DuetPkg/Library/DuetTimerLib/DuetTimerLib/OUTPUT/DuetTimerLib.lib
LOAD /mnt/c/SerranonOS/UEFI/vUDK2017/Build/DuetPkgX64/DEBUG_GCC5/X64/MdePkg/Library/DxeServicesTableLib/DxeServicesTableLib/OUTPUT/DxeServicesTableLib.lib
LOAD /mnt/c/SerranonOS/UEFI/vUDK2017/Build/DuetPkgX64/DEBUG_GCC5/X64/MdePkg/Library/BasePeCoffGetEntryPointLib/BasePeCoffGetEntryPointLib/OUTPUT/BasePeCoffGetEntryPointLib.lib
LOAD /mnt/c/SerranonOS/UEFI/vUDK2017/Build/DuetPkgX64/DEBUG_GCC5/X64/MdeModulePkg/Library/UefiHiiLib/UefiHiiLib/OUTPUT/UefiHiiLib.lib
LOAD /mnt/c/SerranonOS/UEFI/vUDK2017/Build/DuetPkgX64/DEBUG_GCC5/X64/MdePkg/Library/BasePerformanceLibNull/BasePerformanceLibNull/OUTPUT/BasePerformanceLibNull.lib
LOAD /mnt/c/SerranonOS/UEFI/vUDK2017/Build/DuetPkgX64/DEBUG_GCC5/X64/MdePkg/Library/BaseReportStatusCodeLibNull/BaseReportStatusCodeLibNull/OUTPUT/BaseReportStatusCodeLibNull.lib
LOAD /mnt/c/SerranonOS/UEFI/vUDK2017/Build/DuetPkgX64/DEBUG_GCC5/X64/IntelFrameworkModulePkg/Library/GenericBdsLib/GenericBdsLib/OUTPUT/GenericBdsLib.lib
LOAD /mnt/c/SerranonOS/UEFI/vUDK2017/Build/DuetPkgX64/DEBUG_GCC5/X64/MdePkg/Library/UefiDriverEntryPoint/UefiDriverEntryPoint/OUTPUT/UefiDriverEntryPoint.lib
LOAD /mnt/c/SerranonOS/UEFI/vUDK2017/Build/DuetPkgX64/DEBUG_GCC5/X64/DuetPkg/Library/DuetBdsLib/PlatformBds/OUTPUT/DuetBds.lib
LOAD /mnt/c/SerranonOS/UEFI/vUDK2017/Build/DuetPkgX64/DEBUG_GCC5/X64/MdeModulePkg/Library/DxeCapsuleLibNull/DxeCapsuleLibNull/OUTPUT/DxeCapsuleLibNull.lib
LOAD /mnt/c/SerranonOS/UEFI/vUDK2017/Build/DuetPkgX64/DEBUG_GCC5/X64/IntelFrameworkModulePkg/Universal/BdsDxe/BdsDxe/OUTPUT/BdsDxe.lib
END GROUP
                0x0000000000000228                PECOFF_HEADER_SIZE = 0x228
                0x0000000000000228                . = PECOFF_HEADER_SIZE

.text           0x0000000000000240    0x1c61e
 *(.text .text.* .stub .gnu.linkonce.t.*)
 .text.BdsEntry
                0x0000000000000240     0x1fee /tmp/cctNcdLx.ltrans0.ltrans.o
                0x0000000000000240                BdsEntry
 .text.PlatformBdsEnterFrontPage.constprop.4
                0x000000000000222e     0x2cb0 /tmp/cctNcdLx.ltrans1.ltrans.o
                0x000000000000222e                PlatformBdsEnterFrontPage.constprop.4
 .text.BdsLibEnumerateAllBootOption
                0x0000000000004ede     0x1e64 /tmp/cctNcdLx.ltrans2.ltrans.o
                0x0000000000004ede                BdsLibEnumerateAllBootOption
 .text.InternalMemSetMem
                0x0000000000006d42       0xd2 /tmp/cctNcdLx.ltrans3.ltrans.o
 .text.AsciiStrnLenS
                0x0000000000006e14       0x26 /tmp/cctNcdLx.ltrans3.ltrans.o
                0x0000000000006e14                AsciiStrnLenS
 .text.StrnLenS
                0x0000000000006e3a       0x27 /tmp/cctNcdLx.ltrans3.ltrans.o
                0x0000000000006e3a                StrnLenS
 .text.InternalSafeStringIsOverlap
                0x0000000000006e61       0x20 /tmp/cctNcdLx.ltrans3.ltrans.o
                0x0000000000006e61                InternalSafeStringIsOverlap
 .text.AsciiStrToUnicodeStrS
                0x0000000000006e81      0x15d /tmp/cctNcdLx.ltrans3.ltrans.o
                0x0000000000006e81                AsciiStrToUnicodeStrS
 .text.InternalSafeStringNoStrOverlap
                0x0000000000006fde       0x11 /tmp/cctNcdLx.ltrans3.ltrans.o
                0x0000000000006fde                InternalSafeStringNoStrOverlap
 .text.StrnCatS
                0x0000000000006fef      0x174 /tmp/cctNcdLx.ltrans3.ltrans.o
                0x0000000000006fef                StrnCatS
 .text.StrCatS  0x0000000000007163      0x14c /tmp/cctNcdLx.ltrans3.ltrans.o
                0x0000000000007163                StrCatS
 .text.StrCpyS  0x00000000000072af      0x12a /tmp/cctNcdLx.ltrans3.ltrans.o
                0x00000000000072af                StrCpyS
 .text.IsNull   0x00000000000073d9        0x7 /tmp/cctNcdLx.ltrans3.ltrans.o
                0x00000000000073d9                IsNull
 .text.IsListEmpty
                0x00000000000073e0        0x7 /tmp/cctNcdLx.ltrans3.ltrans.o
                0x00000000000073e0                IsListEmpty
 .text.RemoveEntryList
                0x00000000000073e7       0x19 /tmp/cctNcdLx.ltrans3.ltrans.o
                0x00000000000073e7                RemoveEntryList
 .text.GetNextNode
                0x0000000000007400        0x4 /tmp/cctNcdLx.ltrans3.ltrans.o
                0x0000000000007400                GetNextNode
 .text.GetFirstNode
                0x0000000000007404        0x4 /tmp/cctNcdLx.ltrans3.ltrans.o
                0x0000000000007404                GetFirstNode
 .text.InsertTailList
                0x0000000000007408       0x16 /tmp/cctNcdLx.ltrans3.ltrans.o
                0x0000000000007408                InsertTailList
 .text.InitializeListHead
                0x000000000000741e        0xb /tmp/cctNcdLx.ltrans3.ltrans.o
                0x000000000000741e                InitializeListHead
 .text.CalculateCheckSum8
                0x0000000000007429       0x16 /tmp/cctNcdLx.ltrans3.ltrans.o
                0x0000000000007429                CalculateCheckSum8
 .text.CompareGuid
                0x000000000000743f       0x4d /tmp/cctNcdLx.ltrans3.ltrans.o
                0x000000000000743f                CompareGuid
 .text.CopyGuid
                0x000000000000748c       0x2e /tmp/cctNcdLx.ltrans3.ltrans.o
                0x000000000000748c                CopyGuid
 .text.CopyMem  0x00000000000074ba      0x201 /tmp/cctNcdLx.ltrans3.ltrans.o
                0x00000000000074ba                CopyMem
 .text.SetMem   0x00000000000076bb       0x12 /tmp/cctNcdLx.ltrans3.ltrans.o
                0x00000000000076bb                SetMem
 .text.SetMem16.part.0.lto_priv.64
                0x00000000000076cd       0x17 /tmp/cctNcdLx.ltrans3.ltrans.o
                0x00000000000076cd                SetMem16.part.0.lto_priv.64
 .text.CompareMem
                0x00000000000076e4       0x31 /tmp/cctNcdLx.ltrans3.ltrans.o
                0x00000000000076e4                CompareMem
 .text.ZeroMem.part.0.lto_priv.67
                0x0000000000007715        0x8 /tmp/cctNcdLx.ltrans3.ltrans.o
                0x0000000000007715                ZeroMem.part.0.lto_priv.67
 .text.ZeroMem  0x000000000000771d        0xe /tmp/cctNcdLx.ltrans3.ltrans.o
                0x000000000000771d                ZeroMem
 .text.GetPcdProtocol
                0x000000000000772b       0x3f /tmp/cctNcdLx.ltrans3.ltrans.o
                0x000000000000772b                GetPcdProtocol
 .text.BdsLibBootViaBootOption
                0x000000000000776a      0xd87 /tmp/cctNcdLx.ltrans4.ltrans.o
                0x000000000000776a                BdsLibBootViaBootOption
 .text.BootMaintCallback
                0x00000000000084f1     0x1837 /tmp/cctNcdLx.ltrans5.ltrans.o
                0x00000000000084f1                BootMaintCallback
 .text.DevPathRelativeOffsetRange
                0x0000000000009d28       0x20 /tmp/cctNcdLx.ltrans6.ltrans.o
                0x0000000000009d28                DevPathRelativeOffsetRange
 .text.DevPathToTextFvFile
                0x0000000000009d48       0x1c /tmp/cctNcdLx.ltrans6.ltrans.o
                0x0000000000009d48                DevPathToTextFvFile
 .text.DevPathToTextFv
                0x0000000000009d64       0x1c /tmp/cctNcdLx.ltrans6.ltrans.o
                0x0000000000009d64                DevPathToTextFv
 .text.DevPathToTextMediaProtocol
                0x0000000000009d80       0x1c /tmp/cctNcdLx.ltrans6.ltrans.o
                0x0000000000009d80                DevPathToTextMediaProtocol
 .text.DevPathToTextFilePath
                0x0000000000009d9c       0x1c /tmp/cctNcdLx.ltrans6.ltrans.o
                0x0000000000009d9c                DevPathToTextFilePath
 .text.DevPathToTextCDROM
                0x0000000000009db8       0x40 /tmp/cctNcdLx.ltrans6.ltrans.o
                0x0000000000009db8                DevPathToTextCDROM
 .text.DevPathToTextHardDrive
                0x0000000000009df8       0x96 /tmp/cctNcdLx.ltrans6.ltrans.o
                0x0000000000009df8                DevPathToTextHardDrive
 .text.DevPathToTextBluetoothLE
                0x0000000000009e8e       0x3f /tmp/cctNcdLx.ltrans6.ltrans.o
                0x0000000000009e8e                DevPathToTextBluetoothLE
 .text.DevPathToTextBluetooth
                0x0000000000009ecd       0x37 /tmp/cctNcdLx.ltrans6.ltrans.o
                0x0000000000009ecd                DevPathToTextBluetooth
 .text.DevPathToTextVlan
                0x0000000000009f04       0x1d /tmp/cctNcdLx.ltrans6.ltrans.o
                0x0000000000009f04                DevPathToTextVlan
 .text.DevPathToTextiSCSI
                0x0000000000009f21       0xf6 /tmp/cctNcdLx.ltrans6.ltrans.o
                0x0000000000009f21                DevPathToTextiSCSI
 .text.DevPathToTextUart
                0x000000000000a017      0x107 /tmp/cctNcdLx.ltrans6.ltrans.o
                0x000000000000a017                DevPathToTextUart
 .text.DevPathToTextInfiniBand
                0x000000000000a11e       0x2d /tmp/cctNcdLx.ltrans6.ltrans.o
                0x000000000000a11e                DevPathToTextInfiniBand
 .text.CatIPv6Address
                0x000000000000a14b       0x6b /tmp/cctNcdLx.ltrans6.ltrans.o
 .text.CatIPv4Address
                0x000000000000a1b6       0x2c /tmp/cctNcdLx.ltrans6.ltrans.o
 .text.CatNetworkProtocol
                0x000000000000a1e2       0x49 /tmp/cctNcdLx.ltrans6.ltrans.o
 .text.DevPathToTextMacAddr
                0x000000000000a22b       0x80 /tmp/cctNcdLx.ltrans6.ltrans.o
                0x000000000000a22b                DevPathToTextMacAddr
 .text.DevPathToTextI2O
                0x000000000000a2ab       0x1c /tmp/cctNcdLx.ltrans6.ltrans.o
                0x000000000000a2ab                DevPathToTextI2O
 .text.DevPathToTextSata
                0x000000000000a2c7       0x2b /tmp/cctNcdLx.ltrans6.ltrans.o
                0x000000000000a2c7                DevPathToTextSata
 .text.DevPathToTextUsbClass
                0x000000000000a2f2      0x1ad /tmp/cctNcdLx.ltrans6.ltrans.o
                0x000000000000a2f2                DevPathToTextUsbClass
 .text.DevPathToTextLogicalUnit
                0x000000000000a49f       0x1d /tmp/cctNcdLx.ltrans6.ltrans.o
                0x000000000000a49f                DevPathToTextLogicalUnit
 .text.DevPathToTextUsb
                0x000000000000a4bc       0x22 /tmp/cctNcdLx.ltrans6.ltrans.o
                0x000000000000a4bc                DevPathToTextUsb
 .text.DevPathToText1394
                0x000000000000a4de       0x1c /tmp/cctNcdLx.ltrans6.ltrans.o
                0x000000000000a4de                DevPathToText1394
 .text.DevPathToTextEmmc
                0x000000000000a4fa       0x1d /tmp/cctNcdLx.ltrans6.ltrans.o
                0x000000000000a4fa                DevPathToTextEmmc
 .text.DevPathToTextSd
                0x000000000000a517       0x1d /tmp/cctNcdLx.ltrans6.ltrans.o
                0x000000000000a517                DevPathToTextSd
 .text.DevPathToTextUfs
                0x000000000000a534       0x22 /tmp/cctNcdLx.ltrans6.ltrans.o
                0x000000000000a534                DevPathToTextUfs
 .text.DevPathToTextNVMe
                0x000000000000a556       0x48 /tmp/cctNcdLx.ltrans6.ltrans.o
                0x000000000000a556                DevPathToTextNVMe
 .text.DevPathToTextRamDisk
                0x000000000000a59e      0x122 /tmp/cctNcdLx.ltrans6.ltrans.o
                0x000000000000a59e                DevPathToTextRamDisk
 .text.DevPathToTextWiFi
                0x000000000000a6c0       0x42 /tmp/cctNcdLx.ltrans6.ltrans.o
                0x000000000000a6c0                DevPathToTextWiFi
 .text.DevPathToTextUri
                0x000000000000a702       0x6c /tmp/cctNcdLx.ltrans6.ltrans.o
                0x000000000000a702                DevPathToTextUri
 .text.DevPathToTextDns
                0x000000000000a76e       0xa5 /tmp/cctNcdLx.ltrans6.ltrans.o
                0x000000000000a76e                DevPathToTextDns
 .text.DevPathToTextIPv6
                0x000000000000a813      0x103 /tmp/cctNcdLx.ltrans6.ltrans.o
                0x000000000000a813                DevPathToTextIPv6
 .text.DevPathToTextIPv4
                0x000000000000a916      0x112 /tmp/cctNcdLx.ltrans6.ltrans.o
                0x000000000000a916                DevPathToTextIPv4
 .text.DevPathToTextUsbWWID
                0x000000000000aa28       0x89 /tmp/cctNcdLx.ltrans6.ltrans.o
                0x000000000000aa28                DevPathToTextUsbWWID
 .text.UefiDevicePathLibCatPrint
                0x000000000000aab1      0x13f /tmp/cctNcdLx.ltrans7.ltrans.o
                0x000000000000aab1                UefiDevicePathLibCatPrint
 .text.DevPathToTextSasEx
                0x000000000000abf0      0x1a0 /tmp/cctNcdLx.ltrans7.ltrans.o
                0x000000000000abf0                DevPathToTextSasEx
 .text.DevPathToTextFibreEx
                0x000000000000ad90       0xa4 /tmp/cctNcdLx.ltrans7.ltrans.o
                0x000000000000ad90                DevPathToTextFibreEx
 .text.DevPathToTextFibre
                0x000000000000ae34       0x20 /tmp/cctNcdLx.ltrans7.ltrans.o
                0x000000000000ae34                DevPathToTextFibre
 .text.DevPathToTextScsi
                0x000000000000ae54       0x22 /tmp/cctNcdLx.ltrans7.ltrans.o
                0x000000000000ae54                DevPathToTextScsi
 .text.DevPathToTextAtapi
                0x000000000000ae76       0x6b /tmp/cctNcdLx.ltrans7.ltrans.o
                0x000000000000ae76                DevPathToTextAtapi
 .text.DevPathToTextAcpiAdr
                0x000000000000aee1       0x88 /tmp/cctNcdLx.ltrans7.ltrans.o
                0x000000000000aee1                DevPathToTextAcpiAdr
 .text.DevPathToTextAcpiEx
                0x000000000000af69      0x1ee /tmp/cctNcdLx.ltrans7.ltrans.o
                0x000000000000af69                DevPathToTextAcpiEx
 .text.DevPathToTextAcpi
                0x000000000000b157       0xc6 /tmp/cctNcdLx.ltrans7.ltrans.o
                0x000000000000b157                DevPathToTextAcpi
 .text.DevPathToTextBmc
                0x000000000000b21d       0x33 /tmp/cctNcdLx.ltrans7.ltrans.o
                0x000000000000b21d                DevPathToTextBmc
 .text.DevPathToTextController
                0x000000000000b250       0x1c /tmp/cctNcdLx.ltrans7.ltrans.o
                0x000000000000b250                DevPathToTextController
 .text.DevPathToTextVendor
                0x000000000000b26c      0x36c /tmp/cctNcdLx.ltrans7.ltrans.o
                0x000000000000b26c                DevPathToTextVendor
 .text.DevPathToTextMemMap
                0x000000000000b5d8       0x27 /tmp/cctNcdLx.ltrans7.ltrans.o
                0x000000000000b5d8                DevPathToTextMemMap
 .text.DevPathToTextPccard
                0x000000000000b5ff       0x1d /tmp/cctNcdLx.ltrans7.ltrans.o
                0x000000000000b5ff                DevPathToTextPccard
 .text.DevPathToTextPci
                0x000000000000b61c       0x22 /tmp/cctNcdLx.ltrans7.ltrans.o
                0x000000000000b61c                DevPathToTextPci
 .text.DevicePathFromHandle
                0x000000000000b63e       0x35 /tmp/cctNcdLx.ltrans7.ltrans.o
                0x000000000000b63e                DevicePathFromHandle
 .text.SetDevicePathEndNode
                0x000000000000b673       0x12 /tmp/cctNcdLx.ltrans7.ltrans.o
                0x000000000000b673                SetDevicePathEndNode
 .text.SetDevicePathNodeLength
                0x000000000000b685        0x7 /tmp/cctNcdLx.ltrans7.ltrans.o
                0x000000000000b685                SetDevicePathNodeLength
 .text.IsDevicePathEndType
                0x000000000000b68c       0x13 /tmp/cctNcdLx.ltrans7.ltrans.o
                0x000000000000b68c                IsDevicePathEndType
 .text.IsDevicePathEnd
                0x000000000000b69f       0x2a /tmp/cctNcdLx.ltrans7.ltrans.o
                0x000000000000b69f                IsDevicePathEnd
 .text.NextDevicePathNode
                0x000000000000b6c9       0x16 /tmp/cctNcdLx.ltrans7.ltrans.o
                0x000000000000b6c9                NextDevicePathNode
 .text.UefiDevicePathLibGetDevicePathSize
                0x000000000000b6df       0x51 /tmp/cctNcdLx.ltrans7.ltrans.o
                0x000000000000b6df                UefiDevicePathLibGetDevicePathSize
 .text.UefiDevicePathLibDuplicateDevicePath
                0x000000000000b730       0x2a /tmp/cctNcdLx.ltrans7.ltrans.o
                0x000000000000b730                UefiDevicePathLibDuplicateDevicePath
 .text.UefiDevicePathLibAppendDevicePathInstance
                0x000000000000b75a       0xbc /tmp/cctNcdLx.ltrans7.ltrans.o
                0x000000000000b75a                UefiDevicePathLibAppendDevicePathInstance
 .text.UefiDevicePathLibGetNextDevicePathInstance
                0x000000000000b816       0xa7 /tmp/cctNcdLx.ltrans7.ltrans.o
                0x000000000000b816                UefiDevicePathLibGetNextDevicePathInstance
 .text.UefiDevicePathLibAppendDevicePath
                0x000000000000b8bd       0x9c /tmp/cctNcdLx.ltrans7.ltrans.o
                0x000000000000b8bd                UefiDevicePathLibAppendDevicePath
 .text.UefiDevicePathLibAppendDevicePathNode
                0x000000000000b959       0x86 /tmp/cctNcdLx.ltrans7.ltrans.o
                0x000000000000b959                UefiDevicePathLibAppendDevicePathNode
 .text.FileDevicePath
                0x000000000000b9df       0x95 /tmp/cctNcdLx.ltrans7.ltrans.o
                0x000000000000b9df                FileDevicePath
 .text.BOpt_GetOptionNumber
                0x000000000000ba74       0xdb /tmp/cctNcdLx.ltrans8.ltrans.o
                0x000000000000ba74                BOpt_GetOptionNumber
 .text.BOpt_GetMenuEntry
                0x000000000000bb4f       0x18 /tmp/cctNcdLx.ltrans8.ltrans.o
                0x000000000000bb4f                BOpt_GetMenuEntry
 .text.BOpt_DestroyMenuEntry
                0x000000000000bb67      0x116 /tmp/cctNcdLx.ltrans8.ltrans.o
                0x000000000000bb67                BOpt_DestroyMenuEntry
 .text.BOpt_FreeMenu
                0x000000000000bc7d       0x4b /tmp/cctNcdLx.ltrans8.ltrans.o
                0x000000000000bc7d                BOpt_FreeMenu
 .text.BOpt_FreeLegacyOptions
                0x000000000000bcc8       0x3e /tmp/cctNcdLx.ltrans8.ltrans.o
                0x000000000000bcc8                BOpt_FreeLegacyOptions
 .text.BOpt_CreateMenuEntry
                0x000000000000bd06       0x7b /tmp/cctNcdLx.ltrans8.ltrans.o
                0x000000000000bd06                BOpt_CreateMenuEntry
 .text.BOpt_GetDriverOptions
                0x000000000000bd81      0x2b2 /tmp/cctNcdLx.ltrans8.ltrans.o
                0x000000000000bd81                BOpt_GetDriverOptions
 .text.BOpt_GetBootOptions
                0x000000000000c033      0x384 /tmp/cctNcdLx.ltrans8.ltrans.o
                0x000000000000c033                BOpt_GetBootOptions
 .text.GetConsoleMenu
                0x000000000000c3b7      0x39f /tmp/cctNcdLx.ltrans8.ltrans.o
                0x000000000000c3b7                GetConsoleMenu
 .text.UpdateComAttributeFromVariable
                0x000000000000c756      0x2be /tmp/cctNcdLx.ltrans8.ltrans.o
                0x000000000000c756                UpdateComAttributeFromVariable
 .text.RetrieveUartUid
                0x000000000000ca14       0xd1 /tmp/cctNcdLx.ltrans8.ltrans.o
                0x000000000000ca14                RetrieveUartUid
 .text.ChangeTerminalDevicePath
                0x000000000000cae5      0x24f /tmp/cctNcdLx.ltrans8.ltrans.o
                0x000000000000cae5                ChangeTerminalDevicePath
 .text.UpdateFileExplorePage
                0x000000000000cd34      0x105 /tmp/cctNcdLx.ltrans9.ltrans.o
 .text.BootManagerCallback
                0x000000000000ce39       0xa6 /tmp/cctNcdLx.ltrans9.ltrans.o
                0x000000000000ce39                BootManagerCallback
 .text.GetComponentNameWorker
                0x000000000000cedf      0x103 /tmp/cctNcdLx.ltrans9.ltrans.o
 .text.RepairNotify
                0x000000000000cfe2       0x39 /tmp/cctNcdLx.ltrans9.ltrans.o
                0x000000000000cfe2                RepairNotify
 .text.UpdateFileExplorer
                0x000000000000d01b      0xdc9 /tmp/cctNcdLx.ltrans9.ltrans.o
                0x000000000000d01b                UpdateFileExplorer
 .text.GetSingleControllerHealthStatus.part.3.lto_priv.69
                0x000000000000dde4      0x161 /tmp/cctNcdLx.ltrans9.ltrans.o
                0x000000000000dde4                GetSingleControllerHealthStatus.part.3.lto_priv.69
 .text.GetControllerNameWorker
                0x000000000000df45       0x6a /tmp/cctNcdLx.ltrans9.ltrans.o
                0x000000000000df45                GetControllerNameWorker
 .text.GetDriverNameWorker
                0x000000000000dfaf       0x56 /tmp/cctNcdLx.ltrans9.ltrans.o
                0x000000000000dfaf                GetDriverNameWorker
 .text.ProcessMessages
                0x000000000000e005       0x29 /tmp/cctNcdLx.ltrans9.ltrans.o
                0x000000000000e005                ProcessMessages
 .text.BasePrintLibSPrint.constprop.49
                0x000000000000e02e       0xb8 /tmp/cctNcdLx.ltrans10.ltrans.o
                0x000000000000e02e                BasePrintLibSPrint.constprop.49
 .text.InternalReallocatePool.constprop.46
                0x000000000000e0e6       0x72 /tmp/cctNcdLx.ltrans10.ltrans.o
                0x000000000000e0e6                InternalReallocatePool.constprop.46
 .text.CreatePopUp.constprop.40
                0x000000000000e158      0x4f5 /tmp/cctNcdLx.ltrans10.ltrans.o
                0x000000000000e158                CreatePopUp.constprop.40
 .text.GetEfiGlobalVariable2.constprop.39
                0x000000000000e64d       0x12 /tmp/cctNcdLx.ltrans10.ltrans.o
                0x000000000000e64d                GetEfiGlobalVariable2.constprop.39
 .text.InternalGetSectionFromFv.constprop.38
                0x000000000000e65f       0xe6 /tmp/cctNcdLx.ltrans10.ltrans.o
                0x000000000000e65f                InternalGetSectionFromFv.constprop.38
 .text.HiiSetBrowserData.constprop.35
                0x000000000000e745       0xd8 /tmp/cctNcdLx.ltrans10.ltrans.o
                0x000000000000e745                HiiSetBrowserData.constprop.35
 .text.HiiCreateGuidOpCode.constprop.33
                0x000000000000e81d       0x5a /tmp/cctNcdLx.ltrans10.ltrans.o
                0x000000000000e81d                HiiCreateGuidOpCode.constprop.33
 .text.HiiCreateActionOpCode.constprop.32
                0x000000000000e877       0x77 /tmp/cctNcdLx.ltrans10.ltrans.o
                0x000000000000e877                HiiCreateActionOpCode.constprop.32
 .text.HiiCreateSubTitleOpCode.constprop.31
                0x000000000000e8ee       0x67 /tmp/cctNcdLx.ltrans10.ltrans.o
                0x000000000000e8ee                HiiCreateSubTitleOpCode.constprop.31
 .text.HiiCreateCheckBoxOpCode.constprop.30
                0x000000000000e955       0x9d /tmp/cctNcdLx.ltrans10.ltrans.o
                0x000000000000e955                HiiCreateCheckBoxOpCode.constprop.30
 .text.HiiCreateOneOfOpCode.constprop.27
                0x000000000000e9f2       0xe7 /tmp/cctNcdLx.ltrans10.ltrans.o
                0x000000000000e9f2                HiiCreateOneOfOpCode.constprop.27
 .text.HiiSetString.constprop.25
                0x000000000000ead9      0x11f /tmp/cctNcdLx.ltrans10.ltrans.o
                0x000000000000ead9                HiiSetString.constprop.25
 .text.IsIsaSerialNode
                0x000000000000ebf8       0x52 /tmp/cctNcdLx.ltrans11.ltrans.o
                0x000000000000ebf8                IsIsaSerialNode
 .text.IsUartFlowControlNode
                0x000000000000ec4a       0x56 /tmp/cctNcdLx.ltrans11.ltrans.o
                0x000000000000ec4a                IsUartFlowControlNode
 .text.Var_UpdateBBSOption
                0x000000000000eca0      0x63f /tmp/cctNcdLx.ltrans11.ltrans.o
                0x000000000000eca0                Var_UpdateBBSOption
 .text.Var_UpdateConsoleOption
                0x000000000000f2df      0x1b3 /tmp/cctNcdLx.ltrans11.ltrans.o
                0x000000000000f2df                Var_UpdateConsoleOption
 .text.UpdatePageId.part.1.lto_priv.66
                0x000000000000f492       0x51 /tmp/cctNcdLx.ltrans11.ltrans.o
                0x000000000000f492                UpdatePageId.part.1.lto_priv.66
 .text.unlikely.UpdatePageEnd
                0x000000000000f4e3       0xaa /tmp/cctNcdLx.ltrans11.ltrans.o
                0x000000000000f4e3                UpdatePageEnd
 .text.RefreshUpdateData
                0x000000000000f58d       0x52 /tmp/cctNcdLx.ltrans11.ltrans.o
                0x000000000000f58d                RefreshUpdateData
 .text.CleanUpPage
                0x000000000000f5df       0x45 /tmp/cctNcdLx.ltrans11.ltrans.o
                0x000000000000f5df                CleanUpPage
 .text.UpdatePageStart
                0x000000000000f624       0x4b /tmp/cctNcdLx.ltrans11.ltrans.o
                0x000000000000f624                UpdatePageStart
 .text.unlikely.UpdateOrderPage
                0x000000000000f66f      0x21c /tmp/cctNcdLx.ltrans11.ltrans.o
 .text.unlikely.UpdateConsolePage
                0x000000000000f88b       0xe6 /tmp/cctNcdLx.ltrans11.ltrans.o
 .text.unlikely.UpdatePageBody
                0x000000000000f971       0x84 /tmp/cctNcdLx.ltrans11.ltrans.o
                0x000000000000f971                UpdatePageBody
 .text.InternalHiiGrowOpCodeHandle
                0x000000000000f9f5       0xdf /tmp/cctNcdLx.ltrans12.ltrans.o
 .text.InternalHiiCompareSubString
                0x000000000000fad4       0x9d /tmp/cctNcdLx.ltrans12.ltrans.o
 .text.HiiUpdateForm
                0x000000000000fb71      0x501 /tmp/cctNcdLx.ltrans12.ltrans.o
                0x000000000000fb71                HiiUpdateForm
 .text.InternalHiiAppendOpCodes
                0x0000000000010072       0x2e /tmp/cctNcdLx.ltrans12.ltrans.o
                0x0000000000010072                InternalHiiAppendOpCodes
 .text.InternalHiiCreateOpCodeExtended
                0x00000000000100a0       0x46 /tmp/cctNcdLx.ltrans12.ltrans.o
                0x00000000000100a0                InternalHiiCreateOpCodeExtended
 .text.InternalHiiCreateOpCode
                0x00000000000100e6       0x23 /tmp/cctNcdLx.ltrans12.ltrans.o
                0x00000000000100e6                InternalHiiCreateOpCode
 .text.HiiCreateGotoOpCode
                0x0000000000010109       0x82 /tmp/cctNcdLx.ltrans12.ltrans.o
                0x0000000000010109                HiiCreateGotoOpCode
 .text.HiiCreateOneOfOptionOpCode
                0x000000000001018b       0x86 /tmp/cctNcdLx.ltrans12.ltrans.o
                0x000000000001018b                HiiCreateOneOfOptionOpCode
 .text.HiiCreateEndOpCode
                0x0000000000010211       0x1f /tmp/cctNcdLx.ltrans12.ltrans.o
                0x0000000000010211                HiiCreateEndOpCode
 .text.HiiFreeOpCodeHandle
                0x0000000000010230       0x22 /tmp/cctNcdLx.ltrans12.ltrans.o
                0x0000000000010230                HiiFreeOpCodeHandle
 .text.HiiAllocateOpCodeHandle
                0x0000000000010252       0x58 /tmp/cctNcdLx.ltrans12.ltrans.o
                0x0000000000010252                HiiAllocateOpCodeHandle
 .text.HiiConstructConfigHdr
                0x00000000000102aa      0x23f /tmp/cctNcdLx.ltrans12.ltrans.o
                0x00000000000102aa                HiiConstructConfigHdr
 .text.HiiIsConfigHdrMatch
                0x00000000000104e9       0x84 /tmp/cctNcdLx.ltrans12.ltrans.o
                0x00000000000104e9                HiiIsConfigHdrMatch
 .text.InternalHiiBrowserCallback
                0x000000000001056d      0x104 /tmp/cctNcdLx.ltrans12.ltrans.o
                0x000000000001056d                InternalHiiBrowserCallback
 .text.HiiGetBrowserData
                0x0000000000010671       0xc2 /tmp/cctNcdLx.ltrans12.ltrans.o
                0x0000000000010671                HiiGetBrowserData
 .text.HiiRemovePackages
                0x0000000000010733        0xd /tmp/cctNcdLx.ltrans12.ltrans.o
                0x0000000000010733                HiiRemovePackages
 .text.HiiAddPackages
                0x0000000000010740      0x104 /tmp/cctNcdLx.ltrans12.ltrans.o
                0x0000000000010740                HiiAddPackages
 .text.BootMaintRouteConfig
                0x0000000000010844      0xc45 /tmp/cctNcdLx.ltrans13.ltrans.o
                0x0000000000010844                BootMaintRouteConfig
 .text.UpdateSystemTableConsole
                0x0000000000011489      0x186 /tmp/cctNcdLx.ltrans14.ltrans.o
 .text.BdsFindUsbDevice
                0x000000000001160f      0x5c3 /tmp/cctNcdLx.ltrans14.ltrans.o
                0x000000000001160f                BdsFindUsbDevice
 .text.unlikely.BdsSetBootPriority4SameTypeDev
                0x0000000000011bd2       0xf7 /tmp/cctNcdLx.ltrans14.ltrans.o
                0x0000000000011bd2                BdsSetBootPriority4SameTypeDev
 .text.BdsFillDevOrderBuf
                0x0000000000011cc9       0x31 /tmp/cctNcdLx.ltrans14.ltrans.o
                0x0000000000011cc9                BdsFillDevOrderBuf
 .text.BdsDeleteBootOption
                0x0000000000011cfa       0x99 /tmp/cctNcdLx.ltrans14.ltrans.o
                0x0000000000011cfa                BdsDeleteBootOption
 .text.DisableQuietBoot
                0x0000000000011d93       0x21 /tmp/cctNcdLx.ltrans14.ltrans.o
                0x0000000000011d93                DisableQuietBoot
 .text.ValidateOption.part.0.lto_priv.70
                0x0000000000011db4       0xda /tmp/cctNcdLx.ltrans14.ltrans.o
                0x0000000000011db4                ValidateOption.part.0.lto_priv.70
 .text.SetVariableAndReportStatusCodeOnError
                0x0000000000011e8e       0xf2 /tmp/cctNcdLx.ltrans14.ltrans.o
                0x0000000000011e8e                SetVariableAndReportStatusCodeOnError
 .text.BdsLibUpdateConsoleVariable
                0x0000000000011f80      0x1e3 /tmp/cctNcdLx.ltrans14.ltrans.o
                0x0000000000011f80                BdsLibUpdateConsoleVariable
 .text.BdsLibConnectConsoleVariable
                0x0000000000012163      0x123 /tmp/cctNcdLx.ltrans14.ltrans.o
 .text.BdsLibConnectAllDefaultConsoles
                0x0000000000012286      0x179 /tmp/cctNcdLx.ltrans14.ltrans.o
                0x0000000000012286                BdsLibConnectAllDefaultConsoles
 .text.EfiEventEmptyFunction
                0x00000000000123ff        0x1 /tmp/cctNcdLx.ltrans15.ltrans.o
                0x00000000000123ff                EfiEventEmptyFunction
 .text.DevPathToTextEndInstance
                0x0000000000012400       0x18 /tmp/cctNcdLx.ltrans15.ltrans.o
                0x0000000000012400                DevPathToTextEndInstance
 .text.DevPathToTextBBS
                0x0000000000012418       0xce /tmp/cctNcdLx.ltrans15.ltrans.o
                0x0000000000012418                DevPathToTextBBS
 .text.DevPathToTextNodeGeneric
                0x00000000000124e6      0x117 /tmp/cctNcdLx.ltrans15.ltrans.o
                0x00000000000124e6                DevPathToTextNodeGeneric
 .text.GetNextHob
                0x00000000000125fd       0x1d /tmp/cctNcdLx.ltrans15.ltrans.o
                0x00000000000125fd                GetNextHob
 .text.GetNextGuidHob
                0x000000000001261a       0x3e /tmp/cctNcdLx.ltrans15.ltrans.o
                0x000000000001261a                GetNextGuidHob
 .text.GetBestLanguage
                0x0000000000012658      0x113 /tmp/cctNcdLx.ltrans15.ltrans.o
                0x0000000000012658                GetBestLanguage
 .text.GetVariable2
                0x000000000001276b       0xd3 /tmp/cctNcdLx.ltrans15.ltrans.o
                0x000000000001276b                GetVariable2
 .text.EfiGetSystemConfigurationTable
                0x000000000001283e       0x6a /tmp/cctNcdLx.ltrans15.ltrans.o
                0x000000000001283e                EfiGetSystemConfigurationTable
 .text.GetHobList
                0x00000000000128a8       0x35 /tmp/cctNcdLx.ltrans15.ltrans.o
                0x00000000000128a8                GetHobList
 .text.GetFirstGuidHob
                0x00000000000128dd       0x1f /tmp/cctNcdLx.ltrans15.ltrans.o
                0x00000000000128dd                GetFirstGuidHob
 .text.InternalGetApciDescrptionTable.part.0.lto_priv.72
                0x00000000000128fc       0x2b /tmp/cctNcdLx.ltrans15.ltrans.o
                0x00000000000128fc                InternalGetApciDescrptionTable.part.0.lto_priv.72
 .text.UefiLibGetStringWidth
                0x0000000000012927       0x71 /tmp/cctNcdLx.ltrans15.ltrans.o
                0x0000000000012927                UefiLibGetStringWidth
 .text.EfiGetNameGuidFromFwVolDevicePathNode
                0x0000000000012998       0x30 /tmp/cctNcdLx.ltrans15.ltrans.o
                0x0000000000012998                EfiGetNameGuidFromFwVolDevicePathNode
 .text.PrintXY  0x00000000000129c8      0x409 /tmp/cctNcdLx.ltrans15.ltrans.o
                0x00000000000129c8                PrintXY
 .text.Print    0x0000000000012dd1       0x8a /tmp/cctNcdLx.ltrans15.ltrans.o
                0x0000000000012dd1                Print
 .text.BdsFormalizeConsoleVariable
                0x0000000000012e5b       0x6c /tmp/cctNcdLx.ltrans16.ltrans.o
                0x0000000000012e5b                BdsFormalizeConsoleVariable
 .text.BdsSetConsoleMode
                0x0000000000012ec7      0x31b /tmp/cctNcdLx.ltrans16.ltrans.o
                0x0000000000012ec7                BdsSetConsoleMode
 .text.GetOptionalStringByIndex
                0x00000000000131e2       0xa0 /tmp/cctNcdLx.ltrans16.ltrans.o
                0x00000000000131e2                GetOptionalStringByIndex
 .text.InitializeFrontPage
                0x0000000000013282      0x5ed /tmp/cctNcdLx.ltrans16.ltrans.o
                0x0000000000013282                InitializeFrontPage
 .text.DevicePathNodeLength
                0x000000000001386f        0x5 /tmp/cctNcdLx.ltrans17.ltrans.o
                0x000000000001386f                DevicePathNodeLength
 .text.DevicePathSubType
                0x0000000000013874        0x4 /tmp/cctNcdLx.ltrans17.ltrans.o
                0x0000000000013874                DevicePathSubType
 .text.DevicePathType
                0x0000000000013878        0x3 /tmp/cctNcdLx.ltrans17.ltrans.o
                0x0000000000013878                DevicePathType
 .text.IsDevicePathValid
                0x000000000001387b       0x9c /tmp/cctNcdLx.ltrans17.ltrans.o
                0x000000000001387b                IsDevicePathValid
 .text.FreePool
                0x0000000000013917        0xa /tmp/cctNcdLx.ltrans17.ltrans.o
                0x0000000000013917                FreePool
 .text.InternalAllocatePool
                0x0000000000013921       0x34 /tmp/cctNcdLx.ltrans17.ltrans.o
                0x0000000000013921                InternalAllocatePool
 .text.InternalAllocateCopyPool
                0x0000000000013955       0x36 /tmp/cctNcdLx.ltrans17.ltrans.o
                0x0000000000013955                InternalAllocateCopyPool
 .text.AllocateCopyPool
                0x000000000001398b       0x9e /tmp/cctNcdLx.ltrans17.ltrans.o
                0x000000000001398b                AllocateCopyPool
 .text.AllocateZeroPool
                0x0000000000013a29       0xfe /tmp/cctNcdLx.ltrans17.ltrans.o
                0x0000000000013a29                AllocateZeroPool
 .text.AllocatePool
                0x0000000000013b27       0x9e /tmp/cctNcdLx.ltrans17.ltrans.o
                0x0000000000013b27                AllocatePool
 .text.UnicodeVSPrint
                0x0000000000013bc5       0xaa /tmp/cctNcdLx.ltrans17.ltrans.o
                0x0000000000013bc5                UnicodeVSPrint
 .text.UnicodeSPrint
                0x0000000000013c6f       0x1d /tmp/cctNcdLx.ltrans17.ltrans.o
                0x0000000000013c6f                UnicodeSPrint
 .text.BasePrintLibValueToString
                0x0000000000013c8c       0x25 /tmp/cctNcdLx.ltrans17.ltrans.o
                0x0000000000013c8c                BasePrintLibValueToString
 .text.BasePrintLibFillBuffer
                0x0000000000013cb1       0x2e /tmp/cctNcdLx.ltrans17.ltrans.o
                0x0000000000013cb1                BasePrintLibFillBuffer
 .text.UnicodeValueToStringS
                0x0000000000013cdf      0x2ee /tmp/cctNcdLx.ltrans17.ltrans.o
                0x0000000000013cdf                UnicodeValueToStringS
 .text.ReadUnaligned64
                0x0000000000013fcd        0x4 /tmp/cctNcdLx.ltrans17.ltrans.o
                0x0000000000013fcd                ReadUnaligned64
 .text.ReadUnaligned32
                0x0000000000013fd1        0x3 /tmp/cctNcdLx.ltrans17.ltrans.o
                0x0000000000013fd1                ReadUnaligned32
 .text.AsciiStrLen
                0x0000000000013fd4        0xe /tmp/cctNcdLx.ltrans17.ltrans.o
                0x0000000000013fd4                AsciiStrLen
 .text.AsciiStrSize
                0x0000000000013fe2       0x11 /tmp/cctNcdLx.ltrans17.ltrans.o
                0x0000000000013fe2                AsciiStrSize
 .text.AsciiStrnCmp.part.8.lto_priv.65
                0x0000000000013ff3       0x47 /tmp/cctNcdLx.ltrans17.ltrans.o
                0x0000000000013ff3                AsciiStrnCmp.part.8.lto_priv.65
 .text.AsciiStrCmp
                0x000000000001403a       0x1b /tmp/cctNcdLx.ltrans17.ltrans.o
                0x000000000001403a                AsciiStrCmp
 .text.StrLen   0x0000000000014055        0xf /tmp/cctNcdLx.ltrans17.ltrans.o
                0x0000000000014055                StrLen
 .text.StrSize  0x0000000000014064       0x13 /tmp/cctNcdLx.ltrans17.ltrans.o
                0x0000000000014064                StrSize
 .text.StrnCmp.part.1.lto_priv.68
                0x0000000000014077       0x3c /tmp/cctNcdLx.ltrans17.ltrans.o
                0x0000000000014077                StrnCmp.part.1.lto_priv.68
 .text.StrStr   0x00000000000140b3       0x44 /tmp/cctNcdLx.ltrans17.ltrans.o
                0x00000000000140b3                StrStr
 .text.StrCmp   0x00000000000140f7       0x1f /tmp/cctNcdLx.ltrans17.ltrans.o
                0x00000000000140f7                StrCmp
 .text._ModuleEntryPoint
                0x0000000000014116      0x122 /tmp/cctNcdLx.ltrans18.ltrans.o
                0x0000000000014116                _ModuleEntryPoint
 .text.BdsLibGetStringById
                0x0000000000014238       0x1b /tmp/cctNcdLx.ltrans18.ltrans.o
                0x0000000000014238                BdsLibGetStringById
 .text.MatchPartitionDevicePathNode.part.3.lto_priv.71
                0x0000000000014253       0x91 /tmp/cctNcdLx.ltrans18.ltrans.o
                0x0000000000014253                MatchPartitionDevicePathNode.part.3.lto_priv.71
 .text.BdsLibUpdateFvFileDevicePath
                0x00000000000142e4      0x353 /tmp/cctNcdLx.ltrans18.ltrans.o
                0x00000000000142e4                BdsLibUpdateFvFileDevicePath
 .text.HotkeyEvent
                0x0000000000014637      0x102 /tmp/cctNcdLx.ltrans19.ltrans.o
                0x0000000000014637                HotkeyEvent
 .text.HotkeyCallback
                0x0000000000014739       0xdf /tmp/cctNcdLx.ltrans19.ltrans.o
 .text.PlatformBdsShowProgress
                0x0000000000014818      0x272 /tmp/cctNcdLx.ltrans19.ltrans.o
                0x0000000000014818                PlatformBdsShowProgress
 .text.BdsMemoryTest
                0x0000000000014a8a      0x51d /tmp/cctNcdLx.ltrans19.ltrans.o
                0x0000000000014a8a                BdsMemoryTest
 .text.HotkeyBoot
                0x0000000000014fa7      0x110 /tmp/cctNcdLx.ltrans19.ltrans.o
                0x0000000000014fa7                HotkeyBoot
 .text.EfiStrDuplicate
                0x00000000000150b7       0x4c /tmp/cctNcdLx.ltrans19.ltrans.o
                0x00000000000150b7                EfiStrDuplicate
 .text.EfiGrowBuffer
                0x0000000000015103       0xa0 /tmp/cctNcdLx.ltrans19.ltrans.o
                0x0000000000015103                EfiGrowBuffer
 .text.GetDriverOrder
                0x00000000000151a3       0x90 /tmp/cctNcdLx.ltrans19.ltrans.o
                0x00000000000151a3                GetDriverOrder
 .text.GetBootOrder
                0x0000000000015233       0x90 /tmp/cctNcdLx.ltrans19.ltrans.o
                0x0000000000015233                GetBootOrder
 .text.DriverHealthCallback
                0x00000000000152c3       0x41 /tmp/cctNcdLx.ltrans20.ltrans.o
                0x00000000000152c3                DriverHealthCallback
 .text.CallDriverHealth
                0x0000000000015304      0xba4 /tmp/cctNcdLx.ltrans20.ltrans.o
                0x0000000000015304                CallDriverHealth
 .text.BootMaintExtractConfig
                0x0000000000015ea8      0x165 /tmp/cctNcdLx.ltrans21.ltrans.o
                0x0000000000015ea8                BootMaintExtractConfig
 .text.FileExplorerCallback
                0x000000000001600d      0x22e /tmp/cctNcdLx.ltrans21.ltrans.o
                0x000000000001600d                FileExplorerCallback
 .text.CreateMenuStringToken
                0x000000000001623b       0x78 /tmp/cctNcdLx.ltrans21.ltrans.o
                0x000000000001623b                CreateMenuStringToken
 .text.FileExplorerRouteConfig
                0x00000000000162b3      0x924 /tmp/cctNcdLx.ltrans21.ltrans.o
                0x00000000000162b3                FileExplorerRouteConfig
 .text.CharToUint
                0x0000000000016bd7       0x25 /tmp/cctNcdLx.ltrans22.ltrans.o
 .text.SetupResetReminder
                0x0000000000016bfc       0xab /tmp/cctNcdLx.ltrans22.ltrans.o
                0x0000000000016bfc                SetupResetReminder
 .text.BdsLibOutputStrings
                0x0000000000016ca7       0x4a /tmp/cctNcdLx.ltrans22.ltrans.o
                0x0000000000016ca7                BdsLibOutputStrings
 .text.BdsLibMatchDevicePaths
                0x0000000000016cf1       0x6f /tmp/cctNcdLx.ltrans22.ltrans.o
                0x0000000000016cf1                BdsLibMatchDevicePaths
 .text.BdsLibDelPartMatchInstance
                0x0000000000016d60       0xc6 /tmp/cctNcdLx.ltrans22.ltrans.o
                0x0000000000016d60                BdsLibDelPartMatchInstance
 .text.BdsLibGetVariableAndSize
                0x0000000000016e26       0xb1 /tmp/cctNcdLx.ltrans22.ltrans.o
                0x0000000000016e26                BdsLibGetVariableAndSize
 .text.BdsLibVariableToOption
                0x0000000000016ed7      0x251 /tmp/cctNcdLx.ltrans22.ltrans.o
                0x0000000000016ed7                BdsLibVariableToOption
 .text.BdsLibBuildOptionFromVar
                0x0000000000017128       0xb2 /tmp/cctNcdLx.ltrans22.ltrans.o
                0x0000000000017128                BdsLibBuildOptionFromVar
 .text.BdsLibRegisterNewOption
                0x00000000000171da      0x447 /tmp/cctNcdLx.ltrans22.ltrans.o
                0x00000000000171da                BdsLibRegisterNewOption
 .text.BdsLibConnectAllDriversToAllControllers
                0x0000000000017621       0x85 /tmp/cctNcdLx.ltrans22.ltrans.o
                0x0000000000017621                BdsLibConnectAllDriversToAllControllers
 .text.BdsLibConnectDevicePath
                0x00000000000176a6      0x17a /tmp/cctNcdLx.ltrans22.ltrans.o
                0x00000000000176a6                BdsLibConnectDevicePath
 .text.DevicePathToStr
                0x0000000000017820      0x1a6 /tmp/cctNcdLx.ltrans23.ltrans.o
                0x0000000000017820                DevicePathToStr
 .text.PerformanceMeasurementEnabled
                0x00000000000179c6        0xa /tmp/cctNcdLx.ltrans23.ltrans.o
                0x00000000000179c6                PerformanceMeasurementEnabled
 .text.WriteBootToOsPerformanceData
                0x00000000000179d0      0x1c2 /tmp/cctNcdLx.ltrans23.ltrans.o
                0x00000000000179d0                WriteBootToOsPerformanceData
 .text.HiiGetSupportedLanguages
                0x0000000000017b92       0x81 /tmp/cctNcdLx.ltrans23.ltrans.o
                0x0000000000017b92                HiiGetSupportedLanguages
 .text.BasePrintLibSPrintMarker.constprop.50
                0x0000000000017c13      0xe8c /tmp/cctNcdLx.ltrans24.ltrans.o
                0x0000000000017c13                BasePrintLibSPrintMarker.constprop.50
 .text.DeviceManagerCallback
                0x0000000000018a9f       0x88 /tmp/cctNcdLx.ltrans25.ltrans.o
                0x0000000000018a9f                DeviceManagerCallback
 .text.IsMacAddressDevicePath
                0x0000000000018b27      0x3a4 /tmp/cctNcdLx.ltrans25.ltrans.o
                0x0000000000018b27                IsMacAddressDevicePath
 .text.PlatformBdsBootFail
                0x0000000000018ecb       0x50 /tmp/cctNcdLx.ltrans25.ltrans.o
                0x0000000000018ecb                PlatformBdsBootFail
 .text.PlatformBdsBootSuccess
                0x0000000000018f1b       0x50 /tmp/cctNcdLx.ltrans25.ltrans.o
                0x0000000000018f1b                PlatformBdsBootSuccess
 .text.DetectAndPreparePlatformPciDevicePath
                0x0000000000018f6b      0x53e /tmp/cctNcdLx.ltrans25.ltrans.o
                0x0000000000018f6b                DetectAndPreparePlatformPciDevicePath
 .text.FakeExtractConfig
                0x00000000000194a9       0x23 /tmp/cctNcdLx.ltrans26.ltrans.o
                0x00000000000194a9                FakeExtractConfig
 .text.FakeRouteConfig
                0x00000000000194cc       0x80 /tmp/cctNcdLx.ltrans26.ltrans.o
                0x00000000000194cc                FakeRouteConfig
 .text.IsLangInSupportedLangCodes
                0x000000000001954c       0xb7 /tmp/cctNcdLx.ltrans26.ltrans.o
 .text.InitializeLangVariable
                0x0000000000019603       0x92 /tmp/cctNcdLx.ltrans26.ltrans.o
                0x0000000000019603                InitializeLangVariable
 .text.GetNextLanguage
                0x0000000000019695       0x5e /tmp/cctNcdLx.ltrans26.ltrans.o
                0x0000000000019695                GetNextLanguage
 .text.FrontPageCallback
                0x00000000000196f3      0x1e3 /tmp/cctNcdLx.ltrans26.ltrans.o
                0x00000000000196f3                FrontPageCallback
 .text.GetStringById
                0x00000000000198d6       0x1b /tmp/cctNcdLx.ltrans26.ltrans.o
                0x00000000000198d6                GetStringById
 .text.HiiGetString.constprop.24
                0x00000000000198f1      0x14e /tmp/cctNcdLx.ltrans27.ltrans.o
                0x00000000000198f1                HiiGetString.constprop.24
 .text.BdsLibConnectUsbDevByShortFormDP.constprop.21
                0x0000000000019a3f      0x14f /tmp/cctNcdLx.ltrans27.ltrans.o
                0x0000000000019a3f                BdsLibConnectUsbDevByShortFormDP.constprop.21
 .text.BdsLibGetImageHeader.constprop.20
                0x0000000000019b8e      0x1f3 /tmp/cctNcdLx.ltrans27.ltrans.o
                0x0000000000019b8e                BdsLibGetImageHeader.constprop.20
 .text.BdsBuildLegacyDevNameString.constprop.15
                0x0000000000019d81      0x12f /tmp/cctNcdLx.ltrans27.ltrans.o
                0x0000000000019d81                BdsBuildLegacyDevNameString.constprop.15
 .text.EfiLibGetVariable.constprop.8
                0x0000000000019eb0       0x1d /tmp/cctNcdLx.ltrans27.ltrans.o
                0x0000000000019eb0                EfiLibGetVariable.constprop.8
 .text.GroupMultipleLegacyBootOption4SameType
                0x0000000000019ecd      0x1c6 /tmp/cctNcdLx.ltrans28.ltrans.o
                0x0000000000019ecd                GroupMultipleLegacyBootOption4SameType
 .text.FreeBMPackage
                0x000000000001a093       0xc5 /tmp/cctNcdLx.ltrans28.ltrans.o
                0x000000000001a093                FreeBMPackage
 .text.InitBMPackage
                0x000000000001a158      0x1a4 /tmp/cctNcdLx.ltrans28.ltrans.o
                0x000000000001a158                InitBMPackage
 .text.ReclaimStringDepository
                0x000000000001a2fc       0x20 /tmp/cctNcdLx.ltrans28.ltrans.o
                0x000000000001a2fc                ReclaimStringDepository
 .text.GetStringTokenFromDepository
                0x000000000001a31c       0x6f /tmp/cctNcdLx.ltrans28.ltrans.o
                0x000000000001a31c                GetStringTokenFromDepository
 .text.BdsLibGetBootableHandle
                0x000000000001a38b      0x2a4 /tmp/cctNcdLx.ltrans29.ltrans.o
                0x000000000001a38b                BdsLibGetBootableHandle
 .text.BdsLibBuildOptionFromHandle
                0x000000000001a62f       0x2e /tmp/cctNcdLx.ltrans29.ltrans.o
                0x000000000001a62f                BdsLibBuildOptionFromHandle
 .text.ProcessSingleControllerHealth
                0x000000000001a65d      0x14d /tmp/cctNcdLx.ltrans30.ltrans.o
                0x000000000001a65d                ProcessSingleControllerHealth
 .text.PlaformHealthStatusCheck
                0x000000000001a7aa       0xd4 /tmp/cctNcdLx.ltrans30.ltrans.o
                0x000000000001a7aa                PlaformHealthStatusCheck
 .text.EfiLibDeleteVariable.constprop.2
                0x000000000001a87e       0x63 /tmp/cctNcdLx.ltrans31.ltrans.o
                0x000000000001a87e                EfiLibDeleteVariable.constprop.2
 .text.BdsDxeSetVariableAndReportStatusCodeOnError
                0x000000000001a8e1       0xd4 /tmp/cctNcdLx.ltrans31.ltrans.o
                0x000000000001a8e1                BdsDxeSetVariableAndReportStatusCodeOnError
 *(.rodata .rodata.* .gnu.linkonce.r.*)
 *fill*         0x000000000001a9b5        0x1 
 .rodata.str2.2
                0x000000000001a9b6      0x18e /tmp/cctNcdLx.ltrans0.ltrans.o
                                        0x1ac (size before relaxing)
 .rodata.BdsEntry
                0x000000000001ab44       0x28 /tmp/cctNcdLx.ltrans0.ltrans.o
 .rodata._gPcd_FixedAtBuild_PcdUefiVariableDefaultPlatformLang
                0x000000000001ab6c        0x6 /tmp/cctNcdLx.ltrans0.ltrans.o
 .rodata._gPcd_FixedAtBuild_PcdUefiVariableDefaultLang
                0x000000000001ab72        0x4 /tmp/cctNcdLx.ltrans0.ltrans.o
 *fill*         0x000000000001ab76        0xa 
 .rodata._gPcd_FixedAtBuild_PcdUefiVariableDefaultPlatformLangCodes
                0x000000000001ab80       0x12 /tmp/cctNcdLx.ltrans0.ltrans.o
                0x000000000001ab80                _gPcd_FixedAtBuild_PcdUefiVariableDefaultPlatformLangCodes
 *fill*         0x000000000001ab92        0x6 
 .rodata._gPcd_FixedAtBuild_PcdUefiVariableDefaultLangCodes
                0x000000000001ab98        0xd /tmp/cctNcdLx.ltrans0.ltrans.o
 *fill*         0x000000000001aba5        0xb 
 .rodata.CSWTCH.61
                0x000000000001abb0       0x10 /tmp/cctNcdLx.ltrans0.ltrans.o
 .rodata._gPcd_FixedAtBuild_PcdFirmwareVendor
                0x000000000001abc0        0xe /tmp/cctNcdLx.ltrans0.ltrans.o
 .rodata.str2.2
                0x000000000001abce      0x162 /tmp/cctNcdLx.ltrans1.ltrans.o
                                        0x1be (size before relaxing)
 .rodata._gDriverUnloadImageCount
                0x000000000001ad30        0x1 /tmp/cctNcdLx.ltrans1.ltrans.o
                0x000000000001ad30                _gPcd_FixedAtBuild_PcdConInConnectOnDemand
                0x000000000001ad30                _gPcd_FixedAtBuild_PcdVerifyNodeInList
                0x000000000001ad30                _gDriverUnloadImageCount
                0x000000000001ad30                _gPcd_FixedAtBuild_PcdPerformanceLibraryPropertyMask
                0x000000000001ad30                _gPcd_FixedAtBuild_PcdBootlogoOnlyEnable
                0x000000000001ad30                _gPcd_FixedAtBuild_PcdUefiVariableDefaultLangDeprecate
                0x000000000001ad30                _gPcd_FixedAtBuild_PcdResetOnMemoryTypeInformationChange
 *fill*         0x000000000001ad31        0xf 
 .rodata.StopBitsList
                0x000000000001ad40       0x30 /tmp/cctNcdLx.ltrans1.ltrans.o
                0x000000000001ad40                StopBitsList
 *fill*         0x000000000001ad70       0x10 
 .rodata.ParityList
                0x000000000001ad80       0x50 /tmp/cctNcdLx.ltrans1.ltrans.o
                0x000000000001ad80                ParityList
 *fill*         0x000000000001add0       0x10 
 .rodata.DataBitsList
                0x000000000001ade0       0x40 /tmp/cctNcdLx.ltrans1.ltrans.o
                0x000000000001ade0                DataBitsList
 .rodata.BaudRateList
                0x000000000001ae20      0x130 /tmp/cctNcdLx.ltrans1.ltrans.o
                0x000000000001ae20                BaudRateList
 .rodata.str2.2
                0x000000000001af50       0x78 /tmp/cctNcdLx.ltrans2.ltrans.o
                                         0xdc (size before relaxing)
 *fill*         0x000000000001afc8        0x8 
 .rodata._gPcd_FixedAtBuild_PcdShellFile
                0x000000000001afd0       0x10 /tmp/cctNcdLx.ltrans2.ltrans.o
                0x000000000001afd0                _gPcd_FixedAtBuild_PcdShellFile
 .rodata.str2.2
                0x000000000001afe0       0x4e /tmp/cctNcdLx.ltrans4.ltrans.o
                                         0xc6 (size before relaxing)
 .rodata.str2.2
                0x000000000001b02e       0xf2 /tmp/cctNcdLx.ltrans5.ltrans.o
                                        0x190 (size before relaxing)
 .rodata.BootMaintCallback
                0x000000000001b120       0x40 /tmp/cctNcdLx.ltrans5.ltrans.o
 .rodata.TerminalType
                0x000000000001b160        0x8 /tmp/cctNcdLx.ltrans5.ltrans.o
 .rodata.mHiiDefaultTypeToWidth
                0x000000000001b168        0x8 /tmp/cctNcdLx.ltrans5.ltrans.o
                0x000000000001b168                mHiiDefaultTypeToWidth
 .rodata.str2.2
                0x000000000001b170      0x900 /tmp/cctNcdLx.ltrans6.ltrans.o
                                        0x9f6 (size before relaxing)
 .rodata.CSWTCH.43
                0x000000000001ba70        0x6 /tmp/cctNcdLx.ltrans6.ltrans.o
 .rodata.str2.2
                0x000000000001ba76      0x54a /tmp/cctNcdLx.ltrans7.ltrans.o
                                        0x5b8 (size before relaxing)
 .rodata.mUefiDevicePathLibEndDevicePath
                0x000000000001bfc0        0x4 /tmp/cctNcdLx.ltrans7.ltrans.o
 .rodata.str2.2
                0x000000000001bfc4       0x5c /tmp/cctNcdLx.ltrans8.ltrans.o
                                         0xe6 (size before relaxing)
 .rodata.BOpt_DestroyMenuEntry
                0x000000000001c020       0x28 /tmp/cctNcdLx.ltrans8.ltrans.o
 .rodata.CSWTCH.51
                0x000000000001c048        0xa /tmp/cctNcdLx.ltrans8.ltrans.o
 .rodata.str2.2
                0x000000000001c052      0x114 /tmp/cctNcdLx.ltrans9.ltrans.o
                                        0x138 (size before relaxing)
 .rodata.str1.1
                0x000000000001c166        0xa /tmp/cctNcdLx.ltrans9.ltrans.o
                                          0xb (size before relaxing)
 .rodata.str2.2
                0x000000000001c170       0x32 /tmp/cctNcdLx.ltrans10.ltrans.o
                                         0x3a (size before relaxing)
 .rodata.str1.1
                0x000000000001c1a2        0x7 /tmp/cctNcdLx.ltrans10.ltrans.o
 *fill*         0x000000000001c1a9       0x17 
 .rodata.mConfigHdrTemplate
                0x000000000001c1c0       0x70 /tmp/cctNcdLx.ltrans10.ltrans.o
                0x000000000001c1c0                mConfigHdrTemplate
 .rodata._gPcd_FixedAtBuild_PcdLogoFile
                0x000000000001c230       0x10 /tmp/cctNcdLx.ltrans10.ltrans.o
                0x000000000001c230                _gPcd_FixedAtBuild_PcdLogoFile
 .rodata.str2.2
                0x000000000001c240       0x44 /tmp/cctNcdLx.ltrans11.ltrans.o
 .rodata.UpdatePageBody
                0x000000000001c240       0x20 /tmp/cctNcdLx.ltrans11.ltrans.o
 .rodata.str2.2
                0x000000000001c260       0x34 /tmp/cctNcdLx.ltrans12.ltrans.o
 .rodata.mEndOfPakageList
                0x000000000001c294        0x4 /tmp/cctNcdLx.ltrans12.ltrans.o
 .rodata.str2.2
                0x000000000001c298       0x10 /tmp/cctNcdLx.ltrans13.ltrans.o
                                         0x9e (size before relaxing)
 .rodata.str2.2
                0x000000000001c2a8       0x84 /tmp/cctNcdLx.ltrans14.ltrans.o
 .rodata.str2.2
                0x000000000001c2a8       0xb0 /tmp/cctNcdLx.ltrans15.ltrans.o
                                        0x10c (size before relaxing)
 .rodata.DevPathToTextBBS
                0x000000000001c358       0x18 /tmp/cctNcdLx.ltrans15.ltrans.o
 .rodata.str2.2
                0x000000000001c370       0x3e /tmp/cctNcdLx.ltrans16.ltrans.o
 .rodata.mHexStr
                0x000000000001c370       0x10 /tmp/cctNcdLx.ltrans17.ltrans.o
 .rodata._gUefiDriverRevision
                0x000000000001c380        0x4 /tmp/cctNcdLx.ltrans18.ltrans.o
                0x000000000001c380                _gPcd_FixedAtBuild_PcdMaximumDevicePathNodeCount
                0x000000000001c380                _gUefiDriverRevision
 .rodata.str2.2
                0x000000000001c384        0x8 /tmp/cctNcdLx.ltrans19.ltrans.o
                                         0x1a (size before relaxing)
 .rodata.str2.2
                0x000000000001c38c        0xa /tmp/cctNcdLx.ltrans20.ltrans.o
 *fill*         0x000000000001c396        0x2 
 .rodata.CallDriverHealth
                0x000000000001c398       0x14 /tmp/cctNcdLx.ltrans20.ltrans.o
 .rodata.str2.2
                0x000000000001c3ac       0x26 /tmp/cctNcdLx.ltrans21.ltrans.o
                                         0xac (size before relaxing)
 .rodata.str2.2
                0x000000000001c3d2       0x86 /tmp/cctNcdLx.ltrans22.ltrans.o
                                         0xae (size before relaxing)
 .rodata.str2.2
                0x000000000001c458        0x4 /tmp/cctNcdLx.ltrans23.ltrans.o
                                         0x24 (size before relaxing)
 .rodata.str1.1
                0x000000000001c45c      0x29f /tmp/cctNcdLx.ltrans24.ltrans.o
                                        0x2b0 (size before relaxing)
 *fill*         0x000000000001c6fb        0x1 
 .rodata._gPcd_FixedAtBuild_PcdMaximumUnicodeStringLength
                0x000000000001c6fc        0x4 /tmp/cctNcdLx.ltrans24.ltrans.o
                0x000000000001c6fc                _gPcd_FixedAtBuild_PcdMaximumLinkedListLength
                0x000000000001c6fc                _gPcd_FixedAtBuild_PcdMaximumAsciiStringLength
                0x000000000001c6fc                _gPcd_FixedAtBuild_PcdMaximumUnicodeStringLength
 .rodata.str2.2
                0x000000000001c700        0xa /tmp/cctNcdLx.ltrans25.ltrans.o
                                         0x4c (size before relaxing)
 .rodata.str2.2
                0x000000000001c70a       0x84 /tmp/cctNcdLx.ltrans26.ltrans.o
                                         0x9e (size before relaxing)
 .rodata.str1.1
                0x000000000001c78e        0x1 /tmp/cctNcdLx.ltrans27.ltrans.o
 .rodata.str2.2
                0x000000000001c78e       0xd0 /tmp/cctNcdLx.ltrans27.ltrans.o
                                        0x15a (size before relaxing)
 .rodata.str2.2
                0x000000000001c85e       0xd0 /tmp/cctNcdLx.ltrans28.ltrans.o
                                         0x2a (size before relaxing)
 .rodata.str2.2
                0x000000000001c85e       0x40 /tmp/cctNcdLx.ltrans29.ltrans.o
 *(.got .got.*)
 .got           0x000000000001c85e        0x0 DxePcdLib.obj (symbol from plugin)
 .got.plt       0x000000000001c85e        0x0 DxePcdLib.obj (symbol from plugin)
                0x000000000001c85e                _GLOBAL_OFFSET_TABLE_
 *:AutoGen.obj(.data.g*Guid)

.plt            0x000000000001c860        0x0
 .plt           0x000000000001c860        0x0 DxePcdLib.obj (symbol from plugin)

.data           0x000000000001c880     0x7050
 *(.data .data.* .gnu.linkonce.d.*)
 .data.gPerformanceProtocolGuid
                0x000000000001c880       0x10 /tmp/cctNcdLx.ltrans0.ltrans.o
                0x000000000001c880                gPerformanceProtocolGuid
 .data.rel.local.mHotkeyList
                0x000000000001c890       0x10 /tmp/cctNcdLx.ltrans0.ltrans.o
                0x000000000001c890                mHotkeyList
 .data.gEfiSimpleTextInputExProtocolGuid
                0x000000000001c8a0       0x10 /tmp/cctNcdLx.ltrans0.ltrans.o
                0x000000000001c8a0                gEfiSimpleTextInputExProtocolGuid
 .data.mBdsStringPackGuid
                0x000000000001c8b0       0x10 /tmp/cctNcdLx.ltrans0.ltrans.o
 .data.mFontBin
                0x000000000001c8c0      0xda0 /tmp/cctNcdLx.ltrans0.ltrans.o
 .data.mFontPackageGuid
                0x000000000001d660       0x10 /tmp/cctNcdLx.ltrans0.ltrans.o
 .data.gEfiMpsTableGuid
                0x000000000001d670       0x10 /tmp/cctNcdLx.ltrans0.ltrans.o
 .data.gEfiSmbiosTableGuid
                0x000000000001d680       0x10 /tmp/cctNcdLx.ltrans0.ltrans.o
 .data.gEfiAcpi20TableGuid
                0x000000000001d690       0x10 /tmp/cctNcdLx.ltrans0.ltrans.o
 .data.gEfiAcpiTableGuid
                0x000000000001d6a0       0x10 /tmp/cctNcdLx.ltrans0.ltrans.o
 *fill*         0x000000000001d6b0       0x10 
 .data.rel.ro.local.gTableGuidArray
                0x000000000001d6c0       0x20 /tmp/cctNcdLx.ltrans0.ltrans.o
 .data.gLdrMemoryDescriptorGuid
                0x000000000001d6e0       0x10 /tmp/cctNcdLx.ltrans0.ltrans.o
 .data.gUsbClassKeyboardDevicePath
                0x000000000001d6f0        0xf /tmp/cctNcdLx.ltrans0.ltrans.o
 *fill*         0x000000000001d6ff        0x1 
 .data.gEfiLoadedImageProtocolGuid
                0x000000000001d700       0x10 /tmp/cctNcdLx.ltrans0.ltrans.o
                0x000000000001d700                gEfiLoadedImageProtocolGuid
 .data.gEfiOEMBadgingProtocolGuid
                0x000000000001d710       0x10 /tmp/cctNcdLx.ltrans0.ltrans.o
 .data.gEfiUgaDrawProtocolGuid
                0x000000000001d720       0x10 /tmp/cctNcdLx.ltrans0.ltrans.o
                0x000000000001d720                gEfiUgaDrawProtocolGuid
 .data.gEfiPciExpressBaseAddressGuid
                0x000000000001d730       0x10 /tmp/cctNcdLx.ltrans0.ltrans.o
 .data.rel.local.gPlatformRootBridges
                0x000000000001d740       0x10 /tmp/cctNcdLx.ltrans0.ltrans.o
 .data.gPlatformRootBridge0
                0x000000000001d750       0x10 /tmp/cctNcdLx.ltrans0.ltrans.o
 .data.rel.local.gPlatformConsole
                0x000000000001d760       0x20 /tmp/cctNcdLx.ltrans0.ltrans.o
 .data.gConnectConInEventGuid
                0x000000000001d780       0x10 /tmp/cctNcdLx.ltrans0.ltrans.o
 *fill*         0x000000000001d790       0x10 
 .data.rel.ro.local.mReadOnlyVariables
                0x000000000001d7a0       0x28 /tmp/cctNcdLx.ltrans0.ltrans.o
 *fill*         0x000000000001d7c8        0x8 
 .data.gEdkiiVariableLockProtocolGuid
                0x000000000001d7d0       0x10 /tmp/cctNcdLx.ltrans0.ltrans.o
 .data.gEfiLegacyBiosProtocolGuid
                0x000000000001d7e0       0x10 /tmp/cctNcdLx.ltrans1.ltrans.o
                0x000000000001d7e0                gEfiLegacyBiosProtocolGuid
 .data.gEfiLoadFileProtocolGuid
                0x000000000001d7f0       0x10 /tmp/cctNcdLx.ltrans1.ltrans.o
                0x000000000001d7f0                gEfiLoadFileProtocolGuid
 .data.TerminalTypeGuid
                0x000000000001d800       0x40 /tmp/cctNcdLx.ltrans1.ltrans.o
                0x000000000001d800                TerminalTypeGuid
 .data.gEfiSerialIoProtocolGuid
                0x000000000001d840       0x10 /tmp/cctNcdLx.ltrans1.ltrans.o
 *fill*         0x000000000001d850       0x10 
 .data.LegacyBEVMenu
                0x000000000001d860       0x20 /tmp/cctNcdLx.ltrans1.ltrans.o
                0x000000000001d860                LegacyBEVMenu
 .data.LegacyNETMenu
                0x000000000001d880       0x20 /tmp/cctNcdLx.ltrans1.ltrans.o
                0x000000000001d880                LegacyNETMenu
 .data.LegacyCDMenu
                0x000000000001d8a0       0x20 /tmp/cctNcdLx.ltrans1.ltrans.o
                0x000000000001d8a0                LegacyCDMenu
 .data.LegacyHDMenu
                0x000000000001d8c0       0x20 /tmp/cctNcdLx.ltrans1.ltrans.o
                0x000000000001d8c0                LegacyHDMenu
 .data.LegacyFDMenu
                0x000000000001d8e0       0x20 /tmp/cctNcdLx.ltrans1.ltrans.o
                0x000000000001d8e0                LegacyFDMenu
 .data.gEfiLegacyDevOrderVariableGuid
                0x000000000001d900       0x10 /tmp/cctNcdLx.ltrans1.ltrans.o
                0x000000000001d900                gEfiLegacyDevOrderVariableGuid
 *fill*         0x000000000001d910       0x10 
 .data.FsOptionMenu
                0x000000000001d920       0x20 /tmp/cctNcdLx.ltrans1.ltrans.o
                0x000000000001d920                FsOptionMenu
 .data.DirectoryMenu
                0x000000000001d940       0x20 /tmp/cctNcdLx.ltrans1.ltrans.o
                0x000000000001d940                DirectoryMenu
 .data.DriverMenu
                0x000000000001d960       0x20 /tmp/cctNcdLx.ltrans1.ltrans.o
                0x000000000001d960                DriverMenu
 .data.TerminalMenu
                0x000000000001d980       0x20 /tmp/cctNcdLx.ltrans1.ltrans.o
                0x000000000001d980                TerminalMenu
 .data.DriverOptionMenu
                0x000000000001d9a0       0x20 /tmp/cctNcdLx.ltrans1.ltrans.o
                0x000000000001d9a0                DriverOptionMenu
 .data.BootOptionMenu
                0x000000000001d9c0       0x20 /tmp/cctNcdLx.ltrans1.ltrans.o
                0x000000000001d9c0                BootOptionMenu
 .data.ConsoleErrMenu
                0x000000000001d9e0       0x20 /tmp/cctNcdLx.ltrans1.ltrans.o
                0x000000000001d9e0                ConsoleErrMenu
 .data.ConsoleOutMenu
                0x000000000001da00       0x20 /tmp/cctNcdLx.ltrans1.ltrans.o
                0x000000000001da00                ConsoleOutMenu
 .data.ConsoleInpMenu
                0x000000000001da20       0x20 /tmp/cctNcdLx.ltrans1.ltrans.o
                0x000000000001da20                ConsoleInpMenu
 .data.gFileExploreFormSetGuid
                0x000000000001da40       0x10 /tmp/cctNcdLx.ltrans1.ltrans.o
                0x000000000001da40                gFileExploreFormSetGuid
 .data.gBootMaintFormSetGuid
                0x000000000001da50       0x10 /tmp/cctNcdLx.ltrans1.ltrans.o
                0x000000000001da50                gBootMaintFormSetGuid
 .data.gEfiDevicePathProtocolGuid
                0x000000000001da60       0x10 /tmp/cctNcdLx.ltrans1.ltrans.o
                0x000000000001da60                gEfiDevicePathProtocolGuid
 .data.gEfiDriverHealthProtocolGuid
                0x000000000001da70       0x10 /tmp/cctNcdLx.ltrans1.ltrans.o
                0x000000000001da70                gEfiDriverHealthProtocolGuid
 .data.gEfiHiiPlatformSetupFormsetGuid
                0x000000000001da80       0x10 /tmp/cctNcdLx.ltrans1.ltrans.o
 .data.mNextShowFormId
                0x000000000001da90        0x2 /tmp/cctNcdLx.ltrans1.ltrans.o
                0x000000000001da90                mNextShowFormId
 *fill*         0x000000000001da92        0xe 
 .data.BdsDxeStrings
                0x000000000001daa0     0x3b4a /tmp/cctNcdLx.ltrans1.ltrans.o
                0x000000000001daa0                BdsDxeStrings
 *fill*         0x00000000000215ea       0x16 
 .data.DeviceManagerVfrBin
                0x0000000000021600      0x1c0 /tmp/cctNcdLx.ltrans1.ltrans.o
 .data.gDeviceManagerFormSetGuid
                0x00000000000217c0       0x10 /tmp/cctNcdLx.ltrans1.ltrans.o
                0x00000000000217c0                gDeviceManagerFormSetGuid
 *fill*         0x00000000000217d0       0x10 
 .data.rel.local.gDeviceManagerPrivate
                0x00000000000217e0       0x60 /tmp/cctNcdLx.ltrans1.ltrans.o
                0x00000000000217e0                gDeviceManagerPrivate
 .data.gBootManagerFormSetGuid
                0x0000000000021840       0x10 /tmp/cctNcdLx.ltrans1.ltrans.o
                0x0000000000021840                gBootManagerFormSetGuid
 *fill*         0x0000000000021850       0x10 
 .data.rel.ro.local.mDeviceTypeStr
                0x0000000000021860       0x40 /tmp/cctNcdLx.ltrans1.ltrans.o
 .data.rel.local.gBootManagerPrivate
                0x00000000000218a0       0x30 /tmp/cctNcdLx.ltrans1.ltrans.o
                0x00000000000218a0                gBootManagerPrivate
 .data.gFrontPageFormSetGuid
                0x00000000000218d0       0x10 /tmp/cctNcdLx.ltrans1.ltrans.o
                0x00000000000218d0                gFrontPageFormSetGuid
 .data.rel.local.gFrontPagePrivate
                0x00000000000218e0       0x38 /tmp/cctNcdLx.ltrans1.ltrans.o
                0x00000000000218e0                gFrontPagePrivate
 *fill*         0x0000000000021918        0x8 
 .data.gEfiSmbiosProtocolGuid
                0x0000000000021920       0x10 /tmp/cctNcdLx.ltrans1.ltrans.o
 .data.gEfiBootLogoProtocolGuid
                0x0000000000021930       0x10 /tmp/cctNcdLx.ltrans1.ltrans.o
                0x0000000000021930                gEfiBootLogoProtocolGuid
 .data._gPcd_BinaryPatch_PcdSetupConOutRow
                0x0000000000021940        0x4 /tmp/cctNcdLx.ltrans1.ltrans.o
                0x0000000000021940                _gPcd_BinaryPatch_PcdSetupConOutRow
 .data._gPcd_BinaryPatch_PcdSetupConOutColumn
                0x0000000000021944        0x4 /tmp/cctNcdLx.ltrans1.ltrans.o
                0x0000000000021944                _gPcd_BinaryPatch_PcdSetupConOutColumn
 .data._gPcd_BinaryPatch_PcdSetupVideoVerticalResolution
                0x0000000000021948        0x4 /tmp/cctNcdLx.ltrans1.ltrans.o
 .data._gPcd_BinaryPatch_PcdSetupVideoHorizontalResolution
                0x000000000002194c        0x4 /tmp/cctNcdLx.ltrans1.ltrans.o
 .data.gEfiSimpleTextOutProtocolGuid
                0x0000000000021950       0x10 /tmp/cctNcdLx.ltrans1.ltrans.o
                0x0000000000021950                gEfiSimpleTextOutProtocolGuid
 .data.gEfiGraphicsOutputProtocolGuid
                0x0000000000021960       0x10 /tmp/cctNcdLx.ltrans1.ltrans.o
                0x0000000000021960                gEfiGraphicsOutputProtocolGuid
 .data.gLastEnumLangGuid
                0x0000000000021970       0x10 /tmp/cctNcdLx.ltrans2.ltrans.o
 .data.gPcdProtocolGuid
                0x0000000000021980       0x10 /tmp/cctNcdLx.ltrans3.ltrans.o
 .data.gHdBootDevicePathVariablGuid
                0x0000000000021990       0x10 /tmp/cctNcdLx.ltrans4.ltrans.o
 .data.gEfiEventReadyToBootGuid
                0x00000000000219a0       0x10 /tmp/cctNcdLx.ltrans4.ltrans.o
 .data.gEfiMemoryTypeInformationGuid
                0x00000000000219b0       0x10 /tmp/cctNcdLx.ltrans4.ltrans.o
 .data.gEfiEventLegacyBootGuid
                0x00000000000219c0       0x10 /tmp/cctNcdLx.ltrans4.ltrans.o
 .data.gEfiPersistentVirtualCdGuid
                0x00000000000219d0       0x10 /tmp/cctNcdLx.ltrans6.ltrans.o
 .data.gEfiPersistentVirtualDiskGuid
                0x00000000000219e0       0x10 /tmp/cctNcdLx.ltrans6.ltrans.o
 .data.gEfiVirtualCdGuid
                0x00000000000219f0       0x10 /tmp/cctNcdLx.ltrans6.ltrans.o
 .data.gEfiVirtualDiskGuid
                0x0000000000021a00       0x10 /tmp/cctNcdLx.ltrans6.ltrans.o
 .data.gEfiDebugPortProtocolGuid
                0x0000000000021a10       0x10 /tmp/cctNcdLx.ltrans7.ltrans.o
 .data.gEfiSasDevicePathGuid
                0x0000000000021a20       0x10 /tmp/cctNcdLx.ltrans7.ltrans.o
 .data.gEfiVTUTF8Guid
                0x0000000000021a30       0x10 /tmp/cctNcdLx.ltrans7.ltrans.o
 .data.gEfiVT100PlusGuid
                0x0000000000021a40       0x10 /tmp/cctNcdLx.ltrans7.ltrans.o
 .data.gEfiVT100Guid
                0x0000000000021a50       0x10 /tmp/cctNcdLx.ltrans7.ltrans.o
 .data.gEfiPcAnsiGuid
                0x0000000000021a60       0x10 /tmp/cctNcdLx.ltrans7.ltrans.o
 .data.mFlowControlDevicePath
                0x0000000000021a70       0x18 /tmp/cctNcdLx.ltrans8.ltrans.o
 *fill*         0x0000000000021a88        0x8 
 .data.gEfiComponentNameProtocolGuid
                0x0000000000021a90       0x10 /tmp/cctNcdLx.ltrans9.ltrans.o
                0x0000000000021a90                gEfiComponentNameProtocolGuid
 .data.gEfiFileSystemVolumeLabelInfoIdGuid
                0x0000000000021aa0       0x10 /tmp/cctNcdLx.ltrans9.ltrans.o
 .data.EndDevicePath
                0x0000000000021ab0        0x4 /tmp/cctNcdLx.ltrans9.ltrans.o
 *fill*         0x0000000000021ab4        0xc 
 .data.gEfiBlockIoProtocolGuid
                0x0000000000021ac0       0x10 /tmp/cctNcdLx.ltrans9.ltrans.o
                0x0000000000021ac0                gEfiBlockIoProtocolGuid
 .data.gEfiIfrTianoGuid
                0x0000000000021ad0       0x10 /tmp/cctNcdLx.ltrans10.ltrans.o
                0x0000000000021ad0                gEfiIfrTianoGuid
 .data.gEfiFirmwareVolume2ProtocolGuid
                0x0000000000021ae0       0x10 /tmp/cctNcdLx.ltrans10.ltrans.o
                0x0000000000021ae0                gEfiFirmwareVolume2ProtocolGuid
 .data.gEfiGlobalVariableGuid
                0x0000000000021af0       0x10 /tmp/cctNcdLx.ltrans10.ltrans.o
                0x0000000000021af0                gEfiGlobalVariableGuid
 .data.gEfiUartDevicePathGuid
                0x0000000000021b00       0x10 /tmp/cctNcdLx.ltrans11.ltrans.o
                0x0000000000021b00                gEfiUartDevicePathGuid
 .data.gEfiHiiConfigRoutingProtocolGuid
                0x0000000000021b10       0x10 /tmp/cctNcdLx.ltrans13.ltrans.o
                0x0000000000021b10                gEfiHiiConfigRoutingProtocolGuid
 .data.gEfiSimpleTextInProtocolGuid
                0x0000000000021b20       0x10 /tmp/cctNcdLx.ltrans14.ltrans.o
 .data.gEfiUsbIoProtocolGuid
                0x0000000000021b30       0x10 /tmp/cctNcdLx.ltrans14.ltrans.o
 .data.rel.ro.local.mUefiDevicePathLibToTextTableGeneric
                0x0000000000021b40       0x60 /tmp/cctNcdLx.ltrans15.ltrans.o
 .data.mEfiColors
                0x0000000000021ba0       0x40 /tmp/cctNcdLx.ltrans15.ltrans.o
 .data.gEfiHobListGuid
                0x0000000000021be0       0x10 /tmp/cctNcdLx.ltrans15.ltrans.o
 .data.gEfiAcpiDescriptionGuid
                0x0000000000021bf0       0x10 /tmp/cctNcdLx.ltrans15.ltrans.o
 .data.mDriverHealthHiiVendorDevicePath
                0x0000000000021c00       0x18 /tmp/cctNcdLx.ltrans16.ltrans.o
 *fill*         0x0000000000021c18        0x8 
 .data.mDeviceManagerHiiVendorDevicePath
                0x0000000000021c20       0x18 /tmp/cctNcdLx.ltrans16.ltrans.o
 *fill*         0x0000000000021c38        0x8 
 .data.BootManagerVfrBin
                0x0000000000021c40       0x9c /tmp/cctNcdLx.ltrans16.ltrans.o
 *fill*         0x0000000000021cdc        0x4 
 .data.mBootManagerHiiVendorDevicePath
                0x0000000000021ce0       0x18 /tmp/cctNcdLx.ltrans16.ltrans.o
 *fill*         0x0000000000021cf8        0x8 
 .data.gEfiHiiStringProtocolGuid
                0x0000000000021d00       0x10 /tmp/cctNcdLx.ltrans16.ltrans.o
                0x0000000000021d00                gEfiHiiStringProtocolGuid
 *fill*         0x0000000000021d10       0x10 
 .data.FrontPageVfrBin
                0x0000000000021d20      0x125 /tmp/cctNcdLx.ltrans16.ltrans.o
 *fill*         0x0000000000021e45        0xb 
 .data.gEfiHiiConfigAccessProtocolGuid
                0x0000000000021e50       0x10 /tmp/cctNcdLx.ltrans16.ltrans.o
                0x0000000000021e50                gEfiHiiConfigAccessProtocolGuid
 .data.mFrontPageHiiVendorDevicePath
                0x0000000000021e60       0x18 /tmp/cctNcdLx.ltrans16.ltrans.o
 *fill*         0x0000000000021e78        0x8 
 .data.gEfiFormBrowser2ProtocolGuid
                0x0000000000021e80       0x10 /tmp/cctNcdLx.ltrans16.ltrans.o
                0x0000000000021e80                gEfiFormBrowser2ProtocolGuid
 .data._gPcd_BinaryPatch_PcdVideoVerticalResolution
                0x0000000000021e90        0x4 /tmp/cctNcdLx.ltrans16.ltrans.o
 .data._gPcd_BinaryPatch_PcdVideoHorizontalResolution
                0x0000000000021e94        0x4 /tmp/cctNcdLx.ltrans16.ltrans.o
 .data._gPcd_BinaryPatch_PcdConOutRow
                0x0000000000021e98        0x4 /tmp/cctNcdLx.ltrans16.ltrans.o
 .data._gPcd_BinaryPatch_PcdConOutColumn
                0x0000000000021e9c        0x4 /tmp/cctNcdLx.ltrans16.ltrans.o
 .data.rel.local.gBds
                0x0000000000021ea0        0x8 /tmp/cctNcdLx.ltrans18.ltrans.o
 *fill*         0x0000000000021ea8        0x8 
 .data.gEfiBdsArchProtocolGuid
                0x0000000000021eb0       0x10 /tmp/cctNcdLx.ltrans18.ltrans.o
 .data.gEfiHiiImageProtocolGuid
                0x0000000000021ec0       0x10 /tmp/cctNcdLx.ltrans18.ltrans.o
 .data.gEfiHiiFontProtocolGuid
                0x0000000000021ed0       0x10 /tmp/cctNcdLx.ltrans18.ltrans.o
                0x0000000000021ed0                gEfiHiiFontProtocolGuid
 .data.gEfiHiiDatabaseProtocolGuid
                0x0000000000021ee0       0x10 /tmp/cctNcdLx.ltrans18.ltrans.o
 .data.gEfiDxeServicesTableGuid
                0x0000000000021ef0       0x10 /tmp/cctNcdLx.ltrans18.ltrans.o
 .data.GenericBdsLibStrings
                0x0000000000021f00      0x306 /tmp/cctNcdLx.ltrans18.ltrans.o
 *fill*         0x0000000000022206        0xa 
 .data.gBdsLibStringPackageGuid
                0x0000000000022210       0x10 /tmp/cctNcdLx.ltrans18.ltrans.o
 .data.gEfiGenericMemTestProtocolGuid
                0x0000000000022220       0x10 /tmp/cctNcdLx.ltrans19.ltrans.o
 .data.gEfiComponentName2ProtocolGuid
                0x0000000000022230       0x10 /tmp/cctNcdLx.ltrans20.ltrans.o
 .data.gDriverHealthFormSetGuid
                0x0000000000022240       0x10 /tmp/cctNcdLx.ltrans20.ltrans.o
 *fill*         0x0000000000022250       0x10 
 .data.DriverHealthVfrBin
                0x0000000000022260       0xbd /tmp/cctNcdLx.ltrans20.ltrans.o
 *fill*         0x000000000002231d        0x3 
 .data.rel.ro.local.mUefiDevicePathLibToTextTable
                0x0000000000022320      0x320 /tmp/cctNcdLx.ltrans23.ltrans.o
 .data.mAcpiLowMemoryBase
                0x0000000000022640        0x8 /tmp/cctNcdLx.ltrans23.ltrans.o
 *fill*         0x0000000000022648       0x18 
 .data.rel.ro.local.mStatusString
                0x0000000000022660      0x138 /tmp/cctNcdLx.ltrans24.ltrans.o
 .data.gPnp16550ComPortDeviceNode
                0x0000000000022798        0xc /tmp/cctNcdLx.ltrans25.ltrans.o
 *fill*         0x00000000000227a4        0x4 
 .data.gPnpPs2KeyboardDeviceNode
                0x00000000000227a8        0xc /tmp/cctNcdLx.ltrans25.ltrans.o
 *fill*         0x00000000000227b4        0xc 
 .data.gTerminalTypeDeviceNode
                0x00000000000227c0       0x14 /tmp/cctNcdLx.ltrans25.ltrans.o
 *fill*         0x00000000000227d4        0xc 
 .data.gUartDeviceNode
                0x00000000000227e0       0x13 /tmp/cctNcdLx.ltrans25.ltrans.o
 *fill*         0x00000000000227f3        0x5 
 .data.mFileExplorerStorageName
                0x00000000000227f8        0xe /tmp/cctNcdLx.ltrans26.ltrans.o
                0x00000000000227f8                mFileExplorerStorageName
 *fill*         0x0000000000022806        0xa 
 .data.mBootMaintStorageName
                0x0000000000022810       0x10 /tmp/cctNcdLx.ltrans26.ltrans.o
                0x0000000000022810                mBootMaintStorageName
 .data.gEfiFileInfoGuid
                0x0000000000022820       0x10 /tmp/cctNcdLx.ltrans27.ltrans.o
                0x0000000000022820                gEfiFileInfoGuid
 .data.gEfiSimpleFileSystemProtocolGuid
                0x0000000000022830       0x10 /tmp/cctNcdLx.ltrans27.ltrans.o
                0x0000000000022830                gEfiSimpleFileSystemProtocolGuid
 .data.gEfiPciIoProtocolGuid
                0x0000000000022840       0x10 /tmp/cctNcdLx.ltrans27.ltrans.o
                0x0000000000022840                gEfiPciIoProtocolGuid
 *fill*         0x0000000000022850       0x10 
 .data.FEBin    0x0000000000022860      0x1b0 /tmp/cctNcdLx.ltrans28.ltrans.o
 *fill*         0x0000000000022a10       0x10 
 .data.BmBin    0x0000000000022a20      0x658 /tmp/cctNcdLx.ltrans28.ltrans.o
 *fill*         0x0000000000023078        0x8 
 .data.mBmmHiiVendorDevicePath
                0x0000000000023080       0x18 /tmp/cctNcdLx.ltrans28.ltrans.o
 *fill*         0x0000000000023098        0x8 
 .data.mFeHiiVendorDevicePath
                0x00000000000230a0       0x18 /tmp/cctNcdLx.ltrans28.ltrans.o
 *fill*         0x00000000000230b8        0x8 
 .data.gEfiHiiDriverHealthFormsetGuid
                0x00000000000230c0       0x10 /tmp/cctNcdLx.ltrans30.ltrans.o
 *(.bss .bss.*)
 .bss.mHotkeyRegistration
                0x00000000000230d0        0x8 /tmp/cctNcdLx.ltrans0.ltrans.o
                0x00000000000230d0                mHotkeyRegistration
 .bss.mHotkeyEvent
                0x00000000000230d8        0x8 /tmp/cctNcdLx.ltrans0.ltrans.o
 .bss.gStringPackHandle
                0x00000000000230e0        0x8 /tmp/cctNcdLx.ltrans0.ltrans.o
                0x00000000000230e0                gStringPackHandle
 .bss.gDS       0x00000000000230e8        0x8 /tmp/cctNcdLx.ltrans0.ltrans.o
                0x00000000000230e8                gDS
 .bss.gImageHandle
                0x00000000000230f0        0x8 /tmp/cctNcdLx.ltrans0.ltrans.o
                0x00000000000230f0                gImageHandle
 .bss.mBootNext
                0x00000000000230f8        0x8 /tmp/cctNcdLx.ltrans0.ltrans.o
 .bss.DriverOptionHelpStrDepository
                0x0000000000023100        0x8 /tmp/cctNcdLx.ltrans1.ltrans.o
                0x0000000000023100                DriverOptionHelpStrDepository
 .bss.DriverOptionStrDepository
                0x0000000000023108        0x8 /tmp/cctNcdLx.ltrans1.ltrans.o
                0x0000000000023108                DriverOptionStrDepository
 .bss.BootOptionHelpStrDepository
                0x0000000000023110        0x8 /tmp/cctNcdLx.ltrans1.ltrans.o
                0x0000000000023110                BootOptionHelpStrDepository
 .bss.BootOptionStrDepository
                0x0000000000023118        0x8 /tmp/cctNcdLx.ltrans1.ltrans.o
                0x0000000000023118                BootOptionStrDepository
 .bss.FileOptionStrDepository
                0x0000000000023120        0x8 /tmp/cctNcdLx.ltrans1.ltrans.o
                0x0000000000023120                FileOptionStrDepository
 .bss.mStartLabel
                0x0000000000023128        0x8 /tmp/cctNcdLx.ltrans1.ltrans.o
                0x0000000000023128                mStartLabel
 .bss.mEndOpCodeHandle
                0x0000000000023130        0x8 /tmp/cctNcdLx.ltrans1.ltrans.o
                0x0000000000023130                mEndOpCodeHandle
 .bss.mStartOpCodeHandle
                0x0000000000023138        0x8 /tmp/cctNcdLx.ltrans1.ltrans.o
                0x0000000000023138                mStartOpCodeHandle
 .bss.mBmmCallbackInfo
                0x0000000000023140        0x8 /tmp/cctNcdLx.ltrans1.ltrans.o
                0x0000000000023140                mBmmCallbackInfo
 .bss.gHiiDatabase
                0x0000000000023148        0x8 /tmp/cctNcdLx.ltrans1.ltrans.o
                0x0000000000023148                gHiiDatabase
 .bss.mSelectedMacAddrString
                0x0000000000023150        0x8 /tmp/cctNcdLx.ltrans1.ltrans.o
                0x0000000000023150                mSelectedMacAddrString
 *fill*         0x0000000000023158        0x8 
 .bss.mMacDeviceList
                0x0000000000023160       0x18 /tmp/cctNcdLx.ltrans1.ltrans.o
                0x0000000000023160                mMacDeviceList
 .bss.mKeyInput
                0x0000000000023178        0x2 /tmp/cctNcdLx.ltrans1.ltrans.o
                0x0000000000023178                mKeyInput
 *fill*         0x000000000002317a        0x6 
 .bss.mBootOptionsList
                0x0000000000023180       0x10 /tmp/cctNcdLx.ltrans1.ltrans.o
                0x0000000000023180                mBootOptionsList
 .bss.gOption   0x0000000000023190        0x8 /tmp/cctNcdLx.ltrans1.ltrans.o
                0x0000000000023190                gOption
 .bss.mResetRequired
                0x0000000000023198        0x1 /tmp/cctNcdLx.ltrans1.ltrans.o
                0x0000000000023198                mResetRequired
 *fill*         0x0000000000023199        0x7 
 .bss.gFormBrowser2
                0x00000000000231a0        0x8 /tmp/cctNcdLx.ltrans1.ltrans.o
                0x00000000000231a0                gFormBrowser2
 .bss.mLanguageString
                0x00000000000231a8        0x8 /tmp/cctNcdLx.ltrans1.ltrans.o
                0x00000000000231a8                mLanguageString
 .bss.gCallbackKey
                0x00000000000231b0        0x8 /tmp/cctNcdLx.ltrans1.ltrans.o
                0x00000000000231b0                gCallbackKey
 .bss.gRT       0x00000000000231b8        0x8 /tmp/cctNcdLx.ltrans1.ltrans.o
                0x00000000000231b8                gRT
 .bss.mSetupTextModeRow
                0x00000000000231c0        0x4 /tmp/cctNcdLx.ltrans1.ltrans.o
                0x00000000000231c0                mSetupTextModeRow
 .bss.mSetupTextModeColumn
                0x00000000000231c4        0x4 /tmp/cctNcdLx.ltrans1.ltrans.o
                0x00000000000231c4                mSetupTextModeColumn
 .bss.mSetupVerticalResolution
                0x00000000000231c8        0x4 /tmp/cctNcdLx.ltrans1.ltrans.o
                0x00000000000231c8                mSetupVerticalResolution
 .bss.mSetupHorizontalResolution
                0x00000000000231cc        0x4 /tmp/cctNcdLx.ltrans1.ltrans.o
                0x00000000000231cc                mSetupHorizontalResolution
 .bss.mBootTextModeRow
                0x00000000000231d0        0x4 /tmp/cctNcdLx.ltrans1.ltrans.o
                0x00000000000231d0                mBootTextModeRow
 .bss.mBootTextModeColumn
                0x00000000000231d4        0x4 /tmp/cctNcdLx.ltrans1.ltrans.o
                0x00000000000231d4                mBootTextModeColumn
 .bss.mBootVerticalResolution
                0x00000000000231d8        0x4 /tmp/cctNcdLx.ltrans1.ltrans.o
                0x00000000000231d8                mBootVerticalResolution
 .bss.mBootHorizontalResolution
                0x00000000000231dc        0x4 /tmp/cctNcdLx.ltrans1.ltrans.o
                0x00000000000231dc                mBootHorizontalResolution
 .bss.mModeInitialized
                0x00000000000231e0        0x1 /tmp/cctNcdLx.ltrans1.ltrans.o
 .bss.gConnectAllHappened
                0x00000000000231e1        0x1 /tmp/cctNcdLx.ltrans1.ltrans.o
 .bss.mEnumBootDevice
                0x00000000000231e2        0x1 /tmp/cctNcdLx.ltrans2.ltrans.o
 *fill*         0x00000000000231e3        0x5 
 .bss.mPcd      0x00000000000231e8        0x8 /tmp/cctNcdLx.ltrans3.ltrans.o
 .bss.gHiiString
                0x00000000000231f0        0x8 /tmp/cctNcdLx.ltrans10.ltrans.o
                0x00000000000231f0                gHiiString
 .bss.gHiiConfigRouting
                0x00000000000231f8        0x8 /tmp/cctNcdLx.ltrans10.ltrans.o
                0x00000000000231f8                gHiiConfigRouting
 .bss.gBS       0x0000000000023200        0x8 /tmp/cctNcdLx.ltrans10.ltrans.o
                0x0000000000023200                gBS
 .bss.gST       0x0000000000023208        0x8 /tmp/cctNcdLx.ltrans10.ltrans.o
                0x0000000000023208                gST
 .bss.mUefiFormBrowser2
                0x0000000000023210        0x8 /tmp/cctNcdLx.ltrans12.ltrans.o
 .bss.mHobList  0x0000000000023218        0x8 /tmp/cctNcdLx.ltrans15.ltrans.o
 .bss.gBdsHandle
                0x0000000000023220        0x8 /tmp/cctNcdLx.ltrans18.ltrans.o
 .bss.gHiiImage
                0x0000000000023228        0x8 /tmp/cctNcdLx.ltrans18.ltrans.o
 .bss.gHiiFont  0x0000000000023230        0x8 /tmp/cctNcdLx.ltrans18.ltrans.o
 .bss.gBdsLibStringPackHandle
                0x0000000000023238        0x8 /tmp/cctNcdLx.ltrans18.ltrans.o
 .bss.mHotkeyBootOption
                0x0000000000023240        0x8 /tmp/cctNcdLx.ltrans19.ltrans.o
 .bss.gAcpiDesc
                0x0000000000023248        0x8 /tmp/cctNcdLx.ltrans23.ltrans.o
                0x0000000000023248                gAcpiDesc
 *fill*         0x0000000000023250       0x10 
 .bss.mPerfHeader
                0x0000000000023260      0x670 /tmp/cctNcdLx.ltrans23.ltrans.o

.eh_frame       0x0000000000023900        0x0
 *(.eh_frame)
 .eh_frame      0x0000000000023900        0x0 DxePcdLib.obj (symbol from plugin)

.dynbss         0x0000000000023900        0x0
 .dynbss        0x0000000000023900        0x0 DxePcdLib.obj (symbol from plugin)

.gnu.version_d  0x0000000000023900        0x0
 .gnu.version_d
                0x0000000000023900        0x0 DxePcdLib.obj (symbol from plugin)

.gnu.version    0x0000000000023900        0x0
 .gnu.version   0x0000000000023900        0x0 DxePcdLib.obj (symbol from plugin)

.gnu.version_r  0x0000000000023900        0x0
 .gnu.version_r
                0x0000000000023900        0x0 DxePcdLib.obj (symbol from plugin)

.rela           0x0000000000023900      0xbe8
 *(.rela .rela.*)
 .rela.plt      0x0000000000023900        0x0 DxePcdLib.obj (symbol from plugin)
 .rela.got      0x0000000000023900        0x0 DxePcdLib.obj (symbol from plugin)
 .rela.bss      0x0000000000023900        0x0 DxePcdLib.obj (symbol from plugin)
 .rela.ifunc    0x0000000000023900        0x0 DxePcdLib.obj (symbol from plugin)
 .rela.text     0x0000000000023900        0x0 DxePcdLib.obj (symbol from plugin)
 .rela.text.BdsEntry
                0x0000000000023900        0x0 DxePcdLib.obj (symbol from plugin)
 .rela.data.rel.local.mHotkeyList
                0x0000000000023900       0x30 DxePcdLib.obj (symbol from plugin)
 .rela.data.rel.ro.local.gTableGuidArray
                0x0000000000023930       0x60 DxePcdLib.obj (symbol from plugin)
 .rela.data.rel.local.gPlatformRootBridges
                0x0000000000023990       0x18 DxePcdLib.obj (symbol from plugin)
 .rela.data.rel.local.gPlatformConsole
                0x00000000000239a8       0x18 DxePcdLib.obj (symbol from plugin)
 .rela.data.rel.ro.local.mReadOnlyVariables
                0x00000000000239c0       0x78 DxePcdLib.obj (symbol from plugin)
 .rela.text.PlatformBdsEnterFrontPage.constprop.4
                0x0000000000023a38        0x0 DxePcdLib.obj (symbol from plugin)
 .rela.data.rel.local.gDeviceManagerPrivate
                0x0000000000023a38       0x90 DxePcdLib.obj (symbol from plugin)
 .rela.data.rel.ro.local.mDeviceTypeStr
                0x0000000000023ac8       0xc0 DxePcdLib.obj (symbol from plugin)
 .rela.data.rel.local.gBootManagerPrivate
                0x0000000000023b88       0x48 DxePcdLib.obj (symbol from plugin)
 .rela.data.rel.local.gFrontPagePrivate
                0x0000000000023bd0       0x48 DxePcdLib.obj (symbol from plugin)
 .rela.text.BdsLibEnumerateAllBootOption
                0x0000000000023c18        0x0 DxePcdLib.obj (symbol from plugin)
 .rela.text.InternalBaseLibIsListValid
                0x0000000000023c18        0x0 DxePcdLib.obj (symbol from plugin)
 .rela.text.IsNodeInList
                0x0000000000023c18        0x0 DxePcdLib.obj (symbol from plugin)
 .rela.text.AsciiStrToUnicodeStrS
                0x0000000000023c18        0x0 DxePcdLib.obj (symbol from plugin)