Archive member included to satisfy reference by file (symbol)

/mnt/c/SerranonOS/UEFI/vUDK2017/Build/DuetPkgX64/DEBUG_GCC5/X64/MdePkg/Library/BasePcdLibNull/BasePcdLibNull/OUTPUT/BasePcdLibNull.lib(PcdLib.obj)
                              (--whole-archive)
/mnt/c/SerranonOS/UEFI/vUDK2017/Build/DuetPkgX64/DEBUG_GCC5/X64/MdePkg/Library/BaseMemoryLib/BaseMemoryLib/OUTPUT/BaseMemoryLib.lib(SetMem.obj)
                              (--whole-archive)
/mnt/c/SerranonOS/UEFI/vUDK2017/Build/DuetPkgX64/DEBUG_GCC5/X64/MdePkg/Library/BaseMemoryLib/BaseMemoryLib/OUTPUT/BaseMemoryLib.lib(ScanMem64Wrapper.obj)
                              (--whole-archive)
/mnt/c/SerranonOS/UEFI/vUDK2017/Build/DuetPkgX64/DEBUG_GCC5/X64/MdePkg/Library/BaseMemoryLib/BaseMemoryLib/OUTPUT/BaseMemoryLib.lib(ScanMem32Wrapper.obj)
                              (--whole-archive)
/mnt/c/SerranonOS/UEFI/vUDK2017/Build/DuetPkgX64/DEBUG_GCC5/X64/MdePkg/Library/BaseMemoryLib/BaseMemoryLib/OUTPUT/BaseMemoryLib.lib(ScanMem16Wrapper.obj)
                              (--whole-archive)
/mnt/c/SerranonOS/UEFI/vUDK2017/Build/DuetPkgX64/DEBUG_GCC5/X64/MdePkg/Library/BaseMemoryLib/BaseMemoryLib/OUTPUT/BaseMemoryLib.lib(ScanMem8Wrapper.obj)
                              (--whole-archive)
/mnt/c/SerranonOS/UEFI/vUDK2017/Build/DuetPkgX64/DEBUG_GCC5/X64/MdePkg/Library/BaseMemoryLib/BaseMemoryLib/OUTPUT/BaseMemoryLib.lib(ZeroMemWrapper.obj)
                              (--whole-archive)
/mnt/c/SerranonOS/UEFI/vUDK2017/Build/DuetPkgX64/DEBUG_GCC5/X64/MdePkg/Library/BaseMemoryLib/BaseMemoryLib/OUTPUT/BaseMemoryLib.lib(CompareMemWrapper.obj)
                              (--whole-archive)
/mnt/c/SerranonOS/UEFI/vUDK2017/Build/DuetPkgX64/DEBUG_GCC5/X64/MdePkg/Library/BaseMemoryLib/BaseMemoryLib/OUTPUT/BaseMemoryLib.lib(SetMem64Wrapper.obj)
                              (--whole-archive)
/mnt/c/SerranonOS/UEFI/vUDK2017/Build/DuetPkgX64/DEBUG_GCC5/X64/MdePkg/Library/BaseMemoryLib/BaseMemoryLib/OUTPUT/BaseMemoryLib.lib(SetMem32Wrapper.obj)
                              (--whole-archive)
/mnt/c/SerranonOS/UEFI/vUDK2017/Build/DuetPkgX64/DEBUG_GCC5/X64/MdePkg/Library/BaseMemoryLib/BaseMemoryLib/OUTPUT/BaseMemoryLib.lib(SetMem16Wrapper.obj)
                              (--whole-archive)
/mnt/c/SerranonOS/UEFI/vUDK2017/Build/DuetPkgX64/DEBUG_GCC5/X64/MdePkg/Library/BaseMemoryLib/BaseMemoryLib/OUTPUT/BaseMemoryLib.lib(SetMemWrapper.obj)
                              (--whole-archive)
/mnt/c/SerranonOS/UEFI/vUDK2017/Build/DuetPkgX64/DEBUG_GCC5/X64/MdePkg/Library/BaseMemoryLib/BaseMemoryLib/OUTPUT/BaseMemoryLib.lib(CopyMemWrapper.obj)
                              (--whole-archive)
/mnt/c/SerranonOS/UEFI/vUDK2017/Build/DuetPkgX64/DEBUG_GCC5/X64/MdePkg/Library/BaseMemoryLib/BaseMemoryLib/OUTPUT/BaseMemoryLib.lib(IsZeroBufferWrapper.obj)
                              (--whole-archive)
/mnt/c/SerranonOS/UEFI/vUDK2017/Build/DuetPkgX64/DEBUG_GCC5/X64/MdePkg/Library/BaseMemoryLib/BaseMemoryLib/OUTPUT/BaseMemoryLib.lib(MemLibGeneric.obj)
                              (--whole-archive)
/mnt/c/SerranonOS/UEFI/vUDK2017/Build/DuetPkgX64/DEBUG_GCC5/X64/MdePkg/Library/BaseMemoryLib/BaseMemoryLib/OUTPUT/BaseMemoryLib.lib(MemLibGuid.obj)
                              (--whole-archive)
/mnt/c/SerranonOS/UEFI/vUDK2017/Build/DuetPkgX64/DEBUG_GCC5/X64/MdePkg/Library/BaseMemoryLib/BaseMemoryLib/OUTPUT/BaseMemoryLib.lib(CopyMem.obj)
                              (--whole-archive)
/mnt/c/SerranonOS/UEFI/vUDK2017/Build/DuetPkgX64/DEBUG_GCC5/X64/MdePkg/Library/BaseLib/BaseLib/OUTPUT/BaseLib.lib(CheckSum.obj)
                              (--whole-archive)
/mnt/c/SerranonOS/UEFI/vUDK2017/Build/DuetPkgX64/DEBUG_GCC5/X64/MdePkg/Library/BaseLib/BaseLib/OUTPUT/BaseLib.lib(SwitchStack.obj)
                              (--whole-archive)
/mnt/c/SerranonOS/UEFI/vUDK2017/Build/DuetPkgX64/DEBUG_GCC5/X64/MdePkg/Library/BaseLib/BaseLib/OUTPUT/BaseLib.lib(SwapBytes64.obj)
                              (--whole-archive)
/mnt/c/SerranonOS/UEFI/vUDK2017/Build/DuetPkgX64/DEBUG_GCC5/X64/MdePkg/Library/BaseLib/BaseLib/OUTPUT/BaseLib.lib(SwapBytes32.obj)
                              (--whole-archive)
/mnt/c/SerranonOS/UEFI/vUDK2017/Build/DuetPkgX64/DEBUG_GCC5/X64/MdePkg/Library/BaseLib/BaseLib/OUTPUT/BaseLib.lib(SwapBytes16.obj)
                              (--whole-archive)
/mnt/c/SerranonOS/UEFI/vUDK2017/Build/DuetPkgX64/DEBUG_GCC5/X64/MdePkg/Library/BaseLib/BaseLib/OUTPUT/BaseLib.lib(LongJump.obj)
                              (--whole-archive)
/mnt/c/SerranonOS/UEFI/vUDK2017/Build/DuetPkgX64/DEBUG_GCC5/X64/MdePkg/Library/BaseLib/BaseLib/OUTPUT/BaseLib.lib(SetJump.obj)
                              (--whole-archive)
/mnt/c/SerranonOS/UEFI/vUDK2017/Build/DuetPkgX64/DEBUG_GCC5/X64/MdePkg/Library/BaseLib/BaseLib/OUTPUT/BaseLib.lib(RShiftU64.obj)
                              (--whole-archive)
/mnt/c/SerranonOS/UEFI/vUDK2017/Build/DuetPkgX64/DEBUG_GCC5/X64/MdePkg/Library/BaseLib/BaseLib/OUTPUT/BaseLib.lib(RRotU64.obj)
                              (--whole-archive)
/mnt/c/SerranonOS/UEFI/vUDK2017/Build/DuetPkgX64/DEBUG_GCC5/X64/MdePkg/Library/BaseLib/BaseLib/OUTPUT/BaseLib.lib(RRotU32.obj)
                              (--whole-archive)
/mnt/c/SerranonOS/UEFI/vUDK2017/Build/DuetPkgX64/DEBUG_GCC5/X64/MdePkg/Library/BaseLib/BaseLib/OUTPUT/BaseLib.lib(MultU64x64.obj)
                              (--whole-archive)
/mnt/c/SerranonOS/UEFI/vUDK2017/Build/DuetPkgX64/DEBUG_GCC5/X64/MdePkg/Library/BaseLib/BaseLib/OUTPUT/BaseLib.lib(MultU64x32.obj)
                              (--whole-archive)
/mnt/c/SerranonOS/UEFI/vUDK2017/Build/DuetPkgX64/DEBUG_GCC5/X64/MdePkg/Library/BaseLib/BaseLib/OUTPUT/BaseLib.lib(MultS64x64.obj)
                              (--whole-archive)
/mnt/c/SerranonOS/UEFI/vUDK2017/Build/DuetPkgX64/DEBUG_GCC5/X64/MdePkg/Library/BaseLib/BaseLib/OUTPUT/BaseLib.lib(ModU64x32.obj)
                              (--whole-archive)
/mnt/c/SerranonOS/UEFI/vUDK2017/Build/DuetPkgX64/DEBUG_GCC5/X64/MdePkg/Library/BaseLib/BaseLib/OUTPUT/BaseLib.lib(LShiftU64.obj)
                              (--whole-archive)
/mnt/c/SerranonOS/UEFI/vUDK2017/Build/DuetPkgX64/DEBUG_GCC5/X64/MdePkg/Library/BaseLib/BaseLib/OUTPUT/BaseLib.lib(LRotU64.obj)
                              (--whole-archive)
/mnt/c/SerranonOS/UEFI/vUDK2017/Build/DuetPkgX64/DEBUG_GCC5/X64/MdePkg/Library/BaseLib/BaseLib/OUTPUT/BaseLib.lib(LRotU32.obj)
                              (--whole-archive)
/mnt/c/SerranonOS/UEFI/vUDK2017/Build/DuetPkgX64/DEBUG_GCC5/X64/MdePkg/Library/BaseLib/BaseLib/OUTPUT/BaseLib.lib(LowBitSet64.obj)
                              (--whole-archive)
/mnt/c/SerranonOS/UEFI/vUDK2017/Build/DuetPkgX64/DEBUG_GCC5/X64/MdePkg/Library/BaseLib/BaseLib/OUTPUT/BaseLib.lib(LowBitSet32.obj)
                              (--whole-archive)
/mnt/c/SerranonOS/UEFI/vUDK2017/Build/DuetPkgX64/DEBUG_GCC5/X64/MdePkg/Library/BaseLib/BaseLib/OUTPUT/BaseLib.lib(HighBitSet64.obj)
                              (--whole-archive)
/mnt/c/SerranonOS/UEFI/vUDK2017/Build/DuetPkgX64/DEBUG_GCC5/X64/MdePkg/Library/BaseLib/BaseLib/OUTPUT/BaseLib.lib(HighBitSet32.obj)
                              (--whole-archive)
/mnt/c/SerranonOS/UEFI/vUDK2017/Build/DuetPkgX64/DEBUG_GCC5/X64/MdePkg/Library/BaseLib/BaseLib/OUTPUT/BaseLib.lib(GetPowerOfTwo64.obj)
                              (--whole-archive)
/mnt/c/SerranonOS/UEFI/vUDK2017/Build/DuetPkgX64/DEBUG_GCC5/X64/MdePkg/Library/BaseLib/BaseLib/OUTPUT/BaseLib.lib(GetPowerOfTwo32.obj)
                              (--whole-archive)
/mnt/c/SerranonOS/UEFI/vUDK2017/Build/DuetPkgX64/DEBUG_GCC5/X64/MdePkg/Library/BaseLib/BaseLib/OUTPUT/BaseLib.lib(DivU64x64Remainder.obj)
                              (--whole-archive)
/mnt/c/SerranonOS/UEFI/vUDK2017/Build/DuetPkgX64/DEBUG_GCC5/X64/MdePkg/Library/BaseLib/BaseLib/OUTPUT/BaseLib.lib(DivU64x32Remainder.obj)
                              (--whole-archive)
/mnt/c/SerranonOS/UEFI/vUDK2017/Build/DuetPkgX64/DEBUG_GCC5/X64/MdePkg/Library/BaseLib/BaseLib/OUTPUT/BaseLib.lib(DivU64x32.obj)
                              (--whole-archive)
/mnt/c/SerranonOS/UEFI/vUDK2017/Build/DuetPkgX64/DEBUG_GCC5/X64/MdePkg/Library/BaseLib/BaseLib/OUTPUT/BaseLib.lib(DivS64x64Remainder.obj)
                              (--whole-archive)
/mnt/c/SerranonOS/UEFI/vUDK2017/Build/DuetPkgX64/DEBUG_GCC5/X64/MdePkg/Library/BaseLib/BaseLib/OUTPUT/BaseLib.lib(ARShiftU64.obj)
                              (--whole-archive)
/mnt/c/SerranonOS/UEFI/vUDK2017/Build/DuetPkgX64/DEBUG_GCC5/X64/MdePkg/Library/BaseLib/BaseLib/OUTPUT/BaseLib.lib(BitField.obj)
                              (--whole-archive)
/mnt/c/SerranonOS/UEFI/vUDK2017/Build/DuetPkgX64/DEBUG_GCC5/X64/MdePkg/Library/BaseLib/BaseLib/OUTPUT/BaseLib.lib(CpuDeadLoop.obj)
                              (--whole-archive)
/mnt/c/SerranonOS/UEFI/vUDK2017/Build/DuetPkgX64/DEBUG_GCC5/X64/MdePkg/Library/BaseLib/BaseLib/OUTPUT/BaseLib.lib(Cpu.obj)
                              (--whole-archive)
/mnt/c/SerranonOS/UEFI/vUDK2017/Build/DuetPkgX64/DEBUG_GCC5/X64/MdePkg/Library/BaseLib/BaseLib/OUTPUT/BaseLib.lib(LinkedList.obj)
                              (--whole-archive)
/mnt/c/SerranonOS/UEFI/vUDK2017/Build/DuetPkgX64/DEBUG_GCC5/X64/MdePkg/Library/BaseLib/BaseLib/OUTPUT/BaseLib.lib(SafeString.obj)
                              (--whole-archive)
/mnt/c/SerranonOS/UEFI/vUDK2017/Build/DuetPkgX64/DEBUG_GCC5/X64/MdePkg/Library/BaseLib/BaseLib/OUTPUT/BaseLib.lib(String.obj)
                              (--whole-archive)
/mnt/c/SerranonOS/UEFI/vUDK2017/Build/DuetPkgX64/DEBUG_GCC5/X64/MdePkg/Library/BaseLib/BaseLib/OUTPUT/BaseLib.lib(FilePaths.obj)
                              (--whole-archive)
/mnt/c/SerranonOS/UEFI/vUDK2017/Build/DuetPkgX64/DEBUG_GCC5/X64/MdePkg/Library/BaseLib/BaseLib/OUTPUT/BaseLib.lib(Thunk16.obj)
                              (--whole-archive)
/mnt/c/SerranonOS/UEFI/vUDK2017/Build/DuetPkgX64/DEBUG_GCC5/X64/MdePkg/Library/BaseLib/BaseLib/OUTPUT/BaseLib.lib(WriteTr.obj)
                              (--whole-archive)
/mnt/c/SerranonOS/UEFI/vUDK2017/Build/DuetPkgX64/DEBUG_GCC5/X64/MdePkg/Library/BaseLib/BaseLib/OUTPUT/BaseLib.lib(Non-existing.obj)
                              (--whole-archive)
/mnt/c/SerranonOS/UEFI/vUDK2017/Build/DuetPkgX64/DEBUG_GCC5/X64/MdePkg/Library/BaseLib/BaseLib/OUTPUT/BaseLib.lib(Math64.obj)
                              (--whole-archive)
/mnt/c/SerranonOS/UEFI/vUDK2017/Build/DuetPkgX64/DEBUG_GCC5/X64/MdePkg/Library/BaseLib/BaseLib/OUTPUT/BaseLib.lib(Unaligned.obj)
                              (--whole-archive)
/mnt/c/SerranonOS/UEFI/vUDK2017/Build/DuetPkgX64/DEBUG_GCC5/X64/MdePkg/Library/BaseLib/BaseLib/OUTPUT/BaseLib.lib(X86WriteIdtr.obj)
                              (--whole-archive)
/mnt/c/SerranonOS/UEFI/vUDK2017/Build/DuetPkgX64/DEBUG_GCC5/X64/MdePkg/Library/BaseLib/BaseLib/OUTPUT/BaseLib.lib(X86WriteGdtr.obj)
                              (--whole-archive)
/mnt/c/SerranonOS/UEFI/vUDK2017/Build/DuetPkgX64/DEBUG_GCC5/X64/MdePkg/Library/BaseLib/BaseLib/OUTPUT/BaseLib.lib(X86Thunk.obj)
                              (--whole-archive)
/mnt/c/SerranonOS/UEFI/vUDK2017/Build/DuetPkgX64/DEBUG_GCC5/X64/MdePkg/Library/BaseLib/BaseLib/OUTPUT/BaseLib.lib(X86ReadIdtr.obj)
                              (--whole-archive)
/mnt/c/SerranonOS/UEFI/vUDK2017/Build/DuetPkgX64/DEBUG_GCC5/X64/MdePkg/Library/BaseLib/BaseLib/OUTPUT/BaseLib.lib(X86ReadGdtr.obj)
                              (--whole-archive)
/mnt/c/SerranonOS/UEFI/vUDK2017/Build/DuetPkgX64/DEBUG_GCC5/X64/MdePkg/Library/BaseLib/BaseLib/OUTPUT/BaseLib.lib(X86Msr.obj)
                              (--whole-archive)
/mnt/c/SerranonOS/UEFI/vUDK2017/Build/DuetPkgX64/DEBUG_GCC5/X64/MdePkg/Library/BaseLib/BaseLib/OUTPUT/BaseLib.lib(X86GetInterruptState.obj)
                              (--whole-archive)
/mnt/c/SerranonOS/UEFI/vUDK2017/Build/DuetPkgX64/DEBUG_GCC5/X64/MdePkg/Library/BaseLib/BaseLib/OUTPUT/BaseLib.lib(X86FxSave.obj)
                              (--whole-archive)
/mnt/c/SerranonOS/UEFI/vUDK2017/Build/DuetPkgX64/DEBUG_GCC5/X64/MdePkg/Library/BaseLib/BaseLib/OUTPUT/BaseLib.lib(X86FxRestore.obj)
                              (--whole-archive)
/mnt/c/SerranonOS/UEFI/vUDK2017/Build/DuetPkgX64/DEBUG_GCC5/X64/MdePkg/Library/BaseLib/BaseLib/OUTPUT/BaseLib.lib(X86EnablePaging64.obj)
                              (--whole-archive)
/mnt/c/SerranonOS/UEFI/vUDK2017/Build/DuetPkgX64/DEBUG_GCC5/X64/MdePkg/Library/BaseLib/BaseLib/OUTPUT/BaseLib.lib(X86EnablePaging32.obj)
                              (--whole-archive)
/mnt/c/SerranonOS/UEFI/vUDK2017/Build/DuetPkgX64/DEBUG_GCC5/X64/MdePkg/Library/BaseLib/BaseLib/OUTPUT/BaseLib.lib(X86DisablePaging64.obj)
                              (--whole-archive)
/mnt/c/SerranonOS/UEFI/vUDK2017/Build/DuetPkgX64/DEBUG_GCC5/X64/MdePkg/Library/BaseLib/BaseLib/OUTPUT/BaseLib.lib(X86DisablePaging32.obj)
                              (--whole-archive)
/mnt/c/SerranonOS/UEFI/vUDK2017/Build/DuetPkgX64/DEBUG_GCC5/X64/MdePkg/Library/BaseLib/BaseLib/OUTPUT/BaseLib.lib(X86RdRand.obj)
                              (--whole-archive)
/mnt/c/SerranonOS/UEFI/vUDK2017/Build/DuetPkgX64/DEBUG_GCC5/X64/MdePkg/Library/BaseLib/BaseLib/OUTPUT/BaseLib.lib(GccInline.obj)
                              (--whole-archive)
/mnt/c/SerranonOS/UEFI/vUDK2017/Build/DuetPkgX64/DEBUG_GCC5/X64/MdePkg/Library/BaseLib/BaseLib/OUTPUT/BaseLib.lib(SwitchStack.obj)
                              (--whole-archive)
/mnt/c/SerranonOS/UEFI/vUDK2017/Build/DuetPkgX64/DEBUG_GCC5/X64/MdePkg/Library/BaseLib/BaseLib/OUTPUT/BaseLib.lib(SetJump.obj)
                              (--whole-archive)
/mnt/c/SerranonOS/UEFI/vUDK2017/Build/DuetPkgX64/DEBUG_GCC5/X64/MdePkg/Library/BaseLib/BaseLib/OUTPUT/BaseLib.lib(LongJump.obj)
                              (--whole-archive)
/mnt/c/SerranonOS/UEFI/vUDK2017/Build/DuetPkgX64/DEBUG_GCC5/X64/MdePkg/Library/BaseLib/BaseLib/OUTPUT/BaseLib.lib(EnableDisableInterrupts.obj)
                              (--whole-archive)
/mnt/c/SerranonOS/UEFI/vUDK2017/Build/DuetPkgX64/DEBUG_GCC5/X64/MdePkg/Library/BaseLib/BaseLib/OUTPUT/BaseLib.lib(DisablePaging64.obj)
                              (--whole-archive)
/mnt/c/SerranonOS/UEFI/vUDK2017/Build/DuetPkgX64/DEBUG_GCC5/X64/MdePkg/Library/BaseLib/BaseLib/OUTPUT/BaseLib.lib(CpuId.obj)
                              (--whole-archive)
/mnt/c/SerranonOS/UEFI/vUDK2017/Build/DuetPkgX64/DEBUG_GCC5/X64/MdePkg/Library/BaseLib/BaseLib/OUTPUT/BaseLib.lib(CpuIdEx.obj)
                              (--whole-archive)
/mnt/c/SerranonOS/UEFI/vUDK2017/Build/DuetPkgX64/DEBUG_GCC5/X64/MdePkg/Library/BaseLib/BaseLib/OUTPUT/BaseLib.lib(EnableCache.obj)
                              (--whole-archive)
/mnt/c/SerranonOS/UEFI/vUDK2017/Build/DuetPkgX64/DEBUG_GCC5/X64/MdePkg/Library/BaseLib/BaseLib/OUTPUT/BaseLib.lib(DisableCache.obj)
                              (--whole-archive)
/mnt/c/SerranonOS/UEFI/vUDK2017/Build/DuetPkgX64/DEBUG_GCC5/X64/MdePkg/Library/BaseLib/BaseLib/OUTPUT/BaseLib.lib(RdRand.obj)
                              (--whole-archive)
/mnt/c/SerranonOS/UEFI/vUDK2017/Build/DuetPkgX64/DEBUG_GCC5/X64/MdePkg/Library/BaseLib/BaseLib/OUTPUT/BaseLib.lib(ChkStkGcc.obj)
                              (--whole-archive)
/mnt/c/SerranonOS/UEFI/vUDK2017/Build/DuetPkgX64/DEBUG_GCC5/X64/MdePkg/Library/BaseDebugLibNull/BaseDebugLibNull/OUTPUT/BaseDebugLibNull.lib(DebugLib.obj)
                              (--whole-archive)
/mnt/c/SerranonOS/UEFI/vUDK2017/Build/DuetPkgX64/DEBUG_GCC5/X64/MdePkg/Library/UefiBootServicesTableLib/UefiBootServicesTableLib/OUTPUT/UefiBootServicesTableLib.lib(UefiBootServicesTableLib.obj)
                              (--whole-archive)
/mnt/c/SerranonOS/UEFI/vUDK2017/Build/DuetPkgX64/DEBUG_GCC5/X64/MdePkg/Library/BasePrintLib/BasePrintLib/OUTPUT/BasePrintLib.lib(PrintLibInternal.obj)
                              (--whole-archive)
/mnt/c/SerranonOS/UEFI/vUDK2017/Build/DuetPkgX64/DEBUG_GCC5/X64/MdePkg/Library/BasePrintLib/BasePrintLib/OUTPUT/BasePrintLib.lib(PrintLib.obj)
                              (--whole-archive)
/mnt/c/SerranonOS/UEFI/vUDK2017/Build/DuetPkgX64/DEBUG_GCC5/X64/MdePkg/Library/UefiMemoryAllocationLib/UefiMemoryAllocationLib/OUTPUT/UefiMemoryAllocationLib.lib(MemoryAllocationLib.obj)
                              (--whole-archive)
/mnt/c/SerranonOS/UEFI/vUDK2017/Build/DuetPkgX64/DEBUG_GCC5/X64/MdePkg/Library/UefiDevicePathLib/UefiDevicePathLib/OUTPUT/UefiDevicePathLib.lib(DevicePathUtilities.obj)
                              (--whole-archive)
/mnt/c/SerranonOS/UEFI/vUDK2017/Build/DuetPkgX64/DEBUG_GCC5/X64/MdePkg/Library/UefiDevicePathLib/UefiDevicePathLib/OUTPUT/UefiDevicePathLib.lib(DevicePathToText.obj)
                              (--whole-archive)
/mnt/c/SerranonOS/UEFI/vUDK2017/Build/DuetPkgX64/DEBUG_GCC5/X64/MdePkg/Library/UefiDevicePathLib/UefiDevicePathLib/OUTPUT/UefiDevicePathLib.lib(DevicePathFromText.obj)
                              (--whole-archive)
/mnt/c/SerranonOS/UEFI/vUDK2017/Build/DuetPkgX64/DEBUG_GCC5/X64/MdePkg/Library/UefiDevicePathLib/UefiDevicePathLib/OUTPUT/UefiDevicePathLib.lib(UefiDevicePathLib.obj)
                              (--whole-archive)
/mnt/c/SerranonOS/UEFI/vUDK2017/Build/DuetPkgX64/DEBUG_GCC5/X64/MdePkg/Library/UefiRuntimeServicesTableLib/UefiRuntimeServicesTableLib/OUTPUT/UefiRuntimeServicesTableLib.lib(UefiRuntimeServicesTableLib.obj)
                              (--whole-archive)
/mnt/c/SerranonOS/UEFI/vUDK2017/Build/DuetPkgX64/DEBUG_GCC5/X64/MdePkg/Library/UefiLib/UefiLib/OUTPUT/UefiLib.lib(UefiLibPrint.obj)
                              (--whole-archive)
/mnt/c/SerranonOS/UEFI/vUDK2017/Build/DuetPkgX64/DEBUG_GCC5/X64/MdePkg/Library/UefiLib/UefiLib/OUTPUT/UefiLib.lib(UefiNotTiano.obj)
                              (--whole-archive)
/mnt/c/SerranonOS/UEFI/vUDK2017/Build/DuetPkgX64/DEBUG_GCC5/X64/MdePkg/Library/UefiLib/UefiLib/OUTPUT/UefiLib.lib(UefiDriverModel.obj)
                              (--whole-archive)
/mnt/c/SerranonOS/UEFI/vUDK2017/Build/DuetPkgX64/DEBUG_GCC5/X64/MdePkg/Library/UefiLib/UefiLib/OUTPUT/UefiLib.lib(Console.obj)
                              (--whole-archive)
/mnt/c/SerranonOS/UEFI/vUDK2017/Build/DuetPkgX64/DEBUG_GCC5/X64/MdePkg/Library/UefiLib/UefiLib/OUTPUT/UefiLib.lib(UefiLib.obj)
                              (--whole-archive)
/mnt/c/SerranonOS/UEFI/vUDK2017/Build/DuetPkgX64/DEBUG_GCC5/X64/MdePkg/Library/BaseIoLibIntrinsic/BaseIoLibIntrinsic/OUTPUT/BaseIoLibIntrinsic.lib(IoLibMmioBuffer.obj)
                              (--whole-archive)
/mnt/c/SerranonOS/UEFI/vUDK2017/Build/DuetPkgX64/DEBUG_GCC5/X64/MdePkg/Library/BaseIoLibIntrinsic/BaseIoLibIntrinsic/OUTPUT/BaseIoLibIntrinsic.lib(IoHighLevel.obj)
                              (--whole-archive)
/mnt/c/SerranonOS/UEFI/vUDK2017/Build/DuetPkgX64/DEBUG_GCC5/X64/MdePkg/Library/BaseIoLibIntrinsic/BaseIoLibIntrinsic/OUTPUT/BaseIoLibIntrinsic.lib(IoLibGcc.obj)
                              (--whole-archive)
/mnt/c/SerranonOS/UEFI/vUDK2017/Build/DuetPkgX64/DEBUG_GCC5/X64/MdePkg/Library/BaseIoLibIntrinsic/BaseIoLibIntrinsic/OUTPUT/BaseIoLibIntrinsic.lib(IoLib.obj)
                              (--whole-archive)
/mnt/c/SerranonOS/UEFI/vUDK2017/Build/DuetPkgX64/DEBUG_GCC5/X64/MdePkg/Library/BaseIoLibIntrinsic/BaseIoLibIntrinsic/OUTPUT/BaseIoLibIntrinsic.lib(IoFifo.obj)
                              (--whole-archive)
/mnt/c/SerranonOS/UEFI/vUDK2017/Build/DuetPkgX64/DEBUG_GCC5/X64/MdePkg/Library/DxeHobLib/DxeHobLib/OUTPUT/DxeHobLib.lib(HobLib.obj)
                              (--whole-archive)
/mnt/c/SerranonOS/UEFI/vUDK2017/Build/DuetPkgX64/DEBUG_GCC5/X64/MdePkg/Library/BaseReportStatusCodeLibNull/BaseReportStatusCodeLibNull/OUTPUT/BaseReportStatusCodeLibNull.lib(BaseReportStatusCodeLib.obj)
                              (--whole-archive)
/mnt/c/SerranonOS/UEFI/vUDK2017/Build/DuetPkgX64/DEBUG_GCC5/X64/MdePkg/Library/UefiDriverEntryPoint/UefiDriverEntryPoint/OUTPUT/UefiDriverEntryPoint.lib(DriverEntryPoint.obj)
                              (--whole-archive)
/mnt/c/SerranonOS/UEFI/vUDK2017/Build/DuetPkgX64/DEBUG_GCC5/X64/DuetPkg/Library/DuetTimerLib/DuetTimerLib/OUTPUT/DuetTimerLib.lib(X86TimerLib.obj)
                              (--whole-archive)
/mnt/c/SerranonOS/UEFI/vUDK2017/Build/DuetPkgX64/DEBUG_GCC5/X64/IntelFrameworkModulePkg/Bus/Isa/Ps2KeyboardDxe/Ps2keyboardDxe/OUTPUT/Ps2KeyboardDxe.lib(ComponentName.obj)
                              (--whole-archive)
/mnt/c/SerranonOS/UEFI/vUDK2017/Build/DuetPkgX64/DEBUG_GCC5/X64/IntelFrameworkModulePkg/Bus/Isa/Ps2KeyboardDxe/Ps2keyboardDxe/OUTPUT/Ps2KeyboardDxe.lib(Ps2KbdCtrller.obj)
                              (--whole-archive)
/mnt/c/SerranonOS/UEFI/vUDK2017/Build/DuetPkgX64/DEBUG_GCC5/X64/IntelFrameworkModulePkg/Bus/Isa/Ps2KeyboardDxe/Ps2keyboardDxe/OUTPUT/Ps2KeyboardDxe.lib(Ps2KbdTextIn.obj)
                              (--whole-archive)
/mnt/c/SerranonOS/UEFI/vUDK2017/Build/DuetPkgX64/DEBUG_GCC5/X64/IntelFrameworkModulePkg/Bus/Isa/Ps2KeyboardDxe/Ps2keyboardDxe/OUTPUT/Ps2KeyboardDxe.lib(Ps2Keyboard.obj)
                              (--whole-archive)
/mnt/c/SerranonOS/UEFI/vUDK2017/Build/DuetPkgX64/DEBUG_GCC5/X64/IntelFrameworkModulePkg/Bus/Isa/Ps2KeyboardDxe/Ps2keyboardDxe/OUTPUT/Ps2KeyboardDxe.lib(AutoGen.obj)
                              (--whole-archive)

Discarded input sections

 .text          0x0000000000000000        0x0 /tmp/ccl5MyuK.ltrans0.ltrans.o
 .data          0x0000000000000000        0x0 /tmp/ccl5MyuK.ltrans0.ltrans.o
 .bss           0x0000000000000000        0x0 /tmp/ccl5MyuK.ltrans0.ltrans.o
 .text.unlikely._DriverUnloadHandler
                0x0000000000000000        0x0 /tmp/ccl5MyuK.ltrans0.ltrans.o
 .text._DriverUnloadHandler
                0x0000000000000000        0x3 /tmp/ccl5MyuK.ltrans0.ltrans.o
 .text.unlikely.FreePool
                0x0000000000000000        0x0 /tmp/ccl5MyuK.ltrans0.ltrans.o
 .text.unlikely.FreeUnicodeStringTable
                0x0000000000000000        0x0 /tmp/ccl5MyuK.ltrans0.ltrans.o
 .text.unlikely.AllocateZeroPool
                0x0000000000000000        0x0 /tmp/ccl5MyuK.ltrans0.ltrans.o
 .text.unlikely.ReadUnaligned24
                0x0000000000000000        0x0 /tmp/ccl5MyuK.ltrans0.ltrans.o
 .text.unlikely.AsciiStrLen
                0x0000000000000000        0x0 /tmp/ccl5MyuK.ltrans0.ltrans.o
 .text.unlikely.AsciiStrnCmp.part.8.lto_priv.21
                0x0000000000000000        0x0 /tmp/ccl5MyuK.ltrans0.ltrans.o
 .text.unlikely.LookupUnicodeString2.part.4.lto_priv.23
                0x0000000000000000        0x0 /tmp/ccl5MyuK.ltrans0.ltrans.o
 .text.unlikely.InternalBaseLibIsListValid
                0x0000000000000000        0x0 /tmp/ccl5MyuK.ltrans0.ltrans.o
 .text.InternalBaseLibIsListValid
                0x0000000000000000       0x2e /tmp/ccl5MyuK.ltrans0.ltrans.o
 .text.unlikely.RemoveEntryList
                0x0000000000000000        0x0 /tmp/ccl5MyuK.ltrans0.ltrans.o
 .text.unlikely.IsNodeInList
                0x0000000000000000        0x0 /tmp/ccl5MyuK.ltrans0.ltrans.o
 .text.IsNodeInList
                0x0000000000000000       0x37 /tmp/ccl5MyuK.ltrans0.ltrans.o
 .text.unlikely.IsNull
                0x0000000000000000        0x0 /tmp/ccl5MyuK.ltrans0.ltrans.o
 .text.unlikely.GetNextNode
                0x0000000000000000        0x0 /tmp/ccl5MyuK.ltrans0.ltrans.o
 .text.unlikely.InternalAssertJumpBuffer
                0x0000000000000000        0x0 /tmp/ccl5MyuK.ltrans0.ltrans.o
 .text.InternalAssertJumpBuffer
                0x0000000000000000        0x1 /tmp/ccl5MyuK.ltrans0.ltrans.o
 .text.unlikely.CompareGuid
                0x0000000000000000        0x0 /tmp/ccl5MyuK.ltrans0.ltrans.o
 .text.unlikely.GetHobList
                0x0000000000000000        0x0 /tmp/ccl5MyuK.ltrans0.ltrans.o
 .text.unlikely._ModuleEntryPoint
                0x0000000000000000        0x0 /tmp/ccl5MyuK.ltrans0.ltrans.o
 .text.unlikely.CopyMem.part.0.lto_priv.20
                0x0000000000000000        0x0 /tmp/ccl5MyuK.ltrans0.ltrans.o
 .text.unlikely.AllocateCopyPool
                0x0000000000000000        0x0 /tmp/ccl5MyuK.ltrans0.ltrans.o
 .comment       0x0000000000000000       0x35 /tmp/ccl5MyuK.ltrans0.ltrans.o
 .note.GNU-stack
                0x0000000000000000        0x0 /tmp/ccl5MyuK.ltrans0.ltrans.o
 .text          0x0000000000000000        0x0 /tmp/ccl5MyuK.ltrans1.ltrans.o
 .data          0x0000000000000000        0x0 /tmp/ccl5MyuK.ltrans1.ltrans.o
 .bss           0x0000000000000000        0x0 /tmp/ccl5MyuK.ltrans1.ltrans.o
 .text.unlikely.KbdControllerDriverSupported
                0x0000000000000000        0x0 /tmp/ccl5MyuK.ltrans1.ltrans.o
 .text.unlikely.KbdControllerDriverStop
                0x0000000000000000        0x0 /tmp/ccl5MyuK.ltrans1.ltrans.o
 .text.unlikely.KbdControllerDriverStart
                0x0000000000000000        0x0 /tmp/ccl5MyuK.ltrans1.ltrans.o
 .text.unlikely.KeyNotifyProcessHandler
                0x0000000000000000        0x0 /tmp/ccl5MyuK.ltrans1.ltrans.o
 .text.unlikely.KeyboardUnregisterKeyNotify
                0x0000000000000000        0x0 /tmp/ccl5MyuK.ltrans1.ltrans.o
 .text.unlikely.KeyboardRegisterKeyNotify
                0x0000000000000000        0x0 /tmp/ccl5MyuK.ltrans1.ltrans.o
 .text.unlikely.KeyboardSetState
                0x0000000000000000        0x0 /tmp/ccl5MyuK.ltrans1.ltrans.o
 .text.unlikely.KeyboardReadKeyStrokeWorker.part.2.lto_priv.22
                0x0000000000000000        0x0 /tmp/ccl5MyuK.ltrans1.ltrans.o
 .comment       0x0000000000000000       0x35 /tmp/ccl5MyuK.ltrans1.ltrans.o
 .note.GNU-stack
                0x0000000000000000        0x0 /tmp/ccl5MyuK.ltrans1.ltrans.o
 .text          0x0000000000000000        0x0 /tmp/ccl5MyuK.ltrans2.ltrans.o
 .data          0x0000000000000000        0x0 /tmp/ccl5MyuK.ltrans2.ltrans.o
 .bss           0x0000000000000000        0x0 /tmp/ccl5MyuK.ltrans2.ltrans.o
 .text.unlikely.KeyboardEfiResetEx
                0x0000000000000000        0x0 /tmp/ccl5MyuK.ltrans2.ltrans.o
 .text.unlikely.KeyboardReadKeyStrokeEx
                0x0000000000000000        0x0 /tmp/ccl5MyuK.ltrans2.ltrans.o
 .text.unlikely.KeyboardReadKeyStroke
                0x0000000000000000        0x0 /tmp/ccl5MyuK.ltrans2.ltrans.o
 .text.unlikely.KeyboardCommand
                0x0000000000000000        0x0 /tmp/ccl5MyuK.ltrans2.ltrans.o
 .text.unlikely.KeyboardWrite
                0x0000000000000000        0x0 /tmp/ccl5MyuK.ltrans2.ltrans.o
 .text.unlikely.KeyboardWaitForValue
                0x0000000000000000        0x0 /tmp/ccl5MyuK.ltrans2.ltrans.o
 .text.unlikely.IsKeyRegistered
                0x0000000000000000        0x0 /tmp/ccl5MyuK.ltrans2.ltrans.o
 .text.unlikely.PopEfikeyBufHead
                0x0000000000000000        0x0 /tmp/ccl5MyuK.ltrans2.ltrans.o
 .text.unlikely.KeyboardWaitForKey
                0x0000000000000000        0x0 /tmp/ccl5MyuK.ltrans2.ltrans.o
 .text.unlikely.KeyboardWaitForKeyEx
                0x0000000000000000        0x0 /tmp/ccl5MyuK.ltrans2.ltrans.o
 .text.unlikely.PushEfikeyBufTail
                0x0000000000000000        0x0 /tmp/ccl5MyuK.ltrans2.ltrans.o
 .text.unlikely.UpdateStatusLights
                0x0000000000000000        0x0 /tmp/ccl5MyuK.ltrans2.ltrans.o
 .text.unlikely.KeyboardRead
                0x0000000000000000        0x0 /tmp/ccl5MyuK.ltrans2.ltrans.o
 .text.unlikely.KeyboardEfiReset
                0x0000000000000000        0x0 /tmp/ccl5MyuK.ltrans2.ltrans.o
 .comment       0x0000000000000000       0x35 /tmp/ccl5MyuK.ltrans2.ltrans.o
 .note.GNU-stack
                0x0000000000000000        0x0 /tmp/ccl5MyuK.ltrans2.ltrans.o
 .text          0x0000000000000000        0x0 /tmp/ccl5MyuK.ltrans3.ltrans.o
 .data          0x0000000000000000        0x0 /tmp/ccl5MyuK.ltrans3.ltrans.o
 .bss           0x0000000000000000        0x0 /tmp/ccl5MyuK.ltrans3.ltrans.o
 .text.unlikely.GetScancodeBufHead
                0x0000000000000000        0x0 /tmp/ccl5MyuK.ltrans3.ltrans.o
 .text.unlikely.Ps2KeyboardComponentNameGetControllerName
                0x0000000000000000        0x0 /tmp/ccl5MyuK.ltrans3.ltrans.o
 .text.unlikely.Ps2KeyboardComponentNameGetDriverName
                0x0000000000000000        0x0 /tmp/ccl5MyuK.ltrans3.ltrans.o
 .text.unlikely.KeyReadStatusRegister
                0x0000000000000000        0x0 /tmp/ccl5MyuK.ltrans3.ltrans.o
 .text.unlikely.KeyReadDataRegister
                0x0000000000000000        0x0 /tmp/ccl5MyuK.ltrans3.ltrans.o
 .text.unlikely.KeyboardTimerHandler
                0x0000000000000000        0x0 /tmp/ccl5MyuK.ltrans3.ltrans.o
 .comment       0x0000000000000000       0x35 /tmp/ccl5MyuK.ltrans3.ltrans.o
 .note.GNU-stack
                0x0000000000000000        0x0 /tmp/ccl5MyuK.ltrans3.ltrans.o
 .text          0x0000000000000000        0x0 /tmp/ccl5MyuK.ltrans4.ltrans.o
 .data          0x0000000000000000        0x0 /tmp/ccl5MyuK.ltrans4.ltrans.o
 .bss           0x0000000000000000        0x0 /tmp/ccl5MyuK.ltrans4.ltrans.o
 .text.unlikely.InternalAllocatePool.constprop.10
                0x0000000000000000        0x0 /tmp/ccl5MyuK.ltrans4.ltrans.o
 .text.unlikely.AddUnicodeString2.constprop.4
                0x0000000000000000        0x0 /tmp/ccl5MyuK.ltrans4.ltrans.o
 .text.unlikely.MicroSecondDelay.constprop.0
                0x0000000000000000        0x0 /tmp/ccl5MyuK.ltrans4.ltrans.o
 .text.unlikely.KbdFreeNotifyList
                0x0000000000000000        0x0 /tmp/ccl5MyuK.ltrans4.ltrans.o
 .rodata._gPcd_FixedAtBuild_PcdMaximumUnicodeStringLength
                0x0000000000000000        0x4 /tmp/ccl5MyuK.ltrans4.ltrans.o
 .comment       0x0000000000000000       0x35 /tmp/ccl5MyuK.ltrans4.ltrans.o
 .note.GNU-stack
                0x0000000000000000        0x0 /tmp/ccl5MyuK.ltrans4.ltrans.o
 .text          0x0000000000000000        0x0 PcdLib.obj (symbol from plugin)
 .text          0x0000000000000000        0x0 SetMem.obj (symbol from plugin)
 .text          0x0000000000000000        0x0 ScanMem64Wrapper.obj (symbol from plugin)
 .text          0x0000000000000000        0x0 ScanMem32Wrapper.obj (symbol from plugin)
 .text          0x0000000000000000        0x0 ScanMem16Wrapper.obj (symbol from plugin)
 .text          0x0000000000000000        0x0 ScanMem8Wrapper.obj (symbol from plugin)
 .text          0x0000000000000000        0x0 ZeroMemWrapper.obj (symbol from plugin)
 .text          0x0000000000000000        0x0 CompareMemWrapper.obj (symbol from plugin)
 .text          0x0000000000000000        0x0 SetMem64Wrapper.obj (symbol from plugin)
 .text          0x0000000000000000        0x0 SetMem32Wrapper.obj (symbol from plugin)
 .text          0x0000000000000000        0x0 SetMem16Wrapper.obj (symbol from plugin)
 .text          0x0000000000000000        0x0 SetMemWrapper.obj (symbol from plugin)
 .text          0x0000000000000000        0x0 CopyMemWrapper.obj (symbol from plugin)
 .text          0x0000000000000000        0x0 IsZeroBufferWrapper.obj (symbol from plugin)
 .text          0x0000000000000000        0x0 MemLibGeneric.obj (symbol from plugin)
 .text          0x0000000000000000        0x0 MemLibGuid.obj (symbol from plugin)
 .text          0x0000000000000000        0x0 CopyMem.obj (symbol from plugin)
 .text          0x0000000000000000        0x0 CheckSum.obj (symbol from plugin)
 .text          0x0000000000000000        0x0 SwitchStack.obj (symbol from plugin)
 .text          0x0000000000000000        0x0 SwapBytes64.obj (symbol from plugin)
 .text          0x0000000000000000        0x0 SwapBytes32.obj (symbol from plugin)
 .text          0x0000000000000000        0x0 SwapBytes16.obj (symbol from plugin)
 .text          0x0000000000000000        0x0 LongJump.obj (symbol from plugin)
 .text          0x0000000000000000        0x0 SetJump.obj (symbol from plugin)
 .text          0x0000000000000000        0x0 RShiftU64.obj (symbol from plugin)
 .text          0x0000000000000000        0x0 RRotU64.obj (symbol from plugin)
 .text          0x0000000000000000        0x0 RRotU32.obj (symbol from plugin)
 .text          0x0000000000000000        0x0 MultU64x64.obj (symbol from plugin)
 .text          0x0000000000000000        0x0 MultU64x32.obj (symbol from plugin)
 .text          0x0000000000000000        0x0 MultS64x64.obj (symbol from plugin)
 .text          0x0000000000000000        0x0 ModU64x32.obj (symbol from plugin)
 .text          0x0000000000000000        0x0 LShiftU64.obj (symbol from plugin)
 .text          0x0000000000000000        0x0 LRotU64.obj (symbol from plugin)
 .text          0x0000000000000000        0x0 LRotU32.obj (symbol from plugin)
 .text          0x0000000000000000        0x0 LowBitSet64.obj (symbol from plugin)
 .text          0x0000000000000000        0x0 LowBitSet32.obj (symbol from plugin)
 .text          0x0000000000000000        0x0 HighBitSet64.obj (symbol from plugin)
 .text          0x0000000000000000        0x0 HighBitSet32.obj (symbol from plugin)
 .text          0x0000000000000000        0x0 GetPowerOfTwo64.obj (symbol from plugin)
 .text          0x0000000000000000        0x0 GetPowerOfTwo32.obj (symbol from plugin)
 .text          0x0000000000000000        0x0 DivU64x64Remainder.obj (symbol from plugin)
 .text          0x0000000000000000        0x0 DivU64x32Remainder.obj (symbol from plugin)
 .text          0x0000000000000000        0x0 DivU64x32.obj (symbol from plugin)
 .text          0x0000000000000000        0x0 DivS64x64Remainder.obj (symbol from plugin)
 .text          0x0000000000000000        0x0 ARShiftU64.obj (symbol from plugin)
 .text          0x0000000000000000        0x0 BitField.obj (symbol from plugin)
 .text          0x0000000000000000        0x0 CpuDeadLoop.obj (symbol from plugin)
 .text          0x0000000000000000        0x0 Cpu.obj (symbol from plugin)
 .text          0x0000000000000000        0x0 LinkedList.obj (symbol from plugin)
 .text          0x0000000000000000        0x0 SafeString.obj (symbol from plugin)
 .text          0x0000000000000000        0x0 String.obj (symbol from plugin)
 .text          0x0000000000000000        0x0 FilePaths.obj (symbol from plugin)
 .text          0x0000000000000000      0x204 /mnt/c/SerranonOS/UEFI/vUDK2017/Build/DuetPkgX64/DEBUG_GCC5/X64/MdePkg/Library/BaseLib/BaseLib/OUTPUT/BaseLib.lib(Thunk16.obj)
 .data          0x0000000000000000        0xa /mnt/c/SerranonOS/UEFI/vUDK2017/Build/DuetPkgX64/DEBUG_GCC5/X64/MdePkg/Library/BaseLib/BaseLib/OUTPUT/BaseLib.lib(Thunk16.obj)
 .text          0x0000000000000000        0x6 /mnt/c/SerranonOS/UEFI/vUDK2017/Build/DuetPkgX64/DEBUG_GCC5/X64/MdePkg/Library/BaseLib/BaseLib/OUTPUT/BaseLib.lib(WriteTr.obj)
 .text          0x0000000000000000        0x0 Non-existing.obj (symbol from plugin)
 .text          0x0000000000000000        0x0 Math64.obj (symbol from plugin)
 .text          0x0000000000000000        0x0 Unaligned.obj (symbol from plugin)
 .text          0x0000000000000000        0x0 X86WriteIdtr.obj (symbol from plugin)
 .text          0x0000000000000000        0x0 X86WriteGdtr.obj (symbol from plugin)
 .text          0x0000000000000000        0x0 X86Thunk.obj (symbol from plugin)
 .text          0x0000000000000000        0x0 X86ReadIdtr.obj (symbol from plugin)
 .text          0x0000000000000000        0x0 X86ReadGdtr.obj (symbol from plugin)
 .text          0x0000000000000000        0x0 X86Msr.obj (symbol from plugin)
 .text          0x0000000000000000        0x0 X86GetInterruptState.obj (symbol from plugin)
 .text          0x0000000000000000        0x0 X86FxSave.obj (symbol from plugin)
 .text          0x0000000000000000        0x0 X86FxRestore.obj (symbol from plugin)
 .text          0x0000000000000000        0x0 X86EnablePaging64.obj (symbol from plugin)
 .text          0x0000000000000000        0x0 X86EnablePaging32.obj (symbol from plugin)
 .text          0x0000000000000000        0x0 X86DisablePaging64.obj (symbol from plugin)
 .text          0x0000000000000000        0x0 X86DisablePaging32.obj (symbol from plugin)
 .text          0x0000000000000000        0x0 X86RdRand.obj (symbol from plugin)
 .text          0x0000000000000000        0x0 GccInline.obj (symbol from plugin)
 .text          0x0000000000000000        0xf /mnt/c/SerranonOS/UEFI/vUDK2017/Build/DuetPkgX64/DEBUG_GCC5/X64/MdePkg/Library/BaseLib/BaseLib/OUTPUT/BaseLib.lib(SwitchStack.obj)
 .text          0x0000000000000000       0x8f /mnt/c/SerranonOS/UEFI/vUDK2017/Build/DuetPkgX64/DEBUG_GCC5/X64/MdePkg/Library/BaseLib/BaseLib/OUTPUT/BaseLib.lib(SetJump.obj)
 .text          0x0000000000000000       0x7c /mnt/c/SerranonOS/UEFI/vUDK2017/Build/DuetPkgX64/DEBUG_GCC5/X64/MdePkg/Library/BaseLib/BaseLib/OUTPUT/BaseLib.lib(LongJump.obj)
 .text          0x0000000000000000        0x3 /mnt/c/SerranonOS/UEFI/vUDK2017/Build/DuetPkgX64/DEBUG_GCC5/X64/MdePkg/Library/BaseLib/BaseLib/OUTPUT/BaseLib.lib(EnableDisableInterrupts.obj)
 .text          0x0000000000000000       0x61 /mnt/c/SerranonOS/UEFI/vUDK2017/Build/DuetPkgX64/DEBUG_GCC5/X64/MdePkg/Library/BaseLib/BaseLib/OUTPUT/BaseLib.lib(DisablePaging64.obj)
 .text          0x0000000000000000       0x27 /mnt/c/SerranonOS/UEFI/vUDK2017/Build/DuetPkgX64/DEBUG_GCC5/X64/MdePkg/Library/BaseLib/BaseLib/OUTPUT/BaseLib.lib(CpuId.obj)
 .text          0x0000000000000000       0x2f /mnt/c/SerranonOS/UEFI/vUDK2017/Build/DuetPkgX64/DEBUG_GCC5/X64/MdePkg/Library/BaseLib/BaseLib/OUTPUT/BaseLib.lib(CpuIdEx.obj)
 .text          0x0000000000000000       0x13 /mnt/c/SerranonOS/UEFI/vUDK2017/Build/DuetPkgX64/DEBUG_GCC5/X64/MdePkg/Library/BaseLib/BaseLib/OUTPUT/BaseLib.lib(EnableCache.obj)
 .text          0x0000000000000000       0x13 /mnt/c/SerranonOS/UEFI/vUDK2017/Build/DuetPkgX64/DEBUG_GCC5/X64/MdePkg/Library/BaseLib/BaseLib/OUTPUT/BaseLib.lib(DisableCache.obj)
 .text          0x0000000000000000       0x36 /mnt/c/SerranonOS/UEFI/vUDK2017/Build/DuetPkgX64/DEBUG_GCC5/X64/MdePkg/Library/BaseLib/BaseLib/OUTPUT/BaseLib.lib(RdRand.obj)
 .text          0x0000000000000000        0x0 ChkStkGcc.obj (symbol from plugin)
 .text          0x0000000000000000        0x0 DebugLib.obj (symbol from plugin)
 .text          0x0000000000000000        0x0 UefiBootServicesTableLib.obj (symbol from plugin)
 .text          0x0000000000000000        0x0 PrintLibInternal.obj (symbol from plugin)
 .text          0x0000000000000000        0x0 PrintLib.obj (symbol from plugin)
 .text          0x0000000000000000        0x0 MemoryAllocationLib.obj (symbol from plugin)
 .text          0x0000000000000000        0x0 DevicePathUtilities.obj (symbol from plugin)
 .text          0x0000000000000000        0x0 DevicePathToText.obj (symbol from plugin)
 .text          0x0000000000000000        0x0 DevicePathFromText.obj (symbol from plugin)
 .text          0x0000000000000000        0x0 UefiDevicePathLib.obj (symbol from plugin)
 .text          0x0000000000000000        0x0 UefiRuntimeServicesTableLib.obj (symbol from plugin)
 .text          0x0000000000000000        0x0 UefiLibPrint.obj (symbol from plugin)
 .text          0x0000000000000000        0x0 UefiNotTiano.obj (symbol from plugin)
 .text          0x0000000000000000        0x0 UefiDriverModel.obj (symbol from plugin)
 .text          0x0000000000000000        0x0 Console.obj (symbol from plugin)
 .text          0x0000000000000000        0x0 UefiLib.obj (symbol from plugin)
 .text          0x0000000000000000        0x0 IoLibMmioBuffer.obj (symbol from plugin)
 .text          0x0000000000000000        0x0 IoHighLevel.obj (symbol from plugin)
 .text          0x0000000000000000        0x0 IoLibGcc.obj (symbol from plugin)
 .text          0x0000000000000000        0x0 IoLib.obj (symbol from plugin)
 .text          0x0000000000000000       0x50 /mnt/c/SerranonOS/UEFI/vUDK2017/Build/DuetPkgX64/DEBUG_GCC5/X64/MdePkg/Library/BaseIoLibIntrinsic/BaseIoLibIntrinsic/OUTPUT/BaseIoLibIntrinsic.lib(IoFifo.obj)
 .text          0x0000000000000000        0x0 HobLib.obj (symbol from plugin)
 .text          0x0000000000000000        0x0 BaseReportStatusCodeLib.obj (symbol from plugin)
 .text          0x0000000000000000        0x0 DriverEntryPoint.obj (symbol from plugin)
 .text          0x0000000000000000        0x0 X86TimerLib.obj (symbol from plugin)
 .text          0x0000000000000000        0x0 ComponentName.obj (symbol from plugin)
 .text          0x0000000000000000        0x0 Ps2KbdCtrller.obj (symbol from plugin)
 .text          0x0000000000000000        0x0 Ps2KbdTextIn.obj (symbol from plugin)
 .text          0x0000000000000000        0x0 Ps2Keyboard.obj (symbol from plugin)
 .text          0x0000000000000000        0x0 AutoGen.obj (symbol from plugin)

Memory Configuration

Name             Origin             Length             Attributes
*default*        0x0000000000000000 0xffffffffffffffff

Linker script and memory map

LOAD /tmp/ccl5MyuK.ltrans0.ltrans.o
LOAD /tmp/ccl5MyuK.ltrans1.ltrans.o
LOAD /tmp/ccl5MyuK.ltrans2.ltrans.o
LOAD /tmp/ccl5MyuK.ltrans3.ltrans.o
LOAD /tmp/ccl5MyuK.ltrans4.ltrans.o
START GROUP
LOAD /mnt/c/SerranonOS/UEFI/vUDK2017/Build/DuetPkgX64/DEBUG_GCC5/X64/MdePkg/Library/BasePcdLibNull/BasePcdLibNull/OUTPUT/BasePcdLibNull.lib
LOAD /mnt/c/SerranonOS/UEFI/vUDK2017/Build/DuetPkgX64/DEBUG_GCC5/X64/MdePkg/Library/BaseMemoryLib/BaseMemoryLib/OUTPUT/BaseMemoryLib.lib
LOAD /mnt/c/SerranonOS/UEFI/vUDK2017/Build/DuetPkgX64/DEBUG_GCC5/X64/MdePkg/Library/BaseLib/BaseLib/OUTPUT/BaseLib.lib
LOAD /mnt/c/SerranonOS/UEFI/vUDK2017/Build/DuetPkgX64/DEBUG_GCC5/X64/MdePkg/Library/BaseDebugLibNull/BaseDebugLibNull/OUTPUT/BaseDebugLibNull.lib
LOAD /mnt/c/SerranonOS/UEFI/vUDK2017/Build/DuetPkgX64/DEBUG_GCC5/X64/MdePkg/Library/UefiBootServicesTableLib/UefiBootServicesTableLib/OUTPUT/UefiBootServicesTableLib.lib
LOAD /mnt/c/SerranonOS/UEFI/vUDK2017/Build/DuetPkgX64/DEBUG_GCC5/X64/MdePkg/Library/BasePrintLib/BasePrintLib/OUTPUT/BasePrintLib.lib
LOAD /mnt/c/SerranonOS/UEFI/vUDK2017/Build/DuetPkgX64/DEBUG_GCC5/X64/MdePkg/Library/UefiMemoryAllocationLib/UefiMemoryAllocationLib/OUTPUT/UefiMemoryAllocationLib.lib
LOAD /mnt/c/SerranonOS/UEFI/vUDK2017/Build/DuetPkgX64/DEBUG_GCC5/X64/MdePkg/Library/UefiDevicePathLib/UefiDevicePathLib/OUTPUT/UefiDevicePathLib.lib
LOAD /mnt/c/SerranonOS/UEFI/vUDK2017/Build/DuetPkgX64/DEBUG_GCC5/X64/MdePkg/Library/UefiRuntimeServicesTableLib/UefiRuntimeServicesTableLib/OUTPUT/UefiRuntimeServicesTableLib.lib
LOAD /mnt/c/SerranonOS/UEFI/vUDK2017/Build/DuetPkgX64/DEBUG_GCC5/X64/MdePkg/Library/UefiLib/UefiLib/OUTPUT/UefiLib.lib
LOAD /mnt/c/SerranonOS/UEFI/vUDK2017/Build/DuetPkgX64/DEBUG_GCC5/X64/MdePkg/Library/BaseIoLibIntrinsic/BaseIoLibIntrinsic/OUTPUT/BaseIoLibIntrinsic.lib
LOAD /mnt/c/SerranonOS/UEFI/vUDK2017/Build/DuetPkgX64/DEBUG_GCC5/X64/MdePkg/Library/DxeHobLib/DxeHobLib/OUTPUT/DxeHobLib.lib
LOAD /mnt/c/SerranonOS/UEFI/vUDK2017/Build/DuetPkgX64/DEBUG_GCC5/X64/MdePkg/Library/BaseReportStatusCodeLibNull/BaseReportStatusCodeLibNull/OUTPUT/BaseReportStatusCodeLibNull.lib
LOAD /mnt/c/SerranonOS/UEFI/vUDK2017/Build/DuetPkgX64/DEBUG_GCC5/X64/MdePkg/Library/UefiDriverEntryPoint/UefiDriverEntryPoint/OUTPUT/UefiDriverEntryPoint.lib
LOAD /mnt/c/SerranonOS/UEFI/vUDK2017/Build/DuetPkgX64/DEBUG_GCC5/X64/DuetPkg/Library/DuetTimerLib/DuetTimerLib/OUTPUT/DuetTimerLib.lib
LOAD /mnt/c/SerranonOS/UEFI/vUDK2017/Build/DuetPkgX64/DEBUG_GCC5/X64/IntelFrameworkModulePkg/Bus/Isa/Ps2KeyboardDxe/Ps2keyboardDxe/OUTPUT/Ps2KeyboardDxe.lib
END GROUP
                0x0000000000000228                PECOFF_HEADER_SIZE = 0x228
                0x0000000000000228                . = PECOFF_HEADER_SIZE

.text           0x0000000000000240     0x3048
 *(.text .text.* .stub .gnu.linkonce.t.*)
 .text.FreePool
                0x0000000000000240        0xa /tmp/ccl5MyuK.ltrans0.ltrans.o
                0x0000000000000240                FreePool
 .text.FreeUnicodeStringTable
                0x000000000000024a       0x46 /tmp/ccl5MyuK.ltrans0.ltrans.o
                0x000000000000024a                FreeUnicodeStringTable
 .text.AllocateZeroPool
                0x0000000000000290      0x13c /tmp/ccl5MyuK.ltrans0.ltrans.o
                0x0000000000000290                AllocateZeroPool
 .text.ReadUnaligned24
                0x00000000000003cc        0x8 /tmp/ccl5MyuK.ltrans0.ltrans.o
                0x00000000000003cc                ReadUnaligned24
 .text.AsciiStrLen
                0x00000000000003d4        0xe /tmp/ccl5MyuK.ltrans0.ltrans.o
                0x00000000000003d4                AsciiStrLen
 .text.AsciiStrnCmp.part.8.lto_priv.21
                0x00000000000003e2       0x47 /tmp/ccl5MyuK.ltrans0.ltrans.o
                0x00000000000003e2                AsciiStrnCmp.part.8.lto_priv.21
 .text.LookupUnicodeString2.part.4.lto_priv.23
                0x0000000000000429       0xf6 /tmp/ccl5MyuK.ltrans0.ltrans.o
                0x0000000000000429                LookupUnicodeString2.part.4.lto_priv.23
 .text.RemoveEntryList
                0x000000000000051f       0x19 /tmp/ccl5MyuK.ltrans0.ltrans.o
                0x000000000000051f                RemoveEntryList
 .text.IsNull   0x0000000000000538        0x7 /tmp/ccl5MyuK.ltrans0.ltrans.o
                0x0000000000000538                IsNull
 .text.GetNextNode
                0x000000000000053f        0x4 /tmp/ccl5MyuK.ltrans0.ltrans.o
                0x000000000000053f                GetNextNode
 .text.CompareGuid
                0x0000000000000543       0x19 /tmp/ccl5MyuK.ltrans0.ltrans.o
                0x0000000000000543                CompareGuid
 .text.GetHobList
                0x000000000000055c       0x64 /tmp/ccl5MyuK.ltrans0.ltrans.o
                0x000000000000055c                GetHobList
 .text._ModuleEntryPoint
                0x00000000000005c0      0x133 /tmp/ccl5MyuK.ltrans0.ltrans.o
                0x00000000000005c0                _ModuleEntryPoint
 .text.CopyMem.part.0.lto_priv.20
                0x00000000000006f3      0x1f8 /tmp/ccl5MyuK.ltrans0.ltrans.o
                0x00000000000006f3                CopyMem.part.0.lto_priv.20
 .text.AllocateCopyPool
                0x00000000000008eb      0x111 /tmp/ccl5MyuK.ltrans0.ltrans.o
                0x00000000000008eb                AllocateCopyPool
 .text.KbdControllerDriverSupported
                0x00000000000009fc       0x89 /tmp/ccl5MyuK.ltrans1.ltrans.o
                0x00000000000009fc                KbdControllerDriverSupported
 .text.KbdControllerDriverStop
                0x0000000000000a85      0x26a /tmp/ccl5MyuK.ltrans1.ltrans.o
                0x0000000000000a85                KbdControllerDriverStop
 .text.KbdControllerDriverStart
                0x0000000000000cef      0x501 /tmp/ccl5MyuK.ltrans1.ltrans.o
                0x0000000000000cef                KbdControllerDriverStart
 .text.KeyNotifyProcessHandler
                0x00000000000011f0      0x13d /tmp/ccl5MyuK.ltrans1.ltrans.o
 .text.KeyboardUnregisterKeyNotify
                0x000000000000132d       0x86 /tmp/ccl5MyuK.ltrans1.ltrans.o
 .text.KeyboardRegisterKeyNotify
                0x00000000000013b3      0x1ae /tmp/ccl5MyuK.ltrans1.ltrans.o
 .text.KeyboardSetState
                0x0000000000001561      0x151 /tmp/ccl5MyuK.ltrans1.ltrans.o
 .text.KeyboardReadKeyStrokeWorker.part.2.lto_priv.22
                0x00000000000016b2       0x74 /tmp/ccl5MyuK.ltrans1.ltrans.o
                0x00000000000016b2                KeyboardReadKeyStrokeWorker.part.2.lto_priv.22
 .text.KeyboardEfiResetEx
                0x0000000000001726       0x10 /tmp/ccl5MyuK.ltrans2.ltrans.o
                0x0000000000001726                KeyboardEfiResetEx
 .text.KeyboardReadKeyStrokeEx
                0x0000000000001736       0xb1 /tmp/ccl5MyuK.ltrans2.ltrans.o
                0x0000000000001736                KeyboardReadKeyStrokeEx
 .text.KeyboardReadKeyStroke
                0x00000000000017e7      0x10e /tmp/ccl5MyuK.ltrans2.ltrans.o
                0x00000000000017e7                KeyboardReadKeyStroke
 .text.KeyboardCommand
                0x00000000000018f5       0x9f /tmp/ccl5MyuK.ltrans2.ltrans.o
 .text.KeyboardWrite
                0x0000000000001994       0x76 /tmp/ccl5MyuK.ltrans2.ltrans.o
 .text.KeyboardWaitForValue
                0x0000000000001a0a       0x78 /tmp/ccl5MyuK.ltrans2.ltrans.o
 .text.IsKeyRegistered
                0x0000000000001a82       0x24 /tmp/ccl5MyuK.ltrans2.ltrans.o
                0x0000000000001a82                IsKeyRegistered
 .text.PopEfikeyBufHead
                0x0000000000001aa6       0x5b /tmp/ccl5MyuK.ltrans2.ltrans.o
                0x0000000000001aa6                PopEfikeyBufHead
 .text.KeyboardWaitForKey
                0x0000000000001b01      0x144 /tmp/ccl5MyuK.ltrans2.ltrans.o
                0x0000000000001b01                KeyboardWaitForKey
 .text.KeyboardWaitForKeyEx
                0x0000000000001c45        0x5 /tmp/ccl5MyuK.ltrans2.ltrans.o
                0x0000000000001c45                KeyboardWaitForKeyEx
 .text.PushEfikeyBufTail
                0x0000000000001c4a       0x60 /tmp/ccl5MyuK.ltrans2.ltrans.o
                0x0000000000001c4a                PushEfikeyBufTail
 .text.UpdateStatusLights
                0x0000000000001caa       0x7b /tmp/ccl5MyuK.ltrans2.ltrans.o
                0x0000000000001caa                UpdateStatusLights
 .text.KeyboardRead
                0x0000000000001d25       0x50 /tmp/ccl5MyuK.ltrans2.ltrans.o
                0x0000000000001d25                KeyboardRead
 .text.KeyboardEfiReset
                0x0000000000001d75      0x506 /tmp/ccl5MyuK.ltrans2.ltrans.o
                0x0000000000001d75                KeyboardEfiReset
 .text.GetScancodeBufHead
                0x000000000000227b       0x43 /tmp/ccl5MyuK.ltrans3.ltrans.o
 .text.Ps2KeyboardComponentNameGetControllerName
                0x00000000000022be      0x129 /tmp/ccl5MyuK.ltrans3.ltrans.o
                0x00000000000022be                Ps2KeyboardComponentNameGetControllerName
 .text.Ps2KeyboardComponentNameGetDriverName
                0x00000000000023e7       0x5c /tmp/ccl5MyuK.ltrans3.ltrans.o
                0x00000000000023e7                Ps2KeyboardComponentNameGetDriverName
 .text.KeyReadStatusRegister
                0x0000000000002443       0x2d /tmp/ccl5MyuK.ltrans3.ltrans.o
                0x0000000000002443                KeyReadStatusRegister
 .text.KeyReadDataRegister
                0x0000000000002470       0x2d /tmp/ccl5MyuK.ltrans3.ltrans.o
                0x0000000000002470                KeyReadDataRegister
 .text.KeyboardTimerHandler
                0x000000000000249d      0x6d5 /tmp/ccl5MyuK.ltrans3.ltrans.o
                0x000000000000249d                KeyboardTimerHandler
 .text.InternalAllocatePool.constprop.10
                0x0000000000002b72       0x37 /tmp/ccl5MyuK.ltrans4.ltrans.o
                0x0000000000002b72                InternalAllocatePool.constprop.10
 .text.AddUnicodeString2.constprop.4
                0x0000000000002ba9      0x2af /tmp/ccl5MyuK.ltrans4.ltrans.o
                0x0000000000002ba9                AddUnicodeString2.constprop.4
 .text.MicroSecondDelay.constprop.0
                0x0000000000002e58       0xb8 /tmp/ccl5MyuK.ltrans4.ltrans.o
                0x0000000000002e58                MicroSecondDelay.constprop.0
 .text.KbdFreeNotifyList
                0x0000000000002f10       0x45 /tmp/ccl5MyuK.ltrans4.ltrans.o
                0x0000000000002f10                KbdFreeNotifyList
 *(.rodata .rodata.* .gnu.linkonce.r.*)
 *fill*         0x0000000000002f55        0x1 
 .rodata.str2.2
                0x0000000000002f56       0x2a /tmp/ccl5MyuK.ltrans1.ltrans.o
 .rodata.str1.1
                0x0000000000002f80        0x4 /tmp/ccl5MyuK.ltrans1.ltrans.o
                                          0x7 (size before relaxing)
 .rodata._gDriverUnloadImageCount
                0x0000000000002f84        0x1 /tmp/ccl5MyuK.ltrans1.ltrans.o
                0x0000000000002f84                _gPcd_FixedAtBuild_PcdVerifyNodeInList
                0x0000000000002f84                _gDriverUnloadImageCount
                0x0000000000002f84                _gPcd_FixedAtBuild_PcdFastPS2Detection
                0x0000000000002f84                _gPcd_FixedAtBuild_PcdComponentName2Disable
                0x0000000000002f84                _gPcd_FixedAtBuild_PcdComponentNameDisable
 .rodata.str1.1
                0x0000000000002f85        0x7 /tmp/ccl5MyuK.ltrans3.ltrans.o
 .rodata.str2.2
                0x0000000000002f8c       0x2a /tmp/ccl5MyuK.ltrans3.ltrans.o
 *fill*         0x0000000000002fb6        0xa 
 .rodata.ConvertKeyboardScanCodeToEfiKey
                0x0000000000002fc0      0x2c8 /tmp/ccl5MyuK.ltrans3.ltrans.o
 .rodata.str2.2
                0x0000000000003288       0x2a /tmp/ccl5MyuK.ltrans4.ltrans.o
 *(.got .got.*)
 .got           0x0000000000003288        0x0 PcdLib.obj (symbol from plugin)
 .got.plt       0x0000000000003288        0x0 PcdLib.obj (symbol from plugin)
                0x0000000000003288                _GLOBAL_OFFSET_TABLE_
 *:AutoGen.obj(.data.g*Guid)

.plt            0x0000000000003290        0x0
 .plt           0x0000000000003290        0x0 PcdLib.obj (symbol from plugin)

.data           0x00000000000032c0      0x178
 *(.data .data.* .gnu.linkonce.d.*)
 .data.gEfiHobListGuid
                0x00000000000032c0       0x10 /tmp/ccl5MyuK.ltrans0.ltrans.o
 .data.gEfiComponentNameProtocolGuid
                0x00000000000032d0       0x10 /tmp/ccl5MyuK.ltrans0.ltrans.o
 .data.gEfiComponentName2ProtocolGuid
                0x00000000000032e0       0x10 /tmp/ccl5MyuK.ltrans0.ltrans.o
 .data.gEfiDriverBindingProtocolGuid
                0x00000000000032f0       0x10 /tmp/ccl5MyuK.ltrans0.ltrans.o
 .data.rel.local.gPs2KeyboardComponentName2
                0x0000000000003300       0x18 /tmp/ccl5MyuK.ltrans1.ltrans.o
                0x0000000000003300                gPs2KeyboardComponentName2
 *fill*         0x0000000000003318        0x8 
 .data.rel.local.gPs2KeyboardComponentName
                0x0000000000003320       0x18 /tmp/ccl5MyuK.ltrans1.ltrans.o
                0x0000000000003320                gPs2KeyboardComponentName
 *fill*         0x0000000000003338        0x8 
 .data.gEfiIsaIoProtocolGuid
                0x0000000000003340       0x10 /tmp/ccl5MyuK.ltrans1.ltrans.o
                0x0000000000003340                gEfiIsaIoProtocolGuid
 .data.gEfiDevicePathProtocolGuid
                0x0000000000003350       0x10 /tmp/ccl5MyuK.ltrans1.ltrans.o
 .data.gEfiSimpleTextInputExProtocolGuid
                0x0000000000003360       0x10 /tmp/ccl5MyuK.ltrans1.ltrans.o
 .data.gEfiSimpleTextInProtocolGuid
                0x0000000000003370       0x10 /tmp/ccl5MyuK.ltrans1.ltrans.o
                0x0000000000003370                gEfiSimpleTextInProtocolGuid
 .data.mWaitForValueTimeOut
                0x0000000000003380        0x8 /tmp/ccl5MyuK.ltrans2.ltrans.o
 *fill*         0x0000000000003388        0x8 
 .data.gEfiPs2PolicyProtocolGuid
                0x0000000000003390       0x10 /tmp/ccl5MyuK.ltrans2.ltrans.o
 .data.rel.local.mPs2KeyboardDriverNameTable
                0x00000000000033a0       0x20 /tmp/ccl5MyuK.ltrans3.ltrans.o
 .data.rel.local.gKeyboardControllerDriver
                0x00000000000033c0       0x30 /tmp/ccl5MyuK.ltrans3.ltrans.o
                0x00000000000033c0                gKeyboardControllerDriver
 .data.gEfiAcpiDescriptionGuid
                0x00000000000033f0       0x10 /tmp/ccl5MyuK.ltrans4.ltrans.o
 *(.bss .bss.*)
 .bss.mHobList  0x0000000000003400        0x8 /tmp/ccl5MyuK.ltrans0.ltrans.o
 .bss.gST       0x0000000000003408        0x8 /tmp/ccl5MyuK.ltrans0.ltrans.o
 .bss.gImageHandle
                0x0000000000003410        0x8 /tmp/ccl5MyuK.ltrans0.ltrans.o
 .bss.mEnableMouseInterface
                0x0000000000003418        0x1 /tmp/ccl5MyuK.ltrans2.ltrans.o
 *fill*         0x0000000000003419        0x7 
 .bss.gRT       0x0000000000003420        0x8 /tmp/ccl5MyuK.ltrans3.ltrans.o
                0x0000000000003420                gRT
 .bss.gAcpiDesc
                0x0000000000003428        0x8 /tmp/ccl5MyuK.ltrans4.ltrans.o
 .bss.gBS       0x0000000000003430        0x8 /tmp/ccl5MyuK.ltrans4.ltrans.o
                0x0000000000003430                gBS

.eh_frame       0x0000000000003440        0x0
 *(.eh_frame)
 .eh_frame      0x0000000000003440        0x0 PcdLib.obj (symbol from plugin)

.dynbss         0x0000000000003440        0x0
 .dynbss        0x0000000000003440        0x0 PcdLib.obj (symbol from plugin)

.gnu.version_d  0x0000000000003440        0x0
 .gnu.version_d
                0x0000000000003440        0x0 PcdLib.obj (symbol from plugin)

.gnu.version    0x0000000000003440        0x0
 .gnu.version   0x0000000000003440        0x0 PcdLib.obj (symbol from plugin)

.gnu.version_r  0x0000000000003440        0x0
 .gnu.version_r
                0x0000000000003440        0x0 PcdLib.obj (symbol from plugin)

.rela           0x0000000000003440      0x108
 *(.rela .rela.*)
 .rela.plt      0x0000000000003440        0x0 PcdLib.obj (symbol from plugin)
 .rela.got      0x0000000000003440        0x0 PcdLib.obj (symbol from plugin)
 .rela.bss      0x0000000000003440        0x0 PcdLib.obj (symbol from plugin)
 .rela.ifunc    0x0000000000003440        0x0 PcdLib.obj (symbol from plugin)
 .rela.text     0x0000000000003440        0x0 PcdLib.obj (symbol from plugin)
 .rela.text.FreePool
                0x0000000000003440        0x0 PcdLib.obj (symbol from plugin)
 .rela.text.AllocateZeroPool
                0x0000000000003440        0x0 PcdLib.obj (symbol from plugin)
 .rela.text.InternalBaseLibIsListValid
                0x0000000000003440        0x0 PcdLib.obj (symbol from plugin)
 .rela.text.IsNodeInList
                0x0000000000003440        0x0 PcdLib.obj (symbol from plugin)
 .rela.text._ModuleEntryPoint
                0x0000000000003440        0x0 PcdLib.obj (symbol from plugin)
 .rela.text.AllocateCopyPool
                0x0000000000003440        0x0 PcdLib.obj (symbol from plugin)
 .rela.text.KbdControllerDriverSupported
                0x0000000000003440        0x0 PcdLib.obj (symbol from plugin)
 .rela.text.KbdControllerDriverStop
                0x0000000000003440        0x0 PcdLib.obj (symbol from plugin)
 .rela.text.KbdControllerDriverStart
                0x0000000000003440        0x0 PcdLib.obj (symbol from plugin)
 .rela.text.KeyNotifyProcessHandler
                0x0000000000003440        0x0 PcdLib.obj (symbol from plugin)
 .rela.text.KeyboardUnregisterKeyNotify
                0x0000000000003440        0x0 PcdLib.obj (symbol from plugin)
 .rela.text.KeyboardRegisterKeyNotify
                0x0000000000003440        0x0 PcdLib.obj (symbol from plugin)
 .rela.text.KeyboardSetState
                0x0000000000003440        0x0 PcdLib.obj (symbol from plugin)
 .rela.text.KeyboardReadKeyStrokeWorker.part.2.lto_priv.22
                0x0000000000003440        0x0 PcdLib.obj (symbol from plugin)
 .rela.data.rel.local.gPs2KeyboardComponentName2
                0x0000000000003440       0x48 PcdLib.obj (symbol from plugin)
 .rela.data.rel.local.gPs2KeyboardComponentName
                0x0000000000003488       0x48 PcdLib.obj (symbol from plugin)
 .rela.text.KeyboardCommand
                0x00000000000034d0        0x0 PcdLib.obj (symbol from plugin)
 .rela.text.KeyboardWrite
                0x00000000000034d0        0x0 PcdLib.obj (symbol from plugin)
 .rela.text.KeyboardWaitForValue
                0x00000000000034d0        0x0 PcdLib.obj (symbol from plugin)
 .rela.text.KeyboardWaitForKey
                0x00000000000034d0        0x0 PcdLib.obj (symbol from plugin)
 .rela.text.KeyboardRead
                0x00000000000034d0        0x0 PcdLib.obj (symbol from plugin)
 .rela.text.KeyboardEfiReset
                0x00000000000034d0        0x0 PcdLib.obj (symbol from plugin)
 .rela.text.Ps2KeyboardComponentNameGetControllerName
                0x00000000000034d0        0x0 PcdLib.obj (symbol from plugin)
 .rela.text.KeyboardTimerHandler
                0x00000000000034d0        0x0 PcdLib.obj (symbol from plugin)
 .rela.data.rel.local.mPs2KeyboardDriverNameTable
                0x00000000000034d0       0x30 PcdLib.obj (symbol from plugin)
 .rela.data.rel.local.gKeyboardControllerDriver
                0x0000000000003500       0x48 PcdLib.obj (symbol from plugin)

.hii
 *(.hii)

.build-id       0x0000000000003548       0x24
 *(.note.gnu.build-id)
 .note.gnu.build-id
                0x0000000000003548       0x24 PcdLib.obj (symbol from plugin)

/DISCARD/
 *(.note.GNU-stack)
 *(.gnu_debuglink)
 *(.interp)
 *(.dynsym)
 *(.dynstr)
 *(.dynamic)
 *(.hash .gnu.hash)
 *(.comment)
 *(COMMON)
OUTPUT(/mnt/c/SerranonOS/UEFI/vUDK2017/Build/DuetPkgX64/DEBUG_GCC5/X64/IntelFrameworkModulePkg/Bus/Isa/Ps2KeyboardDxe/Ps2keyboardDxe/DEBUG/Ps2KeyboardDxe.dll elf64-x86-64)

.debug_info     0x0000000000000000     0xaf41
 .debug_info    0x0000000000000000     0x2e9e /tmp/ccl5MyuK.ltrans0.ltrans.o
 .debug_info    0x0000000000002e9e     0x1edf /tmp/ccl5MyuK.ltrans1.ltrans.o
 .debug_info    0x0000000000004d7d     0x1f36 /tmp/ccl5MyuK.ltrans2.ltrans.o
 .debug_info    0x0000000000006cb3     0x1f5f /tmp/ccl5MyuK.ltrans3.ltrans.o
 .debug_info    0x0000000000008c12     0x232f /tmp/ccl5MyuK.ltrans4.ltrans.o

.debug_abbrev   0x0000000000000000     0x12dd
 .debug_abbrev  0x0000000000000000      0x454 /tmp/ccl5MyuK.ltrans0.ltrans.o
 .debug_abbrev  0x0000000000000454      0x361 /tmp/ccl5MyuK.ltrans1.ltrans.o
 .debug_abbrev  0x00000000000007b5      0x426 /tmp/ccl5MyuK.ltrans2.ltrans.o
 .debug_abbrev  0x0000000000000bdb      0x395 /tmp/ccl5MyuK.ltrans3.ltrans.o
 .debug_abbrev  0x0000000000000f70      0x36d /tmp/ccl5MyuK.ltrans4.ltrans.o

.debug_loc      0x0000000000000000     0x5d2a
 .debug_loc     0x0000000000000000     0x1e7f /tmp/ccl5MyuK.ltrans0.ltrans.o
 .debug_loc     0x0000000000001e7f     0x1211 /tmp/ccl5MyuK.ltrans1.ltrans.o
 .debug_loc     0x0000000000003090     0x17e9 /tmp/ccl5MyuK.ltrans2.ltrans.o
 .debug_loc     0x0000000000004879      0xc43 /tmp/ccl5MyuK.ltrans3.ltrans.o
 .debug_loc     0x00000000000054bc      0x86e /tmp/ccl5MyuK.ltrans4.ltrans.o

.debug_aranges  0x0000000000000000      0x3d0
 .debug_aranges
                0x0000000000000000      0x150 /tmp/ccl5MyuK.ltrans0.ltrans.o
 .debug_aranges
                0x0000000000000150       0xa0 /tmp/ccl5MyuK.ltrans1.ltrans.o
 .debug_aranges
                0x00000000000001f0      0x100 /tmp/ccl5MyuK.ltrans2.ltrans.o
 .debug_aranges
                0x00000000000002f0       0x80 /tmp/ccl5MyuK.ltrans3.ltrans.o
 .debug_aranges
                0x0000000000000370       0x60 /tmp/ccl5MyuK.ltrans4.ltrans.o

.debug_ranges   0x0000000000000000      0xc30
 .debug_ranges  0x0000000000000000      0x290 /tmp/ccl5MyuK.ltrans0.ltrans.o
 .debug_ranges  0x0000000000000290      0x280 /tmp/ccl5MyuK.ltrans1.ltrans.o
 .debug_ranges  0x0000000000000510      0x2b0 /tmp/ccl5MyuK.ltrans2.ltrans.o
 .debug_ranges  0x00000000000007c0      0x280 /tmp/ccl5MyuK.ltrans3.ltrans.o
 .debug_ranges  0x0000000000000a40      0x1f0 /tmp/ccl5MyuK.ltrans4.ltrans.o

.debug_line     0x0000000000000000     0x280f
 .debug_line    0x0000000000000000      0x9d4 /tmp/ccl5MyuK.ltrans0.ltrans.o
 .debug_line    0x00000000000009d4      0x7a9 /tmp/ccl5MyuK.ltrans1.ltrans.o
 .debug_line    0x000000000000117d      0x7d0 /tmp/ccl5MyuK.ltrans2.ltrans.o
 .debug_line    0x000000000000194d      0x64b /tmp/ccl5MyuK.ltrans3.ltrans.o
 .debug_line    0x0000000000001f98      0x877 /tmp/ccl5MyuK.ltrans4.ltrans.o

.debug_str      0x0000000000000000     0x348b
 .debug_str     0x0000000000000000     0x1b30 /tmp/ccl5MyuK.ltrans0.ltrans.o
                                       0x1dc1 (size before relaxing)
 .debug_str     0x0000000000001b30      0xb5f /tmp/ccl5MyuK.ltrans1.ltrans.o
                                       0x1479 (size before relaxing)
 .debug_str     0x000000000000268f      0x347 /tmp/ccl5MyuK.ltrans2.ltrans.o
                                       0x11b7 (size before relaxing)
 .debug_str     0x00000000000029d6      0x223 /tmp/ccl5MyuK.ltrans3.ltrans.o
                                       0x162f (size before relaxing)
 .debug_str     0x0000000000002bf9      0x892 /tmp/ccl5MyuK.ltrans4.ltrans.o
                                       0x18a6 (size before relaxing)

.debug_frame    0x0000000000000000      0xd10
 .debug_frame   0x0000000000000000      0x338 /tmp/ccl5MyuK.ltrans0.ltrans.o
 .debug_frame   0x0000000000000338      0x348 /tmp/ccl5MyuK.ltrans1.ltrans.o
 .debug_frame   0x0000000000000680      0x408 /tmp/ccl5MyuK.ltrans2.ltrans.o
 .debug_frame   0x0000000000000a88      0x178 /tmp/ccl5MyuK.ltrans3.ltrans.o
 .debug_frame   0x0000000000000c00      0x110 /tmp/ccl5MyuK.ltrans4.ltrans.o
